Archive member included to satisfy reference by file (symbol)

c:/progra~2/gnuarm~1/102021~1.10/bin/../lib/gcc/arm-none-eabi/10.3.1/thumb/v7-m/nofp\libgcc.a(_arm_muldf3.o)
                              CMakeFiles/Firmware.elf.dir/Core/Src/cJSON.c.obj (__aeabi_dmul)
c:/progra~2/gnuarm~1/102021~1.10/bin/../lib/gcc/arm-none-eabi/10.3.1/thumb/v7-m/nofp\libgcc.a(_arm_mulsf3.o)
                              CMakeFiles/Firmware.elf.dir/Core/Src/OLED.c.obj (__aeabi_fmul)
c:/progra~2/gnuarm~1/102021~1.10/bin/../lib/gcc/arm-none-eabi/10.3.1/thumb/v7-m/nofp\libgcc.a(_arm_addsubdf3.o)
                              CMakeFiles/Firmware.elf.dir/Core/Src/cJSON.c.obj (__aeabi_dsub)
c:/progra~2/gnuarm~1/102021~1.10/bin/../lib/gcc/arm-none-eabi/10.3.1/thumb/v7-m/nofp\libgcc.a(_arm_cmpdf2.o)
                              CMakeFiles/Firmware.elf.dir/Core/Src/cJSON.c.obj (__aeabi_dcmpeq)
c:/progra~2/gnuarm~1/102021~1.10/bin/../lib/gcc/arm-none-eabi/10.3.1/thumb/v7-m/nofp\libgcc.a(_arm_fixdfsi.o)
                              CMakeFiles/Firmware.elf.dir/Core/Src/cJSON.c.obj (__aeabi_d2iz)
c:/progra~2/gnuarm~1/102021~1.10/bin/../lib/gcc/arm-none-eabi/10.3.1/thumb/v7-m/nofp\libgcc.a(_arm_addsubsf3.o)
                              CMakeFiles/Firmware.elf.dir/Core/Src/OLED.c.obj (__aeabi_fsub)
c:/progra~2/gnuarm~1/102021~1.10/bin/../lib/gcc/arm-none-eabi/10.3.1/thumb/v7-m/nofp\libgcc.a(_arm_cmpsf2.o)
                              CMakeFiles/Firmware.elf.dir/Core/Src/OLED.c.obj (__aeabi_fcmplt)
c:/progra~2/gnuarm~1/102021~1.10/bin/../lib/gcc/arm-none-eabi/10.3.1/thumb/v7-m/nofp\libgcc.a(_arm_fixsfsi.o)
                              CMakeFiles/Firmware.elf.dir/Core/Src/OLED.c.obj (__aeabi_f2iz)
c:/progra~2/gnuarm~1/102021~1.10/bin/../lib/gcc/arm-none-eabi/10.3.1/../../../../arm-none-eabi/lib/thumb/v7-m/nofp\libg.a(lib_a-atoi.o)
                              CMakeFiles/Firmware.elf.dir/NET/onenet.c.obj (atoi)
c:/progra~2/gnuarm~1/102021~1.10/bin/../lib/gcc/arm-none-eabi/10.3.1/../../../../arm-none-eabi/lib/thumb/v7-m/nofp\libg.a(lib_a-ctype_.o)
                              CMakeFiles/Firmware.elf.dir/Core/Src/cJSON.c.obj (_ctype_)
c:/progra~2/gnuarm~1/102021~1.10/bin/../lib/gcc/arm-none-eabi/10.3.1/../../../../arm-none-eabi/lib/thumb/v7-m/nofp\libg.a(lib_a-errno.o)
                              CMakeFiles/Firmware.elf.dir/Core/Src/retarget.c.obj (__errno)
c:/progra~2/gnuarm~1/102021~1.10/bin/../lib/gcc/arm-none-eabi/10.3.1/../../../../arm-none-eabi/lib/thumb/v7-m/nofp\libg.a(lib_a-exit.o)
                              c:/progra~2/gnuarm~1/102021~1.10/bin/../lib/gcc/arm-none-eabi/10.3.1/../../../../arm-none-eabi/lib/thumb/v7-m/nofp/crt0.o (exit)
c:/progra~2/gnuarm~1/102021~1.10/bin/../lib/gcc/arm-none-eabi/10.3.1/../../../../arm-none-eabi/lib/thumb/v7-m/nofp\libg.a(lib_a-impure.o)
                              c:/progra~2/gnuarm~1/102021~1.10/bin/../lib/gcc/arm-none-eabi/10.3.1/../../../../arm-none-eabi/lib/thumb/v7-m/nofp\libg.a(lib_a-exit.o) (_global_impure_ptr)
c:/progra~2/gnuarm~1/102021~1.10/bin/../lib/gcc/arm-none-eabi/10.3.1/../../../../arm-none-eabi/lib/thumb/v7-m/nofp\libg.a(lib_a-init.o)
                              c:/progra~2/gnuarm~1/102021~1.10/bin/../lib/gcc/arm-none-eabi/10.3.1/../../../../arm-none-eabi/lib/thumb/v7-m/nofp/crt0.o (__libc_init_array)
c:/progra~2/gnuarm~1/102021~1.10/bin/../lib/gcc/arm-none-eabi/10.3.1/../../../../arm-none-eabi/lib/thumb/v7-m/nofp\libg.a(lib_a-malloc.o)
                              CMakeFiles/Firmware.elf.dir/Core/Src/cJSON.c.obj (malloc)
c:/progra~2/gnuarm~1/102021~1.10/bin/../lib/gcc/arm-none-eabi/10.3.1/../../../../arm-none-eabi/lib/thumb/v7-m/nofp\libg.a(lib_a-mallocr.o)
                              c:/progra~2/gnuarm~1/102021~1.10/bin/../lib/gcc/arm-none-eabi/10.3.1/../../../../arm-none-eabi/lib/thumb/v7-m/nofp\libg.a(lib_a-malloc.o) (_malloc_r)
c:/progra~2/gnuarm~1/102021~1.10/bin/../lib/gcc/arm-none-eabi/10.3.1/../../../../arm-none-eabi/lib/thumb/v7-m/nofp\libg.a(lib_a-memcpy.o)
                              CMakeFiles/Firmware.elf.dir/Core/Src/cJSON.c.obj (memcpy)
c:/progra~2/gnuarm~1/102021~1.10/bin/../lib/gcc/arm-none-eabi/10.3.1/../../../../arm-none-eabi/lib/thumb/v7-m/nofp\libg.a(lib_a-memset.o)
                              c:/progra~2/gnuarm~1/102021~1.10/bin/../lib/gcc/arm-none-eabi/10.3.1/../../../../arm-none-eabi/lib/thumb/v7-m/nofp/crt0.o (memset)
c:/progra~2/gnuarm~1/102021~1.10/bin/../lib/gcc/arm-none-eabi/10.3.1/../../../../arm-none-eabi/lib/thumb/v7-m/nofp\libg.a(lib_a-mlock.o)
                              c:/progra~2/gnuarm~1/102021~1.10/bin/../lib/gcc/arm-none-eabi/10.3.1/../../../../arm-none-eabi/lib/thumb/v7-m/nofp\libg.a(lib_a-mallocr.o) (__malloc_lock)
c:/progra~2/gnuarm~1/102021~1.10/bin/../lib/gcc/arm-none-eabi/10.3.1/../../../../arm-none-eabi/lib/thumb/v7-m/nofp\libg.a(lib_a-printf.o)
                              CMakeFiles/Firmware.elf.dir/NET/onenet.c.obj (printf)
[...]
Memory Configuration

Name             Origin             Length             Attributes
RAM              0x20000000         0x00005000         xrw
FLASH            0x08000000         0x00020000         xr
*default*        0x00000000         0xffffffff

Linker script and memory map

LOAD c:/progra~2/gnuarm~1/102021~1.10/bin/../lib/gcc/arm-none-eabi/10.3.1/thumb/v7-m/nofp/crti.o
LOAD c:/progra~2/gnuarm~1/102021~1.10/bin/../lib/gcc/arm-none-eabi/10.3.1/thumb/v7-m/nofp/crtbegin.o
LOAD c:/progra~2/gnuarm~1/102021~1.10/bin/../lib/gcc/arm-none-eabi/10.3.1/../../../../arm-none-eabi/lib/thumb/v7-m/nofp/crt0.o
LOAD CMakeFiles/Firmware.elf.dir/Core/Src/BEEP.c.obj
LOAD CMakeFiles/Firmware.elf.dir/Core/Src/Control.c.obj
LOAD CMakeFiles/Firmware.elf.dir/Core/Src/DHT11.c.obj
LOAD CMakeFiles/Firmware.elf.dir/Core/Src/Key.c.obj
LOAD CMakeFiles/Firmware.elf.dir/Core/Src/LED.c.obj
LOAD CMakeFiles/Firmware.elf.dir/Core/Src/OLED.c.obj
LOAD CMakeFiles/Firmware.elf.dir/Core/Src/OLED_Font.c.obj
LOAD CMakeFiles/Firmware.elf.dir/Core/Src/Steer.c.obj
LOAD CMakeFiles/Firmware.elf.dir/Core/Src/adc.c.obj
LOAD CMakeFiles/Firmware.elf.dir/Core/Src/cJSON.c.obj
LOAD CMakeFiles/Firmware.elf.dir/Core/Src/gpio.c.obj
LOAD CMakeFiles/Firmware.elf.dir/Core/Src/i2c.c.obj
LOAD CMakeFiles/Firmware.elf.dir/Core/Src/main.c.obj
LOAD CMakeFiles/Firmware.elf.dir/Core/Src/retarget.c.obj
LOAD CMakeFiles/Firmware.elf.dir/Core/Src/stm32f1xx_hal_msp.c.obj
LOAD CMakeFiles/Firmware.elf.dir/Core/Src/stm32f1xx_it.c.obj
LOAD CMakeFiles/Firmware.elf.dir/Core/Src/syscalls.c.obj
LOAD CMakeFiles/Firmware.elf.dir/Core/Src/sysmem.c.obj
LOAD CMakeFiles/Firmware.elf.dir/Core/Src/system_stm32f1xx.c.obj
LOAD CMakeFiles/Firmware.elf.dir/Core/Src/tim.c.obj
LOAD CMakeFiles/Firmware.elf.dir/Core/Src/usart.c.obj
LOAD CMakeFiles/Firmware.elf.dir/Core/Startup/startup_stm32f103cbtx.s.obj
LOAD CMakeFiles/Firmware.elf.dir/Drivers/STM32F1xx_HAL_Driver/Src/stm32f1xx_hal.c.obj
LOAD CMakeFiles/Firmware.elf.dir/Drivers/STM32F1xx_HAL_Driver/Src/stm32f1xx_hal_adc.c.obj
LOAD CMakeFiles/Firmware.elf.dir/Drivers/STM32F1xx_HAL_Driver/Src/stm32f1xx_hal_adc_ex.c.obj
LOAD CMakeFiles/Firmware.elf.dir/Drivers/STM32F1xx_HAL_Driver/Src/stm32f1xx_hal_cortex.c.obj
LOAD CMakeFiles/Firmware.elf.dir/Drivers/STM32F1xx_HAL_Driver/Src/stm32f1xx_hal_dma.c.obj
LOAD CMakeFiles/Firmware.elf.dir/Drivers/STM32F1xx_HAL_Driver/Src/stm32f1xx_hal_exti.c.obj
LOAD CMakeFiles/Firmware.elf.dir/Drivers/STM32F1xx_HAL_Driver/Src/stm32f1xx_hal_flash.c.obj
LOAD CMakeFiles/Firmware.elf.dir/Drivers/STM32F1xx_HAL_Driver/Src/stm32f1xx_hal_flash_ex.c.obj
LOAD CMakeFiles/Firmware.elf.dir/Drivers/STM32F1xx_HAL_Driver/Src/stm32f1xx_hal_gpio.c.obj
LOAD CMakeFiles/Firmware.elf.dir/Drivers/STM32F1xx_HAL_Driver/Src/stm32f1xx_hal_gpio_ex.c.obj
LOAD CMakeFiles/Firmware.elf.dir/Drivers/STM32F1xx_HAL_Driver/Src/stm32f1xx_hal_i2c.c.obj
LOAD CMakeFiles/Firmware.elf.dir/Drivers/STM32F1xx_HAL_Driver/Src/stm32f1xx_hal_pwr.c.obj
LOAD CMakeFiles/Firmware.elf.dir/Drivers/STM32F1xx_HAL_Driver/Src/stm32f1xx_hal_rcc.c.obj
LOAD CMakeFiles/Firmware.elf.dir/Drivers/STM32F1xx_HAL_Driver/Src/stm32f1xx_hal_rcc_ex.c.obj
LOAD CMakeFiles/Firmware.elf.dir/Drivers/STM32F1xx_HAL_Driver/Src/stm32f1xx_hal_tim.c.obj
LOAD CMakeFiles/Firmware.elf.dir/Drivers/STM32F1xx_HAL_Driver/Src/stm32f1xx_hal_tim_ex.c.obj
LOAD CMakeFiles/Firmware.elf.dir/Drivers/STM32F1xx_HAL_Driver/Src/stm32f1xx_hal_uart.c.obj
LOAD CMakeFiles/Firmware.elf.dir/NET/MqttKit.c.obj
LOAD CMakeFiles/Firmware.elf.dir/NET/esp8266.c.obj
LOAD CMakeFiles/Firmware.elf.dir/NET/onenet.c.obj
START GROUP
LOAD c:/progra~2/gnuarm~1/102021~1.10/bin/../lib/gcc/arm-none-eabi/10.3.1/thumb/v7-m/nofp\libgcc.a
LOAD c:/progra~2/gnuarm~1/102021~1.10/bin/../lib/gcc/arm-none-eabi/10.3.1/../../../../arm-none-eabi/lib/thumb/v7-m/nofp\libg.a
LOAD c:/progra~2/gnuarm~1/102021~1.10/bin/../lib/gcc/arm-none-eabi/10.3.1/../../../../arm-none-eabi/lib/thumb/v7-m/nofp\libc.a
END GROUP
LOAD c:/progra~2/gnuarm~1/102021~1.10/bin/../lib/gcc/arm-none-eabi/10.3.1/thumb/v7-m/nofp/crtend.o
LOAD c:/progra~2/gnuarm~1/102021~1.10/bin/../lib/gcc/arm-none-eabi/10.3.1/thumb/v7-m/nofp/crtn.o
                0x20005000                _estack = (ORIGIN (RAM) + LENGTH (RAM))
                0x00000200                _Min_Heap_Size = 0x200
                0x00000400                _Min_Stack_Size = 0x400

.isr_vector     0x08000000      0x10c
                0x08000000                . = ALIGN (0x4)
 *(.isr_vector)
 .isr_vector    0x08000000      0x10c CMakeFiles/Firmware.elf.dir/Core/Startup/startup_stm32f103cbtx.s.obj
                0x08000000                g_pfnVectors
                0x0800010c                . = ALIGN (0x4)

.text           0x08000110     0xfb74
                0x08000110                . = ALIGN (0x4)
 *(.text)
 .text          0x08000110       0x40 c:/progra~2/gnuarm~1/102021~1.10/bin/../lib/gcc/arm-none-eabi/10.3.1/thumb/v7-m/nofp/crtbegin.o
 .text          0x08000150      0x378 c:/progra~2/gnuarm~1/102021~1.10/bin/../lib/gcc/arm-none-eabi/10.3.1/thumb/v7-m/nofp\libgcc.a(_arm_addsubdf3.o)
                0x08000150                __aeabi_drsub
                0x08000158                __aeabi_dsub
                0x08000158                __subdf3
                0x0800015c                __aeabi_dadd
                0x0800015c                __adddf3
                0x080003d4                __floatunsidf
                0x080003d4                __aeabi_ui2d
                0x080003f4                __floatsidf
                0x080003f4                __aeabi_i2d
                0x08000418                __aeabi_f2d
                0x08000418                __extendsfdf2
                0x0800045c                __floatundidf
                0x0800045c                __aeabi_ul2d
                0x0800046c                __floatdidf
                0x0800046c                __aeabi_l2d
 .text          0x080004c8      0x110 c:/progra~2/gnuarm~1/102021~1.10/bin/../lib/gcc/arm-none-eabi/10.3.1/thumb/v7-m/nofp\libgcc.a(_arm_cmpdf2.o)
                0x080004c8                __gtdf2
                0x080004c8                __gedf2
                0x080004d0                __ltdf2
                0x080004d0                __ledf2
                0x080004d8                __nedf2
                0x080004d8                __eqdf2
                0x080004d8                __cmpdf2
                0x08000554                __aeabi_cdrcmple
                0x08000564                __aeabi_cdcmpeq
                0x08000564                __aeabi_cdcmple
                0x08000574                __aeabi_dcmpeq
                0x08000588                __aeabi_dcmplt
                0x0800059c                __aeabi_dcmple
                0x080005b0                __aeabi_dcmpge
                0x080005c4                __aeabi_dcmpgt
 .text          0x080005d8       0x50 c:/progra~2/gnuarm~1/102021~1.10/bin/../lib/gcc/arm-none-eabi/10.3.1/thumb/v7-m/nofp\libgcc.a(_arm_fixdfsi.o)
                0x080005d8                __aeabi_d2iz
                0x080005d8                __fixdfsi
 .text          0x08000628       0xec c:/progra~2/gnuarm~1/102021~1.10/bin/../lib/gcc/arm-none-eabi/10.3.1/../../../../arm-none-eabi/lib/thumb/v7-m/nofp\libg.a(lib_a-memcpy.o)
                0x08000628                memcpy
 .text          0x08000714      0x1bc c:/progra~2/gnuarm~1/102021~1.10/bin/../lib/gcc/arm-none-eabi/10.3.1/../../../../arm-none-eabi/lib/thumb/v7-m/nofp\libg.a(lib_a-strcmp.o)
                0x08000714                strcmp
 .text          0x080008d0      0x424 c:/progra~2/gnuarm~1/102021~1.10/bin/../lib/gcc/arm-none-eabi/10.3.1/thumb/v7-m/nofp\libgcc.a(_arm_muldivdf3.o)
                0x080008d0                __aeabi_dmul
                0x080008d0                __muldf3
                0x08000b24                __divdf3
                0x08000b24                __aeabi_ddiv
 .text          0x08000cf4       0x2c c:/progra~2/gnuarm~1/102021~1.10/bin/../lib/gcc/arm-none-eabi/10.3.1/thumb/v7-m/nofp\libgcc.a(_arm_unorddf2.o)
                0x08000cf4                __unorddf2
                0x08000cf4                __aeabi_dcmpun
 .text          0x08000d20       0x30 c:/progra~2/gnuarm~1/102021~1.10/bin/../lib/gcc/arm-none-eabi/10.3.1/thumb/v7-m/nofp\libgcc.a(_aeabi_uldivmod.o)
                0x08000d20                __aeabi_uldivmod
 .text          0x08000d50      0x2d4 c:/progra~2/gnuarm~1/102021~1.10/bin/../lib/gcc/arm-none-eabi/10.3.1/thumb/v7-m/nofp\libgcc.a(_udivmoddi4.o)
                0x08000d50                __udivmoddi4
 .text          0x08001024        0x4 c:/progra~2/gnuarm~1/102021~1.10/bin/../lib/gcc/arm-none-eabi/10.3.1/thumb/v7-m/nofp\libgcc.a(_dvmd_tls.o)
                0x08001024                __aeabi_idiv0
                0x08001024                __aeabi_ldiv0
 *(.text*)
 .text.BEEP_Init
                0x08001028       0x14 CMakeFiles/Firmware.elf.dir/Core/Src/BEEP.c.obj
                0x08001028                BEEP_Init
 .text.BEEP_On  0x0800103c       0x14 CMakeFiles/Firmware.elf.dir/Core/Src/BEEP.c.obj
                0x0800103c                BEEP_On
 .text.BEEP_Off
                0x08001050       0x14 CMakeFiles/Firmware.elf.dir/Core/Src/BEEP.c.obj
                0x08001050                BEEP_Off
 .text.Steer_Angle
                0x08001064       0x2c CMakeFiles/Firmware.elf.dir/Core/Src/Control.c.obj
                0x08001064                Steer_Angle
 .text.Steer_Init
                0x08001090       0x18 CMakeFiles/Firmware.elf.dir/Core/Src/Control.c.obj
                0x08001090                Steer_Init
 .text.ADC_Read_Channel
                0x080010a8       0x4c CMakeFiles/Firmware.elf.dir/Core/Src/Control.c.obj
                0x080010a8                ADC_Read_Channel
 .text.MQ_Check
                0x080010f4       0x4c CMakeFiles/Firmware.elf.dir/Core/Src/Control.c.obj
                0x080010f4                MQ_Check
 .text.Tem_Check
                0x08001140       0x34 CMakeFiles/Firmware.elf.dir/Core/Src/Control.c.obj
                0x08001140                Tem_Check
 .text.FUN_Cotrol
                0x08001174       0x30 CMakeFiles/Firmware.elf.dir/Core/Src/Control.c.obj
                0x08001174                FUN_Cotrol
 .text.Water_Cotrol
                0x080011a4       0x30 CMakeFiles/Firmware.elf.dir/Core/Src/Control.c.obj
                0x080011a4                Water_Cotrol
 .text.Update_System_Status
                0x080011d4       0xe4 CMakeFiles/Firmware.elf.dir/Core/Src/Control.c.obj
                0x080011d4                Update_System_Status
 .text.OLED_Show
                0x080012b8      0x144 CMakeFiles/Firmware.elf.dir/Core/Src/Control.c.obj
                0x080012b8                OLED_Show
 .text.Delay_us
                0x080013fc       0x50 CMakeFiles/Firmware.elf.dir/Core/Src/DHT11.c.obj
                0x080013fc                Delay_us
 .text.DHT11_OUT
                0x0800144c       0x2c CMakeFiles/Firmware.elf.dir/Core/Src/DHT11.c.obj
                0x0800144c                DHT11_OUT
 .text.DHT11_IN
                0x08001478       0x28 CMakeFiles/Firmware.elf.dir/Core/Src/DHT11.c.obj
                0x08001478                DHT11_IN
 .text.DHT11_Strat
                0x080014a0       0x30 CMakeFiles/Firmware.elf.dir/Core/Src/DHT11.c.obj
                0x080014a0                DHT11_Strat
 .text.DHT11_Check
                0x080014d0       0x58 CMakeFiles/Firmware.elf.dir/Core/Src/DHT11.c.obj
                0x080014d0                DHT11_Check
 .text.DHT11_Read_Bit
                0x08001528       0x54 CMakeFiles/Firmware.elf.dir/Core/Src/DHT11.c.obj
                0x08001528                DHT11_Read_Bit
 .text.DHT11_Read_Byte
                0x0800157c       0x1e CMakeFiles/Firmware.elf.dir/Core/Src/DHT11.c.obj
                0x0800157c                DHT11_Read_Byte
 .text.DHT11_Read_Data
                0x0800159a       0x5c CMakeFiles/Firmware.elf.dir/Core/Src/DHT11.c.obj
                0x0800159a                DHT11_Read_Data
 *fill*         0x080015f6        0x2 
 .text.HAL_GPIO_EXTI_Callback
                0x080015f8      0x18c CMakeFiles/Firmware.elf.dir/Core/Src/Key.c.obj
                0x080015f8                HAL_GPIO_EXTI_Callback
 .text.OLED_WR_CMD
                0x08001784       0x2c CMakeFiles/Firmware.elf.dir/Core/Src/OLED.c.obj
                0x08001784                OLED_WR_CMD
 .text.OLED_Init
                0x080017b0       0x24 CMakeFiles/Firmware.elf.dir/Core/Src/OLED.c.obj
                0x080017b0                OLED_Init
 .text.OLED_WR_DATA
                0x080017d4       0x2c CMakeFiles/Firmware.elf.dir/Core/Src/OLED.c.obj
                0x080017d4                OLED_WR_DATA
 .text.OLED_Clear
                0x08001800       0x3a CMakeFiles/Firmware.elf.dir/Core/Src/OLED.c.obj
                0x08001800                OLED_Clear
 .text.OLED_Set_Pos
                0x0800183a       0x22 CMakeFiles/Firmware.elf.dir/Core/Src/OLED.c.obj
                0x0800183a                OLED_Set_Pos
 .text.oled_pow
                0x0800185c       0x16 CMakeFiles/Firmware.elf.dir/Core/Src/OLED.c.obj
                0x0800185c                oled_pow
 *fill*         0x08001872        0x2 
 .text.OLED_ShowChar
                0x08001874       0xe0 CMakeFiles/Firmware.elf.dir/Core/Src/OLED.c.obj
                0x08001874                OLED_ShowChar
 .text.OLED_ShowString
                0x08001954       0x66 CMakeFiles/Firmware.elf.dir/Core/Src/OLED.c.obj
                0x08001954                OLED_ShowString
 *fill*         0x080019ba        0x2 
 .text.OLED_ShowNum
                0x080019bc       0x9c CMakeFiles/Firmware.elf.dir/Core/Src/OLED.c.obj
                0x080019bc                OLED_ShowNum
 .text.MX_ADC1_Init
                0x08001a58       0x5c CMakeFiles/Firmware.elf.dir/Core/Src/adc.c.obj
                0x08001a58                MX_ADC1_Init
 .text.HAL_ADC_MspInit
                0x08001ab4       0x60 CMakeFiles/Firmware.elf.dir/Core/Src/adc.c.obj
                0x08001ab4                HAL_ADC_MspInit
 .text.cJSON_strcasecmp
                0x08001b14       0x5c CMakeFiles/Firmware.elf.dir/Core/Src/cJSON.c.obj
 .text.parse_hex4
                0x08001b70       0xd8 CMakeFiles/Firmware.elf.dir/Core/Src/cJSON.c.obj
 .text.parse_string
                0x08001c48      0x1c8 CMakeFiles/Firmware.elf.dir/Core/Src/cJSON.c.obj
 .text.skip     0x08001e10       0x10 CMakeFiles/Firmware.elf.dir/Core/Src/cJSON.c.obj
 .text.cJSON_New_Item
                0x08001e20       0x20 CMakeFiles/Firmware.elf.dir/Core/Src/cJSON.c.obj
 .text.parse_number
                0x08001e40      0x1ac CMakeFiles/Firmware.elf.dir/Core/Src/cJSON.c.obj
 .text.parse_value
                0x08001fec       0xa8 CMakeFiles/Firmware.elf.dir/Core/Src/cJSON.c.obj
 .text.parse_array
                0x08002094       0x98 CMakeFiles/Firmware.elf.dir/Core/Src/cJSON.c.obj
 .text.parse_object
                0x0800212c       0xf8 CMakeFiles/Firmware.elf.dir/Core/Src/cJSON.c.obj
 .text.cJSON_GetErrorPtr
                0x08002224        0xc CMakeFiles/Firmware.elf.dir/Core/Src/cJSON.c.obj
                0x08002224                cJSON_GetErrorPtr
 .text.cJSON_Delete
                0x08002230       0x54 CMakeFiles/Firmware.elf.dir/Core/Src/cJSON.c.obj
                0x08002230                cJSON_Delete
 .text.cJSON_ParseWithOpts
                0x08002284       0x58 CMakeFiles/Firmware.elf.dir/Core/Src/cJSON.c.obj
                0x08002284                cJSON_ParseWithOpts
 .text.cJSON_Parse
                0x080022dc        0xc CMakeFiles/Firmware.elf.dir/Core/Src/cJSON.c.obj
                0x080022dc                cJSON_Parse
 .text.cJSON_GetObjectItem
                0x080022e8       0x1c CMakeFiles/Firmware.elf.dir/Core/Src/cJSON.c.obj
                0x080022e8                cJSON_GetObjectItem
 .text.MX_GPIO_Init
                0x08002304      0x13c CMakeFiles/Firmware.elf.dir/Core/Src/gpio.c.obj
                0x08002304                MX_GPIO_Init
 .text.MX_I2C1_Init
                0x08002440       0x3c CMakeFiles/Firmware.elf.dir/Core/Src/i2c.c.obj
                0x08002440                MX_I2C1_Init
 .text.HAL_I2C_MspInit
                0x0800247c       0x64 CMakeFiles/Firmware.elf.dir/Core/Src/i2c.c.obj
                0x0800247c                HAL_I2C_MspInit
 .text.HAL_UART_RxCpltCallback
                0x080024e0       0x44 CMakeFiles/Firmware.elf.dir/Core/Src/main.c.obj
                0x080024e0                HAL_UART_RxCpltCallback
 .text.Error_Handler
                0x08002524        0x4 CMakeFiles/Firmware.elf.dir/Core/Src/main.c.obj
                0x08002524                Error_Handler
 .text.SystemClock_Config
                0x08002528       0x84 CMakeFiles/Firmware.elf.dir/Core/Src/main.c.obj
                0x08002528                SystemClock_Config
 .text.main     0x080025ac      0x17c CMakeFiles/Firmware.elf.dir/Core/Src/main.c.obj
                0x080025ac                main
 .text.RetargetInit
                0x08002728       0x20 CMakeFiles/Firmware.elf.dir/Core/Src/retarget.c.obj
                0x08002728                RetargetInit
 .text._isatty  0x08002748       0x16 CMakeFiles/Firmware.elf.dir/Core/Src/retarget.c.obj
                0x08002748                _isatty
 *fill*         0x0800275e        0x2 
 .text._write   0x08002760       0x34 CMakeFiles/Firmware.elf.dir/Core/Src/retarget.c.obj
                0x08002760                _write
 .text._close   0x08002794       0x18 CMakeFiles/Firmware.elf.dir/Core/Src/retarget.c.obj
                0x08002794                _close
 .text._lseek   0x080027ac       0x10 CMakeFiles/Firmware.elf.dir/Core/Src/retarget.c.obj
                0x080027ac                _lseek
 .text._read    0x080027bc       0x30 CMakeFiles/Firmware.elf.dir/Core/Src/retarget.c.obj
                0x080027bc                _read
 .text._fstat   0x080027ec       0x1a CMakeFiles/Firmware.elf.dir/Core/Src/retarget.c.obj
                0x080027ec                _fstat
 *fill*         0x08002806        0x2 
 .text.HAL_MspInit
                0x08002808       0x44 CMakeFiles/Firmware.elf.dir/Core/Src/stm32f1xx_hal_msp.c.obj
                0x08002808                HAL_MspInit
 .text.NMI_Handler
                0x0800284c        0x2 CMakeFiles/Firmware.elf.dir/Core/Src/stm32f1xx_it.c.obj
                0x0800284c                NMI_Handler
 .text.HardFault_Handler
                0x0800284e        0x2 CMakeFiles/Firmware.elf.dir/Core/Src/stm32f1xx_it.c.obj
                0x0800284e                HardFault_Handler
 .text.MemManage_Handler
                0x08002850        0x2 CMakeFiles/Firmware.elf.dir/Core/Src/stm32f1xx_it.c.obj
                0x08002850                MemManage_Handler
 .text.BusFault_Handler
                0x08002852        0x2 CMakeFiles/Firmware.elf.dir/Core/Src/stm32f1xx_it.c.obj
                0x08002852                BusFault_Handler
 .text.UsageFault_Handler
                0x08002854        0x2 CMakeFiles/Firmware.elf.dir/Core/Src/stm32f1xx_it.c.obj
                0x08002854                UsageFault_Handler
 .text.SVC_Handler
                0x08002856        0x2 CMakeFiles/Firmware.elf.dir/Core/Src/stm32f1xx_it.c.obj
                0x08002856                SVC_Handler
 .text.DebugMon_Handler
                0x08002858        0x2 CMakeFiles/Firmware.elf.dir/Core/Src/stm32f1xx_it.c.obj
                0x08002858                DebugMon_Handler
 .text.PendSV_Handler
                0x0800285a        0x2 CMakeFiles/Firmware.elf.dir/Core/Src/stm32f1xx_it.c.obj
                0x0800285a                PendSV_Handler
 .text.SysTick_Handler
                0x0800285c        0x8 CMakeFiles/Firmware.elf.dir/Core/Src/stm32f1xx_it.c.obj
                0x0800285c                SysTick_Handler
 .text.EXTI4_IRQHandler
                0x08002864        0xa CMakeFiles/Firmware.elf.dir/Core/Src/stm32f1xx_it.c.obj
                0x08002864                EXTI4_IRQHandler
 .text.EXTI9_5_IRQHandler
                0x0800286e       0x1a CMakeFiles/Firmware.elf.dir/Core/Src/stm32f1xx_it.c.obj
                0x0800286e                EXTI9_5_IRQHandler
 .text.USART2_IRQHandler
                0x08002888       0x10 CMakeFiles/Firmware.elf.dir/Core/Src/stm32f1xx_it.c.obj
                0x08002888                USART2_IRQHandler
 .text.EXTI15_10_IRQHandler
                0x08002898        0xc CMakeFiles/Firmware.elf.dir/Core/Src/stm32f1xx_it.c.obj
                0x08002898                EXTI15_10_IRQHandler
 .text._getpid  0x080028a4        0x4 CMakeFiles/Firmware.elf.dir/Core/Src/syscalls.c.obj
                0x080028a4                _getpid
 .text._kill    0x080028a8       0x10 CMakeFiles/Firmware.elf.dir/Core/Src/syscalls.c.obj
                0x080028a8                _kill
 .text._exit    0x080028b8        0xc CMakeFiles/Firmware.elf.dir/Core/Src/syscalls.c.obj
                0x080028b8                _exit
 .text._sbrk    0x080028c4       0x48 CMakeFiles/Firmware.elf.dir/Core/Src/sysmem.c.obj
                0x080028c4                _sbrk
 .text.SystemInit
                0x0800290c        0x2 CMakeFiles/Firmware.elf.dir/Core/Src/system_stm32f1xx.c.obj
                0x0800290c                SystemInit
 .text.HAL_TIM_Base_MspInit
                0x0800290e       0x26 CMakeFiles/Firmware.elf.dir/Core/Src/tim.c.obj
                0x0800290e                HAL_TIM_Base_MspInit
 .text.HAL_TIM_MspPostInit
                0x08002934       0x64 CMakeFiles/Firmware.elf.dir/Core/Src/tim.c.obj
                0x08002934                HAL_TIM_MspPostInit
 .text.MX_TIM2_Init
                0x08002998       0xb0 CMakeFiles/Firmware.elf.dir/Core/Src/tim.c.obj
                0x08002998                MX_TIM2_Init
 .text.MX_USART1_UART_Init
                0x08002a48       0x34 CMakeFiles/Firmware.elf.dir/Core/Src/usart.c.obj
                0x08002a48                MX_USART1_UART_Init
 .text.MX_USART2_UART_Init
                0x08002a7c       0x50 CMakeFiles/Firmware.elf.dir/Core/Src/usart.c.obj
                0x08002a7c                MX_USART2_UART_Init
 .text.HAL_UART_MspInit
                0x08002acc       0xe4 CMakeFiles/Firmware.elf.dir/Core/Src/usart.c.obj
                0x08002acc                HAL_UART_MspInit
 .text.Usart_SendString
                0x08002bb0       0x34 CMakeFiles/Firmware.elf.dir/Core/Src/usart.c.obj
                0x08002bb0                Usart_SendString
 .text.Reset_Handler
                0x08002be4       0x48 CMakeFiles/Firmware.elf.dir/Core/Startup/startup_stm32f103cbtx.s.obj
                0x08002be4                Reset_Handler
 .text.Default_Handler
                0x08002c2c        0x2 CMakeFiles/Firmware.elf.dir/Core/Startup/startup_stm32f103cbtx.s.obj
                0x08002c2c                RTC_Alarm_IRQHandler
                0x08002c2c                EXTI2_IRQHandler
                0x08002c2c                TIM1_CC_IRQHandler
                0x08002c2c                PVD_IRQHandler
                0x08002c2c                EXTI3_IRQHandler
                0x08002c2c                EXTI0_IRQHandler
                0x08002c2c                I2C2_EV_IRQHandler
                0x08002c2c                ADC1_2_IRQHandler
                0x08002c2c                SPI1_IRQHandler
                0x08002c2c                TAMPER_IRQHandler
                0x08002c2c                DMA1_Channel4_IRQHandler
                0x08002c2c                USART3_IRQHandler
                0x08002c2c                RTC_IRQHandler
                0x08002c2c                DMA1_Channel7_IRQHandler
                0x08002c2c                CAN1_RX1_IRQHandler
                0x08002c2c                TIM4_IRQHandler
                0x08002c2c                I2C1_EV_IRQHandler
                0x08002c2c                DMA1_Channel6_IRQHandler
                0x08002c2c                TIM3_IRQHandler
                0x08002c2c                RCC_IRQHandler
                0x08002c2c                TIM1_TRG_COM_IRQHandler
                0x08002c2c                DMA1_Channel1_IRQHandler
                0x08002c2c                Default_Handler
                0x08002c2c                SPI2_IRQHandler
                0x08002c2c                DMA1_Channel5_IRQHandler
                0x08002c2c                USB_LP_CAN1_RX0_IRQHandler
                0x08002c2c                USB_HP_CAN1_TX_IRQHandler
                0x08002c2c                DMA1_Channel3_IRQHandler
                0x08002c2c                TIM1_UP_IRQHandler
                0x08002c2c                WWDG_IRQHandler
                0x08002c2c                TIM2_IRQHandler
                0x08002c2c                TIM1_BRK_IRQHandler
                0x08002c2c                EXTI1_IRQHandler
                0x08002c2c                I2C2_ER_IRQHandler
                0x08002c2c                DMA1_Channel2_IRQHandler
                0x08002c2c                CAN1_SCE_IRQHandler
                0x08002c2c                FLASH_IRQHandler
                0x08002c2c                USART1_IRQHandler
                0x08002c2c                I2C1_ER_IRQHandler
                0x08002c2c                USBWakeUp_IRQHandler
 *fill*         0x08002c2e        0x2 
 .text.HAL_InitTick
                0x08002c30       0x4c CMakeFiles/Firmware.elf.dir/Drivers/STM32F1xx_HAL_Driver/Src/stm32f1xx_hal.c.obj
                0x08002c30                HAL_InitTick
 .text.HAL_Init
                0x08002c7c       0x24 CMakeFiles/Firmware.elf.dir/Drivers/STM32F1xx_HAL_Driver/Src/stm32f1xx_hal.c.obj
                0x08002c7c                HAL_Init
 .text.HAL_IncTick
                0x08002ca0       0x18 CMakeFiles/Firmware.elf.dir/Drivers/STM32F1xx_HAL_Driver/Src/stm32f1xx_hal.c.obj
                0x08002ca0                HAL_IncTick
 .text.HAL_GetTick
                0x08002cb8        0xc CMakeFiles/Firmware.elf.dir/Drivers/STM32F1xx_HAL_Driver/Src/stm32f1xx_hal.c.obj
                0x08002cb8                HAL_GetTick
 .text.HAL_Delay
                0x08002cc4       0x28 CMakeFiles/Firmware.elf.dir/Drivers/STM32F1xx_HAL_Driver/Src/stm32f1xx_hal.c.obj
                0x08002cc4                HAL_Delay
 .text.HAL_ADC_PollForConversion
                0x08002cec      0x184 CMakeFiles/Firmware.elf.dir/Drivers/STM32F1xx_HAL_Driver/Src/stm32f1xx_hal_adc.c.obj
                0x08002cec                HAL_ADC_PollForConversion
 .text.HAL_ADC_GetValue
                0x08002e70        0x6 CMakeFiles/Firmware.elf.dir/Drivers/STM32F1xx_HAL_Driver/Src/stm32f1xx_hal_adc.c.obj
                0x08002e70                HAL_ADC_GetValue
 *fill*         0x08002e76        0x2 
 .text.HAL_ADC_ConfigChannel
                0x08002e78      0x144 CMakeFiles/Firmware.elf.dir/Drivers/STM32F1xx_HAL_Driver/Src/stm32f1xx_hal_adc.c.obj
                0x08002e78                HAL_ADC_ConfigChannel
 .text.HAL_ADC_GetState
                0x08002fbc        0x4 CMakeFiles/Firmware.elf.dir/Drivers/STM32F1xx_HAL_Driver/Src/stm32f1xx_hal_adc.c.obj
                0x08002fbc                HAL_ADC_GetState
 .text.ADC_Enable
                0x08002fc0       0x88 CMakeFiles/Firmware.elf.dir/Drivers/STM32F1xx_HAL_Driver/Src/stm32f1xx_hal_adc.c.obj
                0x08002fc0                ADC_Enable
 .text.HAL_ADC_Start
                0x08003048       0xe8 CMakeFiles/Firmware.elf.dir/Drivers/STM32F1xx_HAL_Driver/Src/stm32f1xx_hal_adc.c.obj
                0x08003048                HAL_ADC_Start
 .text.ADC_ConversionStop_Disable
                0x08003130       0x56 CMakeFiles/Firmware.elf.dir/Drivers/STM32F1xx_HAL_Driver/Src/stm32f1xx_hal_adc.c.obj
                0x08003130                ADC_ConversionStop_Disable
 *fill*         0x08003186        0x2 
 .text.HAL_ADC_Init
                0x08003188      0x108 CMakeFiles/Firmware.elf.dir/Drivers/STM32F1xx_HAL_Driver/Src/stm32f1xx_hal_adc.c.obj
                0x08003188                HAL_ADC_Init
 .text.HAL_ADCEx_Calibration_Start
                0x08003290      0x100 CMakeFiles/Firmware.elf.dir/Drivers/STM32F1xx_HAL_Driver/Src/stm32f1xx_hal_adc_ex.c.obj
                0x08003290                HAL_ADCEx_Calibration_Start
 .text.HAL_NVIC_SetPriorityGrouping
                0x08003390       0x24 CMakeFiles/Firmware.elf.dir/Drivers/STM32F1xx_HAL_Driver/Src/stm32f1xx_hal_cortex.c.obj
                0x08003390                HAL_NVIC_SetPriorityGrouping
 .text.HAL_NVIC_SetPriority
                0x080033b4       0x70 CMakeFiles/Firmware.elf.dir/Drivers/STM32F1xx_HAL_Driver/Src/stm32f1xx_hal_cortex.c.obj
                0x080033b4                HAL_NVIC_SetPriority
 .text.HAL_NVIC_EnableIRQ
                0x08003424       0x1c CMakeFiles/Firmware.elf.dir/Drivers/STM32F1xx_HAL_Driver/Src/stm32f1xx_hal_cortex.c.obj
                0x08003424                HAL_NVIC_EnableIRQ
 .text.HAL_SYSTICK_Config
                0x08003440       0x28 CMakeFiles/Firmware.elf.dir/Drivers/STM32F1xx_HAL_Driver/Src/stm32f1xx_hal_cortex.c.obj
                0x08003440                HAL_SYSTICK_Config
 .text.HAL_DMA_Abort
                0x08003468       0x46 CMakeFiles/Firmware.elf.dir/Drivers/STM32F1xx_HAL_Driver/Src/stm32f1xx_hal_dma.c.obj
                0x08003468                HAL_DMA_Abort
 *fill*         0x080034ae        0x2 
 .text.HAL_DMA_Abort_IT
                0x080034b0       0x98 CMakeFiles/Firmware.elf.dir/Drivers/STM32F1xx_HAL_Driver/Src/stm32f1xx_hal_dma.c.obj
                0x080034b0                HAL_DMA_Abort_IT
 .text.HAL_GPIO_Init
                0x08003548      0x224 CMakeFiles/Firmware.elf.dir/Drivers/STM32F1xx_HAL_Driver/Src/stm32f1xx_hal_gpio.c.obj
                0x08003548                HAL_GPIO_Init
 .text.HAL_GPIO_ReadPin
                0x0800376c        0xe CMakeFiles/Firmware.elf.dir/Drivers/STM32F1xx_HAL_Driver/Src/stm32f1xx_hal_gpio.c.obj
                0x0800376c                HAL_GPIO_ReadPin
 .text.HAL_GPIO_WritePin
                0x0800377a        0xc CMakeFiles/Firmware.elf.dir/Drivers/STM32F1xx_HAL_Driver/Src/stm32f1xx_hal_gpio.c.obj
                0x0800377a                HAL_GPIO_WritePin
 *fill*         0x08003786        0x2 
 .text.HAL_GPIO_EXTI_IRQHandler
                0x08003788       0x1c CMakeFiles/Firmware.elf.dir/Drivers/STM32F1xx_HAL_Driver/Src/stm32f1xx_hal_gpio.c.obj
                0x08003788                HAL_GPIO_EXTI_IRQHandler
 .text.I2C_IsAcknowledgeFailed
                0x080037a4       0x32 CMakeFiles/Firmware.elf.dir/Drivers/STM32F1xx_HAL_Driver/Src/stm32f1xx_hal_i2c.c.obj
 .text.I2C_WaitOnFlagUntilTimeout
                0x080037d6       0xaa CMakeFiles/Firmware.elf.dir/Drivers/STM32F1xx_HAL_Driver/Src/stm32f1xx_hal_i2c.c.obj
 .text.I2C_WaitOnMasterAddressFlagUntilTimeout
                0x08003880       0xd6 CMakeFiles/Firmware.elf.dir/Drivers/STM32F1xx_HAL_Driver/Src/stm32f1xx_hal_i2c.c.obj
 .text.I2C_WaitOnTXEFlagUntilTimeout
                0x08003956       0x5e CMakeFiles/Firmware.elf.dir/Drivers/STM32F1xx_HAL_Driver/Src/stm32f1xx_hal_i2c.c.obj
 .text.I2C_RequestMemoryWrite
                0x080039b4       0xd8 CMakeFiles/Firmware.elf.dir/Drivers/STM32F1xx_HAL_Driver/Src/stm32f1xx_hal_i2c.c.obj
 .text.I2C_WaitOnBTFFlagUntilTimeout
                0x08003a8c       0x5e CMakeFiles/Firmware.elf.dir/Drivers/STM32F1xx_HAL_Driver/Src/stm32f1xx_hal_i2c.c.obj
 *fill*         0x08003aea        0x2 
 .text.HAL_I2C_Init
                0x08003aec      0x1bc CMakeFiles/Firmware.elf.dir/Drivers/STM32F1xx_HAL_Driver/Src/stm32f1xx_hal_i2c.c.obj
                0x08003aec                HAL_I2C_Init
 .text.HAL_I2C_Mem_Write
                0x08003ca8      0x164 CMakeFiles/Firmware.elf.dir/Drivers/STM32F1xx_HAL_Driver/Src/stm32f1xx_hal_i2c.c.obj
                0x08003ca8                HAL_I2C_Mem_Write
 .text.RCC_Delay
                0x08003e0c       0x2c CMakeFiles/Firmware.elf.dir/Drivers/STM32F1xx_HAL_Driver/Src/stm32f1xx_hal_rcc.c.obj
 .text.HAL_RCC_OscConfig
                0x08003e38      0x410 CMakeFiles/Firmware.elf.dir/Drivers/STM32F1xx_HAL_Driver/Src/stm32f1xx_hal_rcc.c.obj
                0x08003e38                HAL_RCC_OscConfig
 .text.HAL_RCC_GetSysClockFreq
                0x08004248       0x54 CMakeFiles/Firmware.elf.dir/Drivers/STM32F1xx_HAL_Driver/Src/stm32f1xx_hal_rcc.c.obj
                0x08004248                HAL_RCC_GetSysClockFreq
 .text.HAL_RCC_ClockConfig
                0x0800429c      0x16c CMakeFiles/Firmware.elf.dir/Drivers/STM32F1xx_HAL_Driver/Src/stm32f1xx_hal_rcc.c.obj
                0x0800429c                HAL_RCC_ClockConfig
 .text.HAL_RCC_GetHCLKFreq
                0x08004408        0xc CMakeFiles/Firmware.elf.dir/Drivers/STM32F1xx_HAL_Driver/Src/stm32f1xx_hal_rcc.c.obj
                0x08004408                HAL_RCC_GetHCLKFreq
 .text.HAL_RCC_GetPCLK1Freq
                0x08004414       0x20 CMakeFiles/Firmware.elf.dir/Drivers/STM32F1xx_HAL_Driver/Src/stm32f1xx_hal_rcc.c.obj
                0x08004414                HAL_RCC_GetPCLK1Freq
 .text.HAL_RCC_GetPCLK2Freq
                0x08004434       0x20 CMakeFiles/Firmware.elf.dir/Drivers/STM32F1xx_HAL_Driver/Src/stm32f1xx_hal_rcc.c.obj
                0x08004434                HAL_RCC_GetPCLK2Freq
 .text.HAL_RCCEx_PeriphCLKConfig
                0x08004454      0x118 CMakeFiles/Firmware.elf.dir/Drivers/STM32F1xx_HAL_Driver/Src/stm32f1xx_hal_rcc_ex.c.obj
                0x08004454                HAL_RCCEx_PeriphCLKConfig
 .text.HAL_RCCEx_GetPeriphCLKFreq
                0x0800456c       0xd8 CMakeFiles/Firmware.elf.dir/Drivers/STM32F1xx_HAL_Driver/Src/stm32f1xx_hal_rcc_ex.c.obj
                0x0800456c                HAL_RCCEx_GetPeriphCLKFreq
 .text.TIM_OC1_SetConfig
                0x08004644       0x5c CMakeFiles/Firmware.elf.dir/Drivers/STM32F1xx_HAL_Driver/Src/stm32f1xx_hal_tim.c.obj
 .text.TIM_OC3_SetConfig
                0x080046a0       0x64 CMakeFiles/Firmware.elf.dir/Drivers/STM32F1xx_HAL_Driver/Src/stm32f1xx_hal_tim.c.obj
 .text.TIM_OC4_SetConfig
                0x08004704       0x48 CMakeFiles/Firmware.elf.dir/Drivers/STM32F1xx_HAL_Driver/Src/stm32f1xx_hal_tim.c.obj
 .text.TIM_TI1_ConfigInputStage
                0x0800474c       0x24 CMakeFiles/Firmware.elf.dir/Drivers/STM32F1xx_HAL_Driver/Src/stm32f1xx_hal_tim.c.obj
 .text.TIM_TI2_ConfigInputStage
                0x08004770       0x26 CMakeFiles/Firmware.elf.dir/Drivers/STM32F1xx_HAL_Driver/Src/stm32f1xx_hal_tim.c.obj
 .text.TIM_ITRx_SetConfig
                0x08004796       0x10 CMakeFiles/Firmware.elf.dir/Drivers/STM32F1xx_HAL_Driver/Src/stm32f1xx_hal_tim.c.obj
 .text.HAL_TIM_PWM_MspInit
                0x080047a6        0x2 CMakeFiles/Firmware.elf.dir/Drivers/STM32F1xx_HAL_Driver/Src/stm32f1xx_hal_tim.c.obj
                0x080047a6                HAL_TIM_PWM_MspInit
 .text.TIM_Base_SetConfig
                0x080047a8       0x74 CMakeFiles/Firmware.elf.dir/Drivers/STM32F1xx_HAL_Driver/Src/stm32f1xx_hal_tim.c.obj
                0x080047a8                TIM_Base_SetConfig
 .text.HAL_TIM_Base_Init
                0x0800481c       0x58 CMakeFiles/Firmware.elf.dir/Drivers/STM32F1xx_HAL_Driver/Src/stm32f1xx_hal_tim.c.obj
                0x0800481c                HAL_TIM_Base_Init
 .text.HAL_TIM_PWM_Init
                0x08004874       0x58 CMakeFiles/Firmware.elf.dir/Drivers/STM32F1xx_HAL_Driver/Src/stm32f1xx_hal_tim.c.obj
                0x08004874                HAL_TIM_PWM_Init
 .text.TIM_OC2_SetConfig
                0x080048cc       0x64 CMakeFiles/Firmware.elf.dir/Drivers/STM32F1xx_HAL_Driver/Src/stm32f1xx_hal_tim.c.obj
                0x080048cc                TIM_OC2_SetConfig
 .text.HAL_TIM_PWM_ConfigChannel
                0x08004930       0xdc CMakeFiles/Firmware.elf.dir/Drivers/STM32F1xx_HAL_Driver/Src/stm32f1xx_hal_tim.c.obj
                0x08004930                HAL_TIM_PWM_ConfigChannel
 .text.TIM_ETR_SetConfig
                0x08004a0c       0x18 CMakeFiles/Firmware.elf.dir/Drivers/STM32F1xx_HAL_Driver/Src/stm32f1xx_hal_tim.c.obj
                0x08004a0c                TIM_ETR_SetConfig
 .text.HAL_TIM_ConfigClockSource
                0x08004a24       0xfe CMakeFiles/Firmware.elf.dir/Drivers/STM32F1xx_HAL_Driver/Src/stm32f1xx_hal_tim.c.obj
                0x08004a24                HAL_TIM_ConfigClockSource
 .text.TIM_CCxChannelCmd
                0x08004b22       0x1e CMakeFiles/Firmware.elf.dir/Drivers/STM32F1xx_HAL_Driver/Src/stm32f1xx_hal_tim.c.obj
                0x08004b22                TIM_CCxChannelCmd
 .text.HAL_TIM_PWM_Start
                0x08004b40       0xdc CMakeFiles/Firmware.elf.dir/Drivers/STM32F1xx_HAL_Driver/Src/stm32f1xx_hal_tim.c.obj
                0x08004b40                HAL_TIM_PWM_Start
 .text.HAL_TIMEx_MasterConfigSynchronization
                0x08004c1c       0x6c CMakeFiles/Firmware.elf.dir/Drivers/STM32F1xx_HAL_Driver/Src/stm32f1xx_hal_tim_ex.c.obj
                0x08004c1c                HAL_TIMEx_MasterConfigSynchronization
 .text.UART_EndRxTransfer
                0x08004c88       0x5c CMakeFiles/Firmware.elf.dir/Drivers/STM32F1xx_HAL_Driver/Src/stm32f1xx_hal_uart.c.obj
 .text.UART_Transmit_IT
                0x08004ce4       0x60 CMakeFiles/Firmware.elf.dir/Drivers/STM32F1xx_HAL_Driver/Src/stm32f1xx_hal_uart.c.obj
 .text.UART_SetConfig
                0x08004d44       0x94 CMakeFiles/Firmware.elf.dir/Drivers/STM32F1xx_HAL_Driver/Src/stm32f1xx_hal_uart.c.obj
 .text.UART_WaitOnFlagUntilTimeout
                0x08004dd8       0x88 CMakeFiles/Firmware.elf.dir/Drivers/STM32F1xx_HAL_Driver/Src/stm32f1xx_hal_uart.c.obj
 .text.HAL_UART_Init
                0x08004e60       0x60 CMakeFiles/Firmware.elf.dir/Drivers/STM32F1xx_HAL_Driver/Src/stm32f1xx_hal_uart.c.obj
                0x08004e60                HAL_UART_Init
 .text.HAL_UART_Transmit
                0x08004ec0       0xbe CMakeFiles/Firmware.elf.dir/Drivers/STM32F1xx_HAL_Driver/Src/stm32f1xx_hal_uart.c.obj
                0x08004ec0                HAL_UART_Transmit
 .text.HAL_UART_Receive
                0x08004f7e       0xca CMakeFiles/Firmware.elf.dir/Drivers/STM32F1xx_HAL_Driver/Src/stm32f1xx_hal_uart.c.obj
                0x08004f7e                HAL_UART_Receive
 .text.HAL_UART_TxCpltCallback
                0x08005048        0x2 CMakeFiles/Firmware.elf.dir/Drivers/STM32F1xx_HAL_Driver/Src/stm32f1xx_hal_uart.c.obj
                0x08005048                HAL_UART_TxCpltCallback
 .text.UART_EndTransmit_IT
                0x0800504a       0x1a CMakeFiles/Firmware.elf.dir/Drivers/STM32F1xx_HAL_Driver/Src/stm32f1xx_hal_uart.c.obj
 .text.HAL_UART_ErrorCallback
                0x08005064        0x2 CMakeFiles/Firmware.elf.dir/Drivers/STM32F1xx_HAL_Driver/Src/stm32f1xx_hal_uart.c.obj
                0x08005064                HAL_UART_ErrorCallback
 .text.UART_DMAAbortOnError
                0x08005066       0x10 CMakeFiles/Firmware.elf.dir/Drivers/STM32F1xx_HAL_Driver/Src/stm32f1xx_hal_uart.c.obj
 .text.HAL_UARTEx_RxEventCallback
                0x08005076        0x2 CMakeFiles/Firmware.elf.dir/Drivers/STM32F1xx_HAL_Driver/Src/stm32f1xx_hal_uart.c.obj
                0x08005076                HAL_UARTEx_RxEventCallback
 .text.UART_Receive_IT
                0x08005078       0xe6 CMakeFiles/Firmware.elf.dir/Drivers/STM32F1xx_HAL_Driver/Src/stm32f1xx_hal_uart.c.obj
 *fill*         0x0800515e        0x2 
 .text.HAL_UART_IRQHandler
                0x08005160      0x288 CMakeFiles/Firmware.elf.dir/Drivers/STM32F1xx_HAL_Driver/Src/stm32f1xx_hal_uart.c.obj
                0x08005160                HAL_UART_IRQHandler
 .text.UART_Start_Receive_IT
                0x080053e8       0x36 CMakeFiles/Firmware.elf.dir/Drivers/STM32F1xx_HAL_Driver/Src/stm32f1xx_hal_uart.c.obj
                0x080053e8                UART_Start_Receive_IT
 .text.HAL_UART_Receive_IT
                0x0800541e       0x26 CMakeFiles/Firmware.elf.dir/Drivers/STM32F1xx_HAL_Driver/Src/stm32f1xx_hal_uart.c.obj
                0x0800541e                HAL_UART_Receive_IT
 .text.MQTT_NewBuffer
                0x08005444       0x56 CMakeFiles/Firmware.elf.dir/NET/MqttKit.c.obj
                0x08005444                MQTT_NewBuffer
 .text.MQTT_DeleteBuffer
                0x0800549a       0x1e CMakeFiles/Firmware.elf.dir/NET/MqttKit.c.obj
                0x0800549a                MQTT_DeleteBuffer
 .text.MQTT_DumpLength
                0x080054b8       0x24 CMakeFiles/Firmware.elf.dir/NET/MqttKit.c.obj
                0x080054b8                MQTT_DumpLength
 .text.MQTT_ReadLength
                0x080054dc       0x4a CMakeFiles/Firmware.elf.dir/NET/MqttKit.c.obj
                0x080054dc                MQTT_ReadLength
 *fill*         0x08005526        0x2 
 .text.MQTT_UnPacketRecv
                0x08005528       0x68 CMakeFiles/Firmware.elf.dir/NET/MqttKit.c.obj
                0x08005528                MQTT_UnPacketRecv
 .text.MQTT_PacketConnect
                0x08005590      0x2b0 CMakeFiles/Firmware.elf.dir/NET/MqttKit.c.obj
                0x08005590                MQTT_PacketConnect
 .text.MQTT_UnPacketConnectAck
                0x08005840       0x18 CMakeFiles/Firmware.elf.dir/NET/MqttKit.c.obj
                0x08005840                MQTT_UnPacketConnectAck
 .text.MQTT_UnPacketCmd
                0x08005858       0xae CMakeFiles/Firmware.elf.dir/NET/MqttKit.c.obj
                0x08005858                MQTT_UnPacketCmd
 .text.MQTT_PacketSubscribe
                0x08005906       0xee CMakeFiles/Firmware.elf.dir/NET/MqttKit.c.obj
                0x08005906                MQTT_PacketSubscribe
 .text.MQTT_UnPacketSubscribe
                0x080059f4       0x26 CMakeFiles/Firmware.elf.dir/NET/MqttKit.c.obj
                0x080059f4                MQTT_UnPacketSubscribe
 .text.MQTT_UnPacketUnSubscribe
                0x08005a1a       0x16 CMakeFiles/Firmware.elf.dir/NET/MqttKit.c.obj
                0x08005a1a                MQTT_UnPacketUnSubscribe
 .text.MQTT_PacketPublish
                0x08005a30      0x1fe CMakeFiles/Firmware.elf.dir/NET/MqttKit.c.obj
                0x08005a30                MQTT_PacketPublish
 *fill*         0x08005c2e        0x2 
 .text.MQTT_UnPacketPublish
                0x08005c30      0x1b0 CMakeFiles/Firmware.elf.dir/NET/MqttKit.c.obj
                0x08005c30                MQTT_UnPacketPublish
 .text.MQTT_UnPacketPublishAck
                0x08005de0       0x20 CMakeFiles/Firmware.elf.dir/NET/MqttKit.c.obj
                0x08005de0                MQTT_UnPacketPublishAck
 .text.MQTT_UnPacketPublishRec
                0x08005e00       0x20 CMakeFiles/Firmware.elf.dir/NET/MqttKit.c.obj
                0x08005e00                MQTT_UnPacketPublishRec
 .text.MQTT_PacketPublishRel
                0x08005e20       0x46 CMakeFiles/Firmware.elf.dir/NET/MqttKit.c.obj
                0x08005e20                MQTT_PacketPublishRel
 .text.MQTT_UnPacketPublishRel
                0x08005e66       0x26 CMakeFiles/Firmware.elf.dir/NET/MqttKit.c.obj
                0x08005e66                MQTT_UnPacketPublishRel
 .text.MQTT_PacketPublishComp
                0x08005e8c       0x46 CMakeFiles/Firmware.elf.dir/NET/MqttKit.c.obj
                0x08005e8c                MQTT_PacketPublishComp
 .text.MQTT_UnPacketPublishComp
                0x08005ed2       0x20 CMakeFiles/Firmware.elf.dir/NET/MqttKit.c.obj
                0x08005ed2                MQTT_UnPacketPublishComp
 *fill*         0x08005ef2        0x2 
 .text.ESP01S_Clear
                0x08005ef4       0x1c CMakeFiles/Firmware.elf.dir/NET/esp8266.c.obj
                0x08005ef4                ESP01S_Clear
 .text.ESP01S_WaitRecive
                0x08005f10       0x2c CMakeFiles/Firmware.elf.dir/NET/esp8266.c.obj
                0x08005f10                ESP01S_WaitRecive
 .text.ESP01S_SendCmd
                0x08005f3c       0x74 CMakeFiles/Firmware.elf.dir/NET/esp8266.c.obj
                0x08005f3c                ESP01S_SendCmd
 .text.ESP01S_SendData
                0x08005fb0       0x68 CMakeFiles/Firmware.elf.dir/NET/esp8266.c.obj
                0x08005fb0                ESP01S_SendData
 .text.ESP01S_GetIPD
                0x08006018       0x40 CMakeFiles/Firmware.elf.dir/NET/esp8266.c.obj
                0x08006018                ESP01S_GetIPD
 .text.ESP01S_Init
                0x08006058      0x108 CMakeFiles/Firmware.elf.dir/NET/esp8266.c.obj
                0x08006058                ESP01S_Init
 .text.OneNet_DevLink
                0x08006160      0x108 CMakeFiles/Firmware.elf.dir/NET/onenet.c.obj
                0x08006160                OneNet_DevLink
 .text.OneNet_Subscribe
                0x08006268       0x54 CMakeFiles/Firmware.elf.dir/NET/onenet.c.obj
                0x08006268                OneNet_Subscribe
 .text.OneNet_Publish
                0x080062bc       0x58 CMakeFiles/Firmware.elf.dir/NET/onenet.c.obj
                0x080062bc                OneNet_Publish
 .text.OneNet_RevPro
                0x08006314      0x3cc CMakeFiles/Firmware.elf.dir/NET/onenet.c.obj
                0x08006314                OneNet_RevPro
 .text.atoi     0x080066e0        0x8 c:/progra~2/gnuarm~1/102021~1.10/bin/../lib/gcc/arm-none-eabi/10.3.1/../../../../arm-none-eabi/lib/thumb/v7-m/nofp\libg.a(lib_a-atoi.o)
                0x080066e0                atoi
 .text.__errno  0x080066e8        0xc c:/progra~2/gnuarm~1/102021~1.10/bin/../lib/gcc/arm-none-eabi/10.3.1/../../../../arm-none-eabi/lib/thumb/v7-m/nofp\libg.a(lib_a-errno.o)
                0x080066e8                __errno
 .text.__libc_init_array
                0x080066f4       0x48 c:/progra~2/gnuarm~1/102021~1.10/bin/../lib/gcc/arm-none-eabi/10.3.1/../../../../arm-none-eabi/lib/thumb/v7-m/nofp\libg.a(lib_a-init.o)
                0x080066f4                __libc_init_array
 .text.malloc   0x0800673c       0x10 c:/progra~2/gnuarm~1/102021~1.10/bin/../lib/gcc/arm-none-eabi/10.3.1/../../../../arm-none-eabi/lib/thumb/v7-m/nofp\libg.a(lib_a-malloc.o)
                0x0800673c                malloc
 .text.free     0x0800674c       0x10 c:/progra~2/gnuarm~1/102021~1.10/bin/../lib/gcc/arm-none-eabi/10.3.1/../../../../arm-none-eabi/lib/thumb/v7-m/nofp\libg.a(lib_a-malloc.o)
                0x0800674c                free
 .text._malloc_r
                0x0800675c      0x558 c:/progra~2/gnuarm~1/102021~1.10/bin/../lib/gcc/arm-none-eabi/10.3.1/../../../../arm-none-eabi/lib/thumb/v7-m/nofp\libg.a(lib_a-mallocr.o)
                0x0800675c                _malloc_r
 .text.memset   0x08006cb4       0xa4 c:/progra~2/gnuarm~1/102021~1.10/bin/../lib/gcc/arm-none-eabi/10.3.1/../../../../arm-none-eabi/lib/thumb/v7-m/nofp\libg.a(lib_a-memset.o)
                0x08006cb4                memset
 .text.__malloc_lock
                0x08006d58        0xc c:/progra~2/gnuarm~1/102021~1.10/bin/../lib/gcc/arm-none-eabi/10.3.1/../../../../arm-none-eabi/lib/thumb/v7-m/nofp\libg.a(lib_a-mlock.o)
                0x08006d58                __malloc_lock
 .text.__malloc_unlock
                0x08006d64        0xc c:/progra~2/gnuarm~1/102021~1.10/bin/../lib/gcc/arm-none-eabi/10.3.1/../../../../arm-none-eabi/lib/thumb/v7-m/nofp\libg.a(lib_a-mlock.o)
                0x08006d64                __malloc_unlock
 .text.printf   0x08006d70       0x28 c:/progra~2/gnuarm~1/102021~1.10/bin/../lib/gcc/arm-none-eabi/10.3.1/../../../../arm-none-eabi/lib/thumb/v7-m/nofp\libg.a(lib_a-printf.o)
                0x08006d70                printf
 .text._puts_r  0x08006d98       0x9c c:/progra~2/gnuarm~1/102021~1.10/bin/../lib/gcc/arm-none-eabi/10.3.1/../../../../arm-none-eabi/lib/thumb/v7-m/nofp\libg.a(lib_a-puts.o)
                0x08006d98                _puts_r
 .text.puts     0x08006e34       0x10 c:/progra~2/gnuarm~1/102021~1.10/bin/../lib/gcc/arm-none-eabi/10.3.1/../../../../arm-none-eabi/lib/thumb/v7-m/nofp\libg.a(lib_a-puts.o)
                0x08006e34                puts
 .text._sbrk_r  0x08006e44       0x24 c:/progra~2/gnuarm~1/102021~1.10/bin/../lib/gcc/arm-none-eabi/10.3.1/../../../../arm-none-eabi/lib/thumb/v7-m/nofp\libg.a(lib_a-sbrkr.o)
                0x08006e44                _sbrk_r
 .text.setvbuf  0x08006e68      0x1b0 c:/progra~2/gnuarm~1/102021~1.10/bin/../lib/gcc/arm-none-eabi/10.3.1/../../../../arm-none-eabi/lib/thumb/v7-m/nofp\libg.a(lib_a-setvbuf.o)
                0x08006e68                setvbuf
 .text.sprintf  0x08007018       0x44 c:/progra~2/gnuarm~1/102021~1.10/bin/../lib/gcc/arm-none-eabi/10.3.1/../../../../arm-none-eabi/lib/thumb/v7-m/nofp\libg.a(lib_a-sprintf.o)
                0x08007018                sprintf
 .text.strchr   0x0800705c       0xcc c:/progra~2/gnuarm~1/102021~1.10/bin/../lib/gcc/arm-none-eabi/10.3.1/../../../../arm-none-eabi/lib/thumb/v7-m/nofp\libg.a(lib_a-strchr.o)
                0x0800705c                strchr
 .text.strlen   0x08007128       0x5c c:/progra~2/gnuarm~1/102021~1.10/bin/../lib/gcc/arm-none-eabi/10.3.1/../../../../arm-none-eabi/lib/thumb/v7-m/nofp\libg.a(lib_a-strlen-stub.o)
                0x08007128                strlen
 .text.strncat  0x08007184       0x5c c:/progra~2/gnuarm~1/102021~1.10/bin/../lib/gcc/arm-none-eabi/10.3.1/../../../../arm-none-eabi/lib/thumb/v7-m/nofp\libg.a(lib_a-strncat.o)
                0x08007184                strncat
 .text.strncmp  0x080071e0       0x7c c:/progra~2/gnuarm~1/102021~1.10/bin/../lib/gcc/arm-none-eabi/10.3.1/../../../../arm-none-eabi/lib/thumb/v7-m/nofp\libg.a(lib_a-strncmp.o)
                0x080071e0                strncmp
 .text.two_way_long_needle
                0x0800725c      0x2b8 c:/progra~2/gnuarm~1/102021~1.10/bin/../lib/gcc/arm-none-eabi/10.3.1/../../../../arm-none-eabi/lib/thumb/v7-m/nofp\libg.a(lib_a-strstr.o)
 .text.strstr   0x08007514      0x168 c:/progra~2/gnuarm~1/102021~1.10/bin/../lib/gcc/arm-none-eabi/10.3.1/../../../../arm-none-eabi/lib/thumb/v7-m/nofp\libg.a(lib_a-strstr.o)
                0x08007514                strstr
 .text._strtol_l.part.0
                0x0800767c      0x120 c:/progra~2/gnuarm~1/102021~1.10/bin/../lib/gcc/arm-none-eabi/10.3.1/../../../../arm-none-eabi/lib/thumb/v7-m/nofp\libg.a(lib_a-strtol.o)
 .text.strtol   0x0800779c       0x2c c:/progra~2/gnuarm~1/102021~1.10/bin/../lib/gcc/arm-none-eabi/10.3.1/../../../../arm-none-eabi/lib/thumb/v7-m/nofp\libg.a(lib_a-strtol.o)
                0x0800779c                strtol
 .text._svfprintf_r
                0x080077c8     0x1aa4 c:/progra~2/gnuarm~1/102021~1.10/bin/../lib/gcc/arm-none-eabi/10.3.1/../../../../arm-none-eabi/lib/thumb/v7-m/nofp\libg.a(lib_a-svfprintf.o)
                0x080077c8                _svfprintf_r
 .text._vfprintf_r
                0x0800926c     0x1b58 c:/progra~2/gnuarm~1/102021~1.10/bin/../lib/gcc/arm-none-eabi/10.3.1/../../../../arm-none-eabi/lib/thumb/v7-m/nofp\libg.a(lib_a-vfprintf.o)
                0x0800926c                _vfprintf_r
 .text.__sbprintf
                0x0800adc4       0x84 c:/progra~2/gnuarm~1/102021~1.10/bin/../lib/gcc/arm-none-eabi/10.3.1/../../../../arm-none-eabi/lib/thumb/v7-m/nofp\libg.a(lib_a-vfprintf.o)
 .text.__swsetup_r
                0x0800ae48       0xd4 c:/progra~2/gnuarm~1/102021~1.10/bin/../lib/gcc/arm-none-eabi/10.3.1/../../../../arm-none-eabi/lib/thumb/v7-m/nofp\libg.a(lib_a-wsetup.o)
                0x0800ae48                __swsetup_r
 .text.startup.register_fini
                0x0800af1c       0x14 c:/progra~2/gnuarm~1/102021~1.10/bin/../lib/gcc/arm-none-eabi/10.3.1/../../../../arm-none-eabi/lib/thumb/v7-m/nofp\libg.a(lib_a-__call_atexit.o)
 .text.atexit   0x0800af30        0xc c:/progra~2/gnuarm~1/102021~1.10/bin/../lib/gcc/arm-none-eabi/10.3.1/../../../../arm-none-eabi/lib/thumb/v7-m/nofp\libg.a(lib_a-atexit.o)
                0x0800af30                atexit
 .text.quorem   0x0800af3c      0x12c c:/progra~2/gnuarm~1/102021~1.10/bin/../lib/gcc/arm-none-eabi/10.3.1/../../../../arm-none-eabi/lib/thumb/v7-m/nofp\libg.a(lib_a-dtoa.o)
 .text._dtoa_r  0x0800b068      0xecc c:/progra~2/gnuarm~1/102021~1.10/bin/../lib/gcc/arm-none-eabi/10.3.1/../../../../arm-none-eabi/lib/thumb/v7-m/nofp\libg.a(lib_a-dtoa.o)
                0x0800b068                _dtoa_r
 .text.__sflush_r
                0x0800bf34      0x124 c:/progra~2/gnuarm~1/102021~1.10/bin/../lib/gcc/arm-none-eabi/10.3.1/../../../../arm-none-eabi/lib/thumb/v7-m/nofp\libg.a(lib_a-fflush.o)
                0x0800bf34                __sflush_r
 .text._fflush_r
                0x0800c058       0x5c c:/progra~2/gnuarm~1/102021~1.10/bin/../lib/gcc/arm-none-eabi/10.3.1/../../../../arm-none-eabi/lib/thumb/v7-m/nofp\libg.a(lib_a-fflush.o)
                0x0800c058                _fflush_r
 .text._cleanup_r
                0x0800c0b4        0xc c:/progra~2/gnuarm~1/102021~1.10/bin/../lib/gcc/arm-none-eabi/10.3.1/../../../../arm-none-eabi/lib/thumb/v7-m/nofp\libg.a(lib_a-findfp.o)
                0x0800c0b4                _cleanup_r
 .text.__sinit  0x0800c0c0      0x10c c:/progra~2/gnuarm~1/102021~1.10/bin/../lib/gcc/arm-none-eabi/10.3.1/../../../../arm-none-eabi/lib/thumb/v7-m/nofp\libg.a(lib_a-findfp.o)
                0x0800c0c0                __sinit
 .text.__sfp_lock_acquire
                0x0800c1cc        0xc c:/progra~2/gnuarm~1/102021~1.10/bin/../lib/gcc/arm-none-eabi/10.3.1/../../../../arm-none-eabi/lib/thumb/v7-m/nofp\libg.a(lib_a-findfp.o)
                0x0800c1cc                __sfp_lock_acquire
 .text.__sfp_lock_release
                0x0800c1d8        0xc c:/progra~2/gnuarm~1/102021~1.10/bin/../lib/gcc/arm-none-eabi/10.3.1/../../../../arm-none-eabi/lib/thumb/v7-m/nofp\libg.a(lib_a-findfp.o)
                0x0800c1d8                __sfp_lock_release
 .text.__libc_fini_array
                0x0800c1e4       0x2c c:/progra~2/gnuarm~1/102021~1.10/bin/../lib/gcc/arm-none-eabi/10.3.1/../../../../arm-none-eabi/lib/thumb/v7-m/nofp\libg.a(lib_a-fini.o)
                0x0800c1e4                __libc_fini_array
 .text._malloc_trim_r
                0x0800c210       0xa0 c:/progra~2/gnuarm~1/102021~1.10/bin/../lib/gcc/arm-none-eabi/10.3.1/../../../../arm-none-eabi/lib/thumb/v7-m/nofp\libg.a(lib_a-freer.o)
                0x0800c210                _malloc_trim_r
 .text._free_r  0x0800c2b0      0x200 c:/progra~2/gnuarm~1/102021~1.10/bin/../lib/gcc/arm-none-eabi/10.3.1/../../../../arm-none-eabi/lib/thumb/v7-m/nofp\libg.a(lib_a-freer.o)
                0x0800c2b0                _free_r
 .text.__sfvwrite_r
                0x0800c4b0      0x2f0 c:/progra~2/gnuarm~1/102021~1.10/bin/../lib/gcc/arm-none-eabi/10.3.1/../../../../arm-none-eabi/lib/thumb/v7-m/nofp\libg.a(lib_a-fvwrite.o)
                0x0800c4b0                __sfvwrite_r
 .text._fwalk_reent
                0x0800c7a0       0x48 c:/progra~2/gnuarm~1/102021~1.10/bin/../lib/gcc/arm-none-eabi/10.3.1/../../../../arm-none-eabi/lib/thumb/v7-m/nofp\libg.a(lib_a-fwalk.o)
                0x0800c7a0                _fwalk_reent
 .text._localeconv_r
                0x0800c7e8        0x8 c:/progra~2/gnuarm~1/102021~1.10/bin/../lib/gcc/arm-none-eabi/10.3.1/../../../../arm-none-eabi/lib/thumb/v7-m/nofp\libg.a(lib_a-localeconv.o)
                0x0800c7e8                _localeconv_r
 .text.__retarget_lock_init_recursive
                0x0800c7f0        0x4 c:/progra~2/gnuarm~1/102021~1.10/bin/../lib/gcc/arm-none-eabi/10.3.1/../../../../arm-none-eabi/lib/thumb/v7-m/nofp\libg.a(lib_a-lock.o)
                0x0800c7f0                __retarget_lock_init_recursive
 .text.__retarget_lock_close_recursive
                0x0800c7f4        0x4 c:/progra~2/gnuarm~1/102021~1.10/bin/../lib/gcc/arm-none-eabi/10.3.1/../../../../arm-none-eabi/lib/thumb/v7-m/nofp\libg.a(lib_a-lock.o)
                0x0800c7f4                __retarget_lock_close_recursive
 .text.__retarget_lock_acquire_recursive
                0x0800c7f8        0x4 c:/progra~2/gnuarm~1/102021~1.10/bin/../lib/gcc/arm-none-eabi/10.3.1/../../../../arm-none-eabi/lib/thumb/v7-m/nofp\libg.a(lib_a-lock.o)
                0x0800c7f8                __retarget_lock_acquire_recursive
 .text.__retarget_lock_release_recursive
                0x0800c7fc        0x4 c:/progra~2/gnuarm~1/102021~1.10/bin/../lib/gcc/arm-none-eabi/10.3.1/../../../../arm-none-eabi/lib/thumb/v7-m/nofp\libg.a(lib_a-lock.o)
                0x0800c7fc                __retarget_lock_release_recursive
 .text.__smakebuf_r
                0x0800c800       0xe0 c:/progra~2/gnuarm~1/102021~1.10/bin/../lib/gcc/arm-none-eabi/10.3.1/../../../../arm-none-eabi/lib/thumb/v7-m/nofp\libg.a(lib_a-makebuf.o)
                0x0800c800                __smakebuf_r
 .text.__swhatbuf_r
                0x0800c8e0       0x60 c:/progra~2/gnuarm~1/102021~1.10/bin/../lib/gcc/arm-none-eabi/10.3.1/../../../../arm-none-eabi/lib/thumb/v7-m/nofp\libg.a(lib_a-makebuf.o)
                0x0800c8e0                __swhatbuf_r
 .text.memchr   0x0800c940       0x90 c:/progra~2/gnuarm~1/102021~1.10/bin/../lib/gcc/arm-none-eabi/10.3.1/../../../../arm-none-eabi/lib/thumb/v7-m/nofp\libg.a(lib_a-memchr-stub.o)
                0x0800c940                memchr
 .text.memcmp   0x0800c9d0       0x68 c:/progra~2/gnuarm~1/102021~1.10/bin/../lib/gcc/arm-none-eabi/10.3.1/../../../../arm-none-eabi/lib/thumb/v7-m/nofp\libg.a(lib_a-memcmp.o)
                0x0800c9d0                memcmp
 .text.memmove  0x0800ca38       0xf8 c:/progra~2/gnuarm~1/102021~1.10/bin/../lib/gcc/arm-none-eabi/10.3.1/../../../../arm-none-eabi/lib/thumb/v7-m/nofp\libg.a(lib_a-memmove.o)
                0x0800ca38                memmove
 .text._Balloc  0x0800cb30       0x4c c:/progra~2/gnuarm~1/102021~1.10/bin/../lib/gcc/arm-none-eabi/10.3.1/../../../../arm-none-eabi/lib/thumb/v7-m/nofp\libg.a(lib_a-mprec.o)
                0x0800cb30                _Balloc
 .text._Bfree   0x0800cb7c       0x14 c:/progra~2/gnuarm~1/102021~1.10/bin/../lib/gcc/arm-none-eabi/10.3.1/../../../../arm-none-eabi/lib/thumb/v7-m/nofp\libg.a(lib_a-mprec.o)
                0x0800cb7c                _Bfree
 .text.__multadd
                0x0800cb90       0xa4 c:/progra~2/gnuarm~1/102021~1.10/bin/../lib/gcc/arm-none-eabi/10.3.1/../../../../arm-none-eabi/lib/thumb/v7-m/nofp\libg.a(lib_a-mprec.o)
                0x0800cb90                __multadd
 .text.__hi0bits
                0x0800cc34       0x40 c:/progra~2/gnuarm~1/102021~1.10/bin/../lib/gcc/arm-none-eabi/10.3.1/../../../../arm-none-eabi/lib/thumb/v7-m/nofp\libg.a(lib_a-mprec.o)
                0x0800cc34                __hi0bits
 .text.__lo0bits
                0x0800cc74       0x58 c:/progra~2/gnuarm~1/102021~1.10/bin/../lib/gcc/arm-none-eabi/10.3.1/../../../../arm-none-eabi/lib/thumb/v7-m/nofp\libg.a(lib_a-mprec.o)
                0x0800cc74                __lo0bits
 .text.__i2b    0x0800cccc       0x5c c:/progra~2/gnuarm~1/102021~1.10/bin/../lib/gcc/arm-none-eabi/10.3.1/../../../../arm-none-eabi/lib/thumb/v7-m/nofp\libg.a(lib_a-mprec.o)
                0x0800cccc                __i2b
 .text.__multiply
                0x0800cd28      0x15c c:/progra~2/gnuarm~1/102021~1.10/bin/../lib/gcc/arm-none-eabi/10.3.1/../../../../arm-none-eabi/lib/thumb/v7-m/nofp\libg.a(lib_a-mprec.o)
                0x0800cd28                __multiply
 .text.__pow5mult
                0x0800ce84       0xb8 c:/progra~2/gnuarm~1/102021~1.10/bin/../lib/gcc/arm-none-eabi/10.3.1/../../../../arm-none-eabi/lib/thumb/v7-m/nofp\libg.a(lib_a-mprec.o)
                0x0800ce84                __pow5mult
 .text.__lshift
                0x0800cf3c       0xec c:/progra~2/gnuarm~1/102021~1.10/bin/../lib/gcc/arm-none-eabi/10.3.1/../../../../arm-none-eabi/lib/thumb/v7-m/nofp\libg.a(lib_a-mprec.o)
                0x0800cf3c                __lshift
 .text.__mcmp   0x0800d028       0x40 c:/progra~2/gnuarm~1/102021~1.10/bin/../lib/gcc/arm-none-eabi/10.3.1/../../../../arm-none-eabi/lib/thumb/v7-m/nofp\libg.a(lib_a-mprec.o)
                0x0800d028                __mcmp
 .text.__mdiff  0x0800d068      0x14c c:/progra~2/gnuarm~1/102021~1.10/bin/../lib/gcc/arm-none-eabi/10.3.1/../../../../arm-none-eabi/lib/thumb/v7-m/nofp\libg.a(lib_a-mprec.o)
                0x0800d068                __mdiff
 .text.__d2b    0x0800d1b4       0xc4 c:/progra~2/gnuarm~1/102021~1.10/bin/../lib/gcc/arm-none-eabi/10.3.1/../../../../arm-none-eabi/lib/thumb/v7-m/nofp\libg.a(lib_a-mprec.o)
                0x0800d1b4                __d2b
 .text._realloc_r
                0x0800d278      0x3dc c:/progra~2/gnuarm~1/102021~1.10/bin/../lib/gcc/arm-none-eabi/10.3.1/../../../../arm-none-eabi/lib/thumb/v7-m/nofp\libg.a(lib_a-reallocr.o)
                0x0800d278                _realloc_r
 .text.frexp    0x0800d654       0x70 c:/progra~2/gnuarm~1/102021~1.10/bin/../lib/gcc/arm-none-eabi/10.3.1/../../../../arm-none-eabi/lib/thumb/v7-m/nofp\libg.a(lib_a-s_frexp.o)
                0x0800d654                frexp
 .text.__sread  0x0800d6c4       0x24 c:/progra~2/gnuarm~1/102021~1.10/bin/../lib/gcc/arm-none-eabi/10.3.1/../../../../arm-none-eabi/lib/thumb/v7-m/nofp\libg.a(lib_a-stdio.o)
                0x0800d6c4                __sread
 .text.__swrite
                0x0800d6e8       0x40 c:/progra~2/gnuarm~1/102021~1.10/bin/../lib/gcc/arm-none-eabi/10.3.1/../../../../arm-none-eabi/lib/thumb/v7-m/nofp\libg.a(lib_a-stdio.o)
                0x0800d6e8                __swrite
 .text.__sseek  0x0800d728       0x20 c:/progra~2/gnuarm~1/102021~1.10/bin/../lib/gcc/arm-none-eabi/10.3.1/../../../../arm-none-eabi/lib/thumb/v7-m/nofp\libg.a(lib_a-stdio.o)
                0x0800d728                __sseek
 .text.__sclose
                0x0800d748        0x8 c:/progra~2/gnuarm~1/102021~1.10/bin/../lib/gcc/arm-none-eabi/10.3.1/../../../../arm-none-eabi/lib/thumb/v7-m/nofp\libg.a(lib_a-stdio.o)
                0x0800d748                __sclose
 .text.strncpy  0x0800d750       0x68 c:/progra~2/gnuarm~1/102021~1.10/bin/../lib/gcc/arm-none-eabi/10.3.1/../../../../arm-none-eabi/lib/thumb/v7-m/nofp\libg.a(lib_a-strncpy.o)
                0x0800d750                strncpy
 .text.strnlen  0x0800d7b8       0x24 c:/progra~2/gnuarm~1/102021~1.10/bin/../lib/gcc/arm-none-eabi/10.3.1/../../../../arm-none-eabi/lib/thumb/v7-m/nofp\libg.a(lib_a-strnlen.o)
                0x0800d7b8                strnlen
 .text.__ssprint_r
                0x0800d7dc       0xfc c:/progra~2/gnuarm~1/102021~1.10/bin/../lib/gcc/arm-none-eabi/10.3.1/../../../../arm-none-eabi/lib/thumb/v7-m/nofp\libg.a(lib_a-svfiprintf.o)
                0x0800d7dc                __ssprint_r
 .text.__sprint_r.part.0
                0x0800d8d8       0x78 c:/progra~2/gnuarm~1/102021~1.10/bin/../lib/gcc/arm-none-eabi/10.3.1/../../../../arm-none-eabi/lib/thumb/v7-m/nofp\libg.a(lib_a-vfiprintf.o)
 .text.__sprint_r
                0x0800d950       0x14 c:/progra~2/gnuarm~1/102021~1.10/bin/../lib/gcc/arm-none-eabi/10.3.1/../../../../arm-none-eabi/lib/thumb/v7-m/nofp\libg.a(lib_a-vfiprintf.o)
                0x0800d950                __sprint_r
 .text._vfiprintf_r
                0x0800d964      0xd98 c:/progra~2/gnuarm~1/102021~1.10/bin/../lib/gcc/arm-none-eabi/10.3.1/../../../../arm-none-eabi/lib/thumb/v7-m/nofp\libg.a(lib_a-vfiprintf.o)
                0x0800d964                _vfiprintf_r
 .text.__sbprintf
                0x0800e6fc       0x84 c:/progra~2/gnuarm~1/102021~1.10/bin/../lib/gcc/arm-none-eabi/10.3.1/../../../../arm-none-eabi/lib/thumb/v7-m/nofp\libg.a(lib_a-vfiprintf.o)
 .text._write_r
                0x0800e780       0x2c c:/progra~2/gnuarm~1/102021~1.10/bin/../lib/gcc/arm-none-eabi/10.3.1/../../../../arm-none-eabi/lib/thumb/v7-m/nofp\libg.a(lib_a-writer.o)
                0x0800e780                _write_r
 .text.__register_exitproc
                0x0800e7ac       0x8c c:/progra~2/gnuarm~1/102021~1.10/bin/../lib/gcc/arm-none-eabi/10.3.1/../../../../arm-none-eabi/lib/thumb/v7-m/nofp\libg.a(lib_a-__atexit.o)
                0x0800e7ac                __register_exitproc
 .text.__assert_func
                0x0800e838       0x40 c:/progra~2/gnuarm~1/102021~1.10/bin/../lib/gcc/arm-none-eabi/10.3.1/../../../../arm-none-eabi/lib/thumb/v7-m/nofp\libg.a(lib_a-assert.o)
                0x0800e838                __assert_func
 .text._calloc_r
                0x0800e878       0x78 c:/progra~2/gnuarm~1/102021~1.10/bin/../lib/gcc/arm-none-eabi/10.3.1/../../../../arm-none-eabi/lib/thumb/v7-m/nofp\libg.a(lib_a-callocr.o)
                0x0800e878                _calloc_r
 .text._close_r
                0x0800e8f0       0x24 c:/progra~2/gnuarm~1/102021~1.10/bin/../lib/gcc/arm-none-eabi/10.3.1/../../../../arm-none-eabi/lib/thumb/v7-m/nofp\libg.a(lib_a-closer.o)
                0x0800e8f0                _close_r
 .text._fclose_r
                0x0800e914       0xcc c:/progra~2/gnuarm~1/102021~1.10/bin/../lib/gcc/arm-none-eabi/10.3.1/../../../../arm-none-eabi/lib/thumb/v7-m/nofp\libg.a(lib_a-fclose.o)
                0x0800e914                _fclose_r
 .text.fiprintf
                0x0800e9e0       0x28 c:/progra~2/gnuarm~1/102021~1.10/bin/../lib/gcc/arm-none-eabi/10.3.1/../../../../arm-none-eabi/lib/thumb/v7-m/nofp\libg.a(lib_a-fiprintf.o)
                0x0800e9e0                fiprintf
 .text.__fputwc
                0x0800ea08       0xa0 c:/progra~2/gnuarm~1/102021~1.10/bin/../lib/gcc/arm-none-eabi/10.3.1/../../../../arm-none-eabi/lib/thumb/v7-m/nofp\libg.a(lib_a-fputwc.o)
                0x0800ea08                __fputwc
 .text._fputwc_r
                0x0800eaa8       0x68 c:/progra~2/gnuarm~1/102021~1.10/bin/../lib/gcc/arm-none-eabi/10.3.1/../../../../arm-none-eabi/lib/thumb/v7-m/nofp\libg.a(lib_a-fputwc.o)
                0x0800eaa8                _fputwc_r
 .text._fstat_r
                0x0800eb10       0x28 c:/progra~2/gnuarm~1/102021~1.10/bin/../lib/gcc/arm-none-eabi/10.3.1/../../../../arm-none-eabi/lib/thumb/v7-m/nofp\libg.a(lib_a-fstatr.o)
                0x0800eb10                _fstat_r
 .text._isatty_r
                0x0800eb38       0x24 c:/progra~2/gnuarm~1/102021~1.10/bin/../lib/gcc/arm-none-eabi/10.3.1/../../../../arm-none-eabi/lib/thumb/v7-m/nofp\libg.a(lib_a-isattyr.o)
                0x0800eb38                _isatty_r
 .text.__locale_mb_cur_max
                0x0800eb5c        0xc c:/progra~2/gnuarm~1/102021~1.10/bin/../lib/gcc/arm-none-eabi/10.3.1/../../../../arm-none-eabi/lib/thumb/v7-m/nofp\libg.a(lib_a-locale.o)
                0x0800eb5c                __locale_mb_cur_max
 .text._lseek_r
                0x0800eb68       0x2c c:/progra~2/gnuarm~1/102021~1.10/bin/../lib/gcc/arm-none-eabi/10.3.1/../../../../arm-none-eabi/lib/thumb/v7-m/nofp\libg.a(lib_a-lseekr.o)
                0x0800eb68                _lseek_r
 .text.__ascii_mbtowc
                0x0800eb94       0x2c c:/progra~2/gnuarm~1/102021~1.10/bin/../lib/gcc/arm-none-eabi/10.3.1/../../../../arm-none-eabi/lib/thumb/v7-m/nofp\libg.a(lib_a-mbtowc_r.o)
                0x0800eb94                __ascii_mbtowc
 .text._read_r  0x0800ebc0       0x2c c:/progra~2/gnuarm~1/102021~1.10/bin/../lib/gcc/arm-none-eabi/10.3.1/../../../../arm-none-eabi/lib/thumb/v7-m/nofp\libg.a(lib_a-readr.o)
                0x0800ebc0                _read_r
 .text.__swbuf_r
                0x0800ebec       0xb0 c:/progra~2/gnuarm~1/102021~1.10/bin/../lib/gcc/arm-none-eabi/10.3.1/../../../../arm-none-eabi/lib/thumb/v7-m/nofp\libg.a(lib_a-wbuf.o)
                0x0800ebec                __swbuf_r
 .text._wcrtomb_r
                0x0800ec9c       0x3c c:/progra~2/gnuarm~1/102021~1.10/bin/../lib/gcc/arm-none-eabi/10.3.1/../../../../arm-none-eabi/lib/thumb/v7-m/nofp\libg.a(lib_a-wcrtomb.o)
                0x0800ec9c                _wcrtomb_r
 .text.__ascii_wctomb
                0x0800ecd8       0x1c c:/progra~2/gnuarm~1/102021~1.10/bin/../lib/gcc/arm-none-eabi/10.3.1/../../../../arm-none-eabi/lib/thumb/v7-m/nofp\libg.a(lib_a-wctomb_r.o)
                0x0800ecd8                __ascii_wctomb
 .text.abort    0x0800ecf4       0x10 c:/progra~2/gnuarm~1/102021~1.10/bin/../lib/gcc/arm-none-eabi/10.3.1/../../../../arm-none-eabi/lib/thumb/v7-m/nofp\libg.a(lib_a-abort.o)
                0x0800ecf4                abort
 .text.raise    0x0800ed04       0x5c c:/progra~2/gnuarm~1/102021~1.10/bin/../lib/gcc/arm-none-eabi/10.3.1/../../../../arm-none-eabi/lib/thumb/v7-m/nofp\libg.a(lib_a-signal.o)
                0x0800ed04                raise
 .text._kill_r  0x0800ed60       0x28 c:/progra~2/gnuarm~1/102021~1.10/bin/../lib/gcc/arm-none-eabi/10.3.1/../../../../arm-none-eabi/lib/thumb/v7-m/nofp\libg.a(lib_a-signalr.o)
                0x0800ed60                _kill_r
 .text._getpid_r
                0x0800ed88        0x4 c:/progra~2/gnuarm~1/102021~1.10/bin/../lib/gcc/arm-none-eabi/10.3.1/../../../../arm-none-eabi/lib/thumb/v7-m/nofp\libg.a(lib_a-signalr.o)
                0x0800ed88                _getpid_r
 .text.pow      0x0800ed8c       0xdc c:/progra~2/gnuarm~1/102021~1.10/bin/../lib/gcc/arm-none-eabi/10.3.1/../../../../arm-none-eabi/lib/thumb/v7-m/nofp\libm.a(lib_a-w_pow.o)
                0x0800ed8c                pow
 .text.__ieee754_pow
                0x0800ee68      0xb08 c:/progra~2/gnuarm~1/102021~1.10/bin/../lib/gcc/arm-none-eabi/10.3.1/../../../../arm-none-eabi/lib/thumb/v7-m/nofp\libm.a(lib_a-e_pow.o)
                0x0800ee68                __ieee754_pow
 .text.__ieee754_sqrt
                0x0800f970      0x18c c:/progra~2/gnuarm~1/102021~1.10/bin/../lib/gcc/arm-none-eabi/10.3.1/../../../../arm-none-eabi/lib/thumb/v7-m/nofp\libm.a(lib_a-e_sqrt.o)
                0x0800f970                __ieee754_sqrt
 .text.with_errno
                0x0800fafc       0x18 c:/progra~2/gnuarm~1/102021~1.10/bin/../lib/gcc/arm-none-eabi/10.3.1/../../../../arm-none-eabi/lib/thumb/v7-m/nofp\libm.a(lib_a-math_err.o)
 .text.xflow    0x0800fb14       0x30 c:/progra~2/gnuarm~1/102021~1.10/bin/../lib/gcc/arm-none-eabi/10.3.1/../../../../arm-none-eabi/lib/thumb/v7-m/nofp\libm.a(lib_a-math_err.o)
 .text.__math_uflow
                0x0800fb44        0xc c:/progra~2/gnuarm~1/102021~1.10/bin/../lib/gcc/arm-none-eabi/10.3.1/../../../../arm-none-eabi/lib/thumb/v7-m/nofp\libm.a(lib_a-math_err.o)
                0x0800fb44                __math_uflow
 .text.__math_oflow
                0x0800fb50        0xc c:/progra~2/gnuarm~1/102021~1.10/bin/../lib/gcc/arm-none-eabi/10.3.1/../../../../arm-none-eabi/lib/thumb/v7-m/nofp\libm.a(lib_a-math_err.o)
                0x0800fb50                __math_oflow
 .text.fabs     0x0800fb5c        0x8 c:/progra~2/gnuarm~1/102021~1.10/bin/../lib/gcc/arm-none-eabi/10.3.1/../../../../arm-none-eabi/lib/thumb/v7-m/nofp\libm.a(lib_a-s_fabs.o)
                0x0800fb5c                fabs
 .text.finite   0x0800fb64        0xc c:/progra~2/gnuarm~1/102021~1.10/bin/../lib/gcc/arm-none-eabi/10.3.1/../../../../arm-none-eabi/lib/thumb/v7-m/nofp\libm.a(lib_a-s_finite.o)
                0x0800fb64                finite
 .text.scalbn   0x0800fb70       0xfc c:/progra~2/gnuarm~1/102021~1.10/bin/../lib/gcc/arm-none-eabi/10.3.1/../../../../arm-none-eabi/lib/thumb/v7-m/nofp\libm.a(lib_a-s_scalbn.o)
                0x0800fb70                scalbn
 *(.glue_7)
 .glue_7        0x0800fc6c        0x0 linker stubs
 *(.glue_7t)
 .glue_7t       0x0800fc6c        0x0 linker stubs
 *(.eh_frame)
 .eh_frame      0x0800fc6c        0x0 c:/progra~2/gnuarm~1/102021~1.10/bin/../lib/gcc/arm-none-eabi/10.3.1/thumb/v7-m/nofp/crtbegin.o
 *(.init)
 .init          0x0800fc6c        0x4 c:/progra~2/gnuarm~1/102021~1.10/bin/../lib/gcc/arm-none-eabi/10.3.1/thumb/v7-m/nofp/crti.o
                0x0800fc6c                _init
 .init          0x0800fc70        0x8 c:/progra~2/gnuarm~1/102021~1.10/bin/../lib/gcc/arm-none-eabi/10.3.1/thumb/v7-m/nofp/crtn.o
 *(.fini)
 .fini          0x0800fc78        0x4 c:/progra~2/gnuarm~1/102021~1.10/bin/../lib/gcc/arm-none-eabi/10.3.1/thumb/v7-m/nofp/crti.o
                0x0800fc78                _fini
 .fini          0x0800fc7c        0x8 c:/progra~2/gnuarm~1/102021~1.10/bin/../lib/gcc/arm-none-eabi/10.3.1/thumb/v7-m/nofp/crtn.o
                0x0800fc84                . = ALIGN (0x4)
                0x0800fc84                _etext = .

.vfp11_veneer   0x0800fc84        0x0
 .vfp11_veneer  0x0800fc84        0x0 linker stubs

.v4_bx          0x0800fc84        0x0
 .v4_bx         0x0800fc84        0x0 linker stubs

.iplt           0x0800fc84        0x0
 .iplt          0x0800fc84        0x0 c:/progra~2/gnuarm~1/102021~1.10/bin/../lib/gcc/arm-none-eabi/10.3.1/thumb/v7-m/nofp/crtbegin.o

.rodata         0x0800fc88     0x1264
                0x0800fc88                . = ALIGN (0x4)
 *(.rodata)
 *(.rodata*)
 .rodata.OLED_Show.str1.4
                0x0800fc88       0x4a CMakeFiles/Firmware.elf.dir/Core/Src/Control.c.obj
 *fill*         0x0800fcd2        0x2 
 .rodata.F6x8   0x0800fcd4      0x228 CMakeFiles/Firmware.elf.dir/Core/Src/OLED_Font.c.obj
                0x0800fcd4                F6x8
 .rodata.F8X16  0x0800fefc      0x5e0 CMakeFiles/Firmware.elf.dir/Core/Src/OLED_Font.c.obj
                0x0800fefc                F8X16
 .rodata.parse_value.str1.4
                0x080104dc       0x15 CMakeFiles/Firmware.elf.dir/Core/Src/cJSON.c.obj
 *fill*         0x080104f1        0x3 
 .rodata.firstByteMark
                0x080104f4        0x7 CMakeFiles/Firmware.elf.dir/Core/Src/cJSON.c.obj
 *fill*         0x080104fb        0x1 
 .rodata.main.str1.4
                0x080104fc       0x8c CMakeFiles/Firmware.elf.dir/Core/Src/main.c.obj
 .rodata.AHBPrescTable
                0x08010588       0x10 CMakeFiles/Firmware.elf.dir/Core/Src/system_stm32f1xx.c.obj
                0x08010588                AHBPrescTable
 .rodata.APBPrescTable
                0x08010598        0x8 CMakeFiles/Firmware.elf.dir/Core/Src/system_stm32f1xx.c.obj
                0x08010598                APBPrescTable
 .rodata.aPLLMULFactorTable.1
                0x080105a0       0x10 CMakeFiles/Firmware.elf.dir/Drivers/STM32F1xx_HAL_Driver/Src/stm32f1xx_hal_rcc.c.obj
 .rodata.aPredivFactorTable.0
                0x080105b0        0x2 CMakeFiles/Firmware.elf.dir/Drivers/STM32F1xx_HAL_Driver/Src/stm32f1xx_hal_rcc.c.obj
 *fill*         0x080105b2        0x2 
 .rodata.aPLLMULFactorTable.1
                0x080105b4       0x10 CMakeFiles/Firmware.elf.dir/Drivers/STM32F1xx_HAL_Driver/Src/stm32f1xx_hal_rcc_ex.c.obj
 .rodata.aPredivFactorTable.0
                0x080105c4        0x2 CMakeFiles/Firmware.elf.dir/Drivers/STM32F1xx_HAL_Driver/Src/stm32f1xx_hal_rcc_ex.c.obj
 *fill*         0x080105c6        0x2 
 .rodata.MQTT_UnPacketRecv.str1.4
                0x080105c8        0x6 CMakeFiles/Firmware.elf.dir/NET/MqttKit.c.obj
 .rodata.MQTT_PacketConnect.str1.4
                0x080105ce        0x6 CMakeFiles/Firmware.elf.dir/NET/MqttKit.c.obj
                                  0x1 (size before relaxing)
 *fill*         0x080105ce        0x2 
 .rodata.ESP01S_SendData.str1.4
                0x080105d0       0x12 CMakeFiles/Firmware.elf.dir/NET/esp8266.c.obj
 *fill*         0x080105e2        0x2 
 .rodata.ESP01S_GetIPD.str1.4
                0x080105e4        0x5 CMakeFiles/Firmware.elf.dir/NET/esp8266.c.obj
 *fill*         0x080105e9        0x3 
 .rodata.ESP01S_Init.str1.4
                0x080105ec       0xff CMakeFiles/Firmware.elf.dir/NET/esp8266.c.obj
                                0x103 (size before relaxing)
 *fill*         0x080106eb        0x1 
 .rodata.OneNet_DevLink.str1.4
                0x080106ec      0x1e5 CMakeFiles/Firmware.elf.dir/NET/onenet.c.obj
 *fill*         0x080108d1        0x3 
 .rodata.OneNet_Subscribe.str1.4
                0x080108d4       0x16 CMakeFiles/Firmware.elf.dir/NET/onenet.c.obj
 *fill*         0x080108ea        0x2 
 .rodata.OneNet_Publish.str1.4
                0x080108ec       0x1d CMakeFiles/Firmware.elf.dir/NET/onenet.c.obj
 *fill*         0x08010909        0x3 
 .rodata.OneNet_RevPro.str1.4
                0x0801090c      0x1c0 CMakeFiles/Firmware.elf.dir/NET/onenet.c.obj
 .rodata._ctype_
                0x08010acc      0x101 c:/progra~2/gnuarm~1/102021~1.10/bin/../lib/gcc/arm-none-eabi/10.3.1/../../../../arm-none-eabi/lib/thumb/v7-m/nofp\libg.a(lib_a-ctype_.o)
                0x08010acc                _ctype_
 *fill*         0x08010bcd        0x3 
 .rodata._global_impure_ptr
                0x08010bd0        0x4 c:/progra~2/gnuarm~1/102021~1.10/bin/../lib/gcc/arm-none-eabi/10.3.1/../../../../arm-none-eabi/lib/thumb/v7-m/nofp\libg.a(lib_a-impure.o)
                0x08010bd0                _global_impure_ptr
 .rodata._puts_r.str1.4
                0x08010bd4      0x1c0 c:/progra~2/gnuarm~1/102021~1.10/bin/../lib/gcc/arm-none-eabi/10.3.1/../../../../arm-none-eabi/lib/thumb/v7-m/nofp\libg.a(lib_a-puts.o)
                                  0x2 (size before relaxing)
 .rodata._svfprintf_r.str1.4
                0x08010bd4       0x42 c:/progra~2/gnuarm~1/102021~1.10/bin/../lib/gcc/arm-none-eabi/10.3.1/../../../../arm-none-eabi/lib/thumb/v7-m/nofp\libg.a(lib_a-svfprintf.o)
 *fill*         0x08010c16        0x2 
 .rodata.blanks.1
                0x08010c18       0x10 c:/progra~2/gnuarm~1/102021~1.10/bin/../lib/gcc/arm-none-eabi/10.3.1/../../../../arm-none-eabi/lib/thumb/v7-m/nofp\libg.a(lib_a-svfprintf.o)
 .rodata.zeroes.0
                0x08010c28       0x10 c:/progra~2/gnuarm~1/102021~1.10/bin/../lib/gcc/arm-none-eabi/10.3.1/../../../../arm-none-eabi/lib/thumb/v7-m/nofp\libg.a(lib_a-svfprintf.o)
 .rodata._vfprintf_r.str1.4
                0x08010c38       0x42 c:/progra~2/gnuarm~1/102021~1.10/bin/../lib/gcc/arm-none-eabi/10.3.1/../../../../arm-none-eabi/lib/thumb/v7-m/nofp\libg.a(lib_a-vfprintf.o)
 .rodata.blanks.1
                0x08010c38       0x10 c:/progra~2/gnuarm~1/102021~1.10/bin/../lib/gcc/arm-none-eabi/10.3.1/../../../../arm-none-eabi/lib/thumb/v7-m/nofp\libg.a(lib_a-vfprintf.o)
 .rodata.zeroes.0
                0x08010c48       0x10 c:/progra~2/gnuarm~1/102021~1.10/bin/../lib/gcc/arm-none-eabi/10.3.1/../../../../arm-none-eabi/lib/thumb/v7-m/nofp\libg.a(lib_a-vfprintf.o)
 .rodata._dtoa_r.str1.4
                0x08010c58       0xa2 c:/progra~2/gnuarm~1/102021~1.10/bin/../lib/gcc/arm-none-eabi/10.3.1/../../../../arm-none-eabi/lib/thumb/v7-m/nofp\libg.a(lib_a-dtoa.o)
                                 0xa6 (size before relaxing)
 *fill*         0x08010cfa        0x2 
 .rodata.__multadd.str1.4
                0x08010cfc       0x7f c:/progra~2/gnuarm~1/102021~1.10/bin/../lib/gcc/arm-none-eabi/10.3.1/../../../../arm-none-eabi/lib/thumb/v7-m/nofp\libg.a(lib_a-mprec.o)
                                 0x93 (size before relaxing)
 *fill*         0x08010d7b        0x5 
 .rodata.__mprec_bigtens
                0x08010d80       0x28 c:/progra~2/gnuarm~1/102021~1.10/bin/../lib/gcc/arm-none-eabi/10.3.1/../../../../arm-none-eabi/lib/thumb/v7-m/nofp\libg.a(lib_a-mprec.o)
                0x08010d80                __mprec_bigtens
 .rodata.__mprec_tens
                0x08010da8       0xc8 c:/progra~2/gnuarm~1/102021~1.10/bin/../lib/gcc/arm-none-eabi/10.3.1/../../../../arm-none-eabi/lib/thumb/v7-m/nofp\libg.a(lib_a-mprec.o)
                0x08010da8                __mprec_tens
 .rodata.p05.0  0x08010e70        0xc c:/progra~2/gnuarm~1/102021~1.10/bin/../lib/gcc/arm-none-eabi/10.3.1/../../../../arm-none-eabi/lib/thumb/v7-m/nofp\libg.a(lib_a-mprec.o)
 .rodata._vfiprintf_r.str1.4
                0x08010e7c       0x2f c:/progra~2/gnuarm~1/102021~1.10/bin/../lib/gcc/arm-none-eabi/10.3.1/../../../../arm-none-eabi/lib/thumb/v7-m/nofp\libg.a(lib_a-vfiprintf.o)
 .rodata.blanks.1
                0x08010e7c       0x10 c:/progra~2/gnuarm~1/102021~1.10/bin/../lib/gcc/arm-none-eabi/10.3.1/../../../../arm-none-eabi/lib/thumb/v7-m/nofp\libg.a(lib_a-vfiprintf.o)
 .rodata.zeroes.0
                0x08010e8c       0x10 c:/progra~2/gnuarm~1/102021~1.10/bin/../lib/gcc/arm-none-eabi/10.3.1/../../../../arm-none-eabi/lib/thumb/v7-m/nofp\libg.a(lib_a-vfiprintf.o)
 .rodata.__assert_func.str1.4
                0x08010e9c       0x3f c:/progra~2/gnuarm~1/102021~1.10/bin/../lib/gcc/arm-none-eabi/10.3.1/../../../../arm-none-eabi/lib/thumb/v7-m/nofp\libg.a(lib_a-assert.o)
                                 0x43 (size before relaxing)
 *fill*         0x08010edb        0x1 
 .rodata._setlocale_r.str1.4
                0x08010edc        0xa c:/progra~2/gnuarm~1/102021~1.10/bin/../lib/gcc/arm-none-eabi/10.3.1/../../../../arm-none-eabi/lib/thumb/v7-m/nofp\libg.a(lib_a-locale.o)
                                  0xd (size before relaxing)
 *fill*         0x08010ee6        0x2 
 .rodata.str1.4
                0x08010ee8        0x2 c:/progra~2/gnuarm~1/102021~1.10/bin/../lib/gcc/arm-none-eabi/10.3.1/../../../../arm-none-eabi/lib/thumb/v7-m/nofp\libg.a(lib_a-locale.o)
                0x08010eec                . = ALIGN (0x4)
 *fill*         0x08010eea        0x2 

.ARM.extab      0x08010eec        0x0
                0x08010eec                . = ALIGN (0x4)
 *(.ARM.extab* .gnu.linkonce.armextab.*)
                0x08010eec                . = ALIGN (0x4)

.ARM            0x08010eec        0x8
                0x08010eec                . = ALIGN (0x4)
                0x08010eec                __exidx_start = .
 *(.ARM.exidx*)
 .ARM.exidx     0x08010eec        0x8 c:/progra~2/gnuarm~1/102021~1.10/bin/../lib/gcc/arm-none-eabi/10.3.1/thumb/v7-m/nofp\libgcc.a(_udivmoddi4.o)
                0x08010ef4                __exidx_end = .
                0x08010ef4                . = ALIGN (0x4)

.rel.dyn        0x08010ef4        0x0
 .rel.iplt      0x08010ef4        0x0 c:/progra~2/gnuarm~1/102021~1.10/bin/../lib/gcc/arm-none-eabi/10.3.1/thumb/v7-m/nofp/crtbegin.o

.preinit_array  0x08010ef4        0x0
                0x08010ef4                . = ALIGN (0x4)
                0x08010ef4                PROVIDE (__preinit_array_start = .)
 *(.preinit_array*)
                0x08010ef4                PROVIDE (__preinit_array_end = .)
                0x08010ef4                . = ALIGN (0x4)

.init_array     0x08010ef4        0x8
                0x08010ef4                . = ALIGN (0x4)
                0x08010ef4                PROVIDE (__init_array_start = .)
 *(SORT_BY_NAME(.init_array.*))
 .init_array.00000
                0x08010ef4        0x4 c:/progra~2/gnuarm~1/102021~1.10/bin/../lib/gcc/arm-none-eabi/10.3.1/../../../../arm-none-eabi/lib/thumb/v7-m/nofp\libg.a(lib_a-__call_atexit.o)
 *(.init_array*)
 .init_array    0x08010ef8        0x4 c:/progra~2/gnuarm~1/102021~1.10/bin/../lib/gcc/arm-none-eabi/10.3.1/thumb/v7-m/nofp/crtbegin.o
                0x08010efc                PROVIDE (__init_array_end = .)
                0x08010efc                . = ALIGN (0x4)

.fini_array     0x08010efc        0x4
                0x08010efc                . = ALIGN (0x4)
                0x08010efc                PROVIDE (__fini_array_start = .)
 *(SORT_BY_NAME(.fini_array.*))
 *(.fini_array*)
 .fini_array    0x08010efc        0x4 c:/progra~2/gnuarm~1/102021~1.10/bin/../lib/gcc/arm-none-eabi/10.3.1/thumb/v7-m/nofp/crtbegin.o
                0x08010f00                PROVIDE (__fini_array_end = .)
                0x08010f00                . = ALIGN (0x4)
                0x08010f00                _sidata = LOADADDR (.data)

.data           0x20000000      0x9e0 load address 0x08010f00
                0x20000000                . = ALIGN (0x4)
                0x20000000                _sdata = .
 *(.data)
 *(.data*)
 .data.MQ2_threshold
                0x20000000        0x2 CMakeFiles/Firmware.elf.dir/Core/Src/Control.c.obj
                0x20000000                MQ2_threshold
 .data.MQ4_threshold
                0x20000002        0x2 CMakeFiles/Firmware.elf.dir/Core/Src/Control.c.obj
                0x20000002                MQ4_threshold
 .data.Mode_Flag
                0x20000004        0x1 CMakeFiles/Firmware.elf.dir/Core/Src/Control.c.obj
                0x20000004                Mode_Flag
 .data.tem_threshold
                0x20000005        0x1 CMakeFiles/Firmware.elf.dir/Core/Src/Control.c.obj
                0x20000005                tem_threshold
 .data.humidity
                0x20000006        0x1 CMakeFiles/Firmware.elf.dir/Core/Src/DHT11.c.obj
                0x20000006                humidity
 .data.temperature
                0x20000007        0x1 CMakeFiles/Firmware.elf.dir/Core/Src/DHT11.c.obj
                0x20000007                temperature
 .data.CMD_Data
                0x20000008       0x17 CMakeFiles/Firmware.elf.dir/Core/Src/OLED.c.obj
                0x20000008                CMD_Data
 *fill*         0x2000001f        0x1 
 .data.cJSON_free
                0x20000020        0x4 CMakeFiles/Firmware.elf.dir/Core/Src/cJSON.c.obj
 .data.cJSON_malloc
                0x20000024        0x4 CMakeFiles/Firmware.elf.dir/Core/Src/cJSON.c.obj
 .data.SystemCoreClock
                0x20000028        0x4 CMakeFiles/Firmware.elf.dir/Core/Src/system_stm32f1xx.c.obj
                0x20000028                SystemCoreClock
 .data.uwTickFreq
                0x2000002c        0x1 CMakeFiles/Firmware.elf.dir/Drivers/STM32F1xx_HAL_Driver/Src/stm32f1xx_hal.c.obj
                0x2000002c                uwTickFreq
 *fill*         0x2000002d        0x3 
 .data.uwTickPrio
                0x20000030        0x4 CMakeFiles/Firmware.elf.dir/Drivers/STM32F1xx_HAL_Driver/Src/stm32f1xx_hal.c.obj
                0x20000030                uwTickPrio
 .data._impure_ptr
                0x20000034        0x4 c:/progra~2/gnuarm~1/102021~1.10/bin/../lib/gcc/arm-none-eabi/10.3.1/../../../../arm-none-eabi/lib/thumb/v7-m/nofp\libg.a(lib_a-impure.o)
                0x20000034                _impure_ptr
 .data.impure_data
                0x20000038      0x428 c:/progra~2/gnuarm~1/102021~1.10/bin/../lib/gcc/arm-none-eabi/10.3.1/../../../../arm-none-eabi/lib/thumb/v7-m/nofp\libg.a(lib_a-impure.o)
 .data.__malloc_av_
                0x20000460      0x408 c:/progra~2/gnuarm~1/102021~1.10/bin/../lib/gcc/arm-none-eabi/10.3.1/../../../../arm-none-eabi/lib/thumb/v7-m/nofp\libg.a(lib_a-mallocr.o)
                0x20000460                __malloc_av_
 .data.__malloc_sbrk_base
                0x20000868        0x4 c:/progra~2/gnuarm~1/102021~1.10/bin/../lib/gcc/arm-none-eabi/10.3.1/../../../../arm-none-eabi/lib/thumb/v7-m/nofp\libg.a(lib_a-mallocr.o)
                0x20000868                __malloc_sbrk_base
 .data.__malloc_trim_threshold
                0x2000086c        0x4 c:/progra~2/gnuarm~1/102021~1.10/bin/../lib/gcc/arm-none-eabi/10.3.1/../../../../arm-none-eabi/lib/thumb/v7-m/nofp\libg.a(lib_a-mallocr.o)
                0x2000086c                __malloc_trim_threshold
 .data.__atexit_recursive_mutex
                0x20000870        0x4 c:/progra~2/gnuarm~1/102021~1.10/bin/../lib/gcc/arm-none-eabi/10.3.1/../../../../arm-none-eabi/lib/thumb/v7-m/nofp\libg.a(lib_a-__call_atexit.o)
                0x20000870                __atexit_recursive_mutex
 .data.__global_locale
                0x20000874      0x16c c:/progra~2/gnuarm~1/102021~1.10/bin/../lib/gcc/arm-none-eabi/10.3.1/../../../../arm-none-eabi/lib/thumb/v7-m/nofp\libg.a(lib_a-locale.o)
                0x20000874                __global_locale
 *(.RamFunc)
 *(.RamFunc*)
                0x200009e0                . = ALIGN (0x4)
                0x200009e0                _edata = .

.igot.plt       0x200009e0        0x0 load address 0x080118e0
 .igot.plt      0x200009e0        0x0 c:/progra~2/gnuarm~1/102021~1.10/bin/../lib/gcc/arm-none-eabi/10.3.1/thumb/v7-m/nofp/crtbegin.o
                0x200009e0                . = ALIGN (0x4)

.bss            0x200009e0      0x224 load address 0x080118e0
                0x200009e0                _sbss = .
                0x200009e0                __bss_start__ = _sbss
 *(.bss)
 .bss           0x200009e0       0x1c c:/progra~2/gnuarm~1/102021~1.10/bin/../lib/gcc/arm-none-eabi/10.3.1/thumb/v7-m/nofp/crtbegin.o
 *(.bss*)
 .bss.ADC_MQ2   0x200009fc        0x2 CMakeFiles/Firmware.elf.dir/Core/Src/Control.c.obj
                0x200009fc                ADC_MQ2
 .bss.ADC_MQ4   0x200009fe        0x2 CMakeFiles/Firmware.elf.dir/Core/Src/Control.c.obj
                0x200009fe                ADC_MQ4
 .bss.FUN_Flag  0x20000a00        0x1 CMakeFiles/Firmware.elf.dir/Core/Src/Control.c.obj
                0x20000a00                FUN_Flag
 .bss.Flash_Flag
                0x20000a01        0x1 CMakeFiles/Firmware.elf.dir/Core/Src/Control.c.obj
                0x20000a01                Flash_Flag
 .bss.Invert_Flag
                0x20000a02        0x1 CMakeFiles/Firmware.elf.dir/Core/Src/Control.c.obj
                0x20000a02                Invert_Flag
 .bss.MQ2_Flag  0x20000a03        0x1 CMakeFiles/Firmware.elf.dir/Core/Src/Control.c.obj
                0x20000a03                MQ2_Flag
 .bss.Steer_Flag
                0x20000a04        0x1 CMakeFiles/Firmware.elf.dir/Core/Src/Control.c.obj
                0x20000a04                Steer_Flag
 .bss.Tem_Flag  0x20000a05        0x1 CMakeFiles/Firmware.elf.dir/Core/Src/Control.c.obj
                0x20000a05                Tem_Flag
 .bss.Water_Flag
                0x20000a06        0x1 CMakeFiles/Firmware.elf.dir/Core/Src/Control.c.obj
                0x20000a06                Water_Flag
 *fill*         0x20000a07        0x1 
 .bss.hadc1     0x20000a08       0x30 CMakeFiles/Firmware.elf.dir/Core/Src/adc.c.obj
                0x20000a08                hadc1
 .bss.ep        0x20000a38        0x4 CMakeFiles/Firmware.elf.dir/Core/Src/cJSON.c.obj
 .bss.hi2c1     0x20000a3c       0x54 CMakeFiles/Firmware.elf.dir/Core/Src/i2c.c.obj
                0x20000a3c                hi2c1
 .bss.gHuart    0x20000a90        0x4 CMakeFiles/Firmware.elf.dir/Core/Src/retarget.c.obj
                0x20000a90                gHuart
 .bss.__sbrk_heap_end
                0x20000a94        0x4 CMakeFiles/Firmware.elf.dir/Core/Src/sysmem.c.obj
 .bss.htim2     0x20000a98       0x48 CMakeFiles/Firmware.elf.dir/Core/Src/tim.c.obj
                0x20000a98                htim2
 .bss.huart1    0x20000ae0       0x48 CMakeFiles/Firmware.elf.dir/Core/Src/usart.c.obj
                0x20000ae0                huart1
 .bss.huart2    0x20000b28       0x48 CMakeFiles/Firmware.elf.dir/Core/Src/usart.c.obj
                0x20000b28                huart2
 .bss.uwTick    0x20000b70        0x4 CMakeFiles/Firmware.elf.dir/Drivers/STM32F1xx_HAL_Driver/Src/stm32f1xx_hal.c.obj
                0x20000b70                uwTick
 .bss.ESP01S_buf
                0x20000b74       0x40 CMakeFiles/Firmware.elf.dir/NET/esp8266.c.obj
                0x20000b74                ESP01S_buf
 .bss.ESP01S_cnt
                0x20000bb4        0x2 CMakeFiles/Firmware.elf.dir/NET/esp8266.c.obj
                0x20000bb4                ESP01S_cnt
 .bss.ESP01S_cntPre
                0x20000bb6        0x2 CMakeFiles/Firmware.elf.dir/NET/esp8266.c.obj
                0x20000bb6                ESP01S_cntPre
 .bss.aRxBuffer
                0x20000bb8        0x1 CMakeFiles/Firmware.elf.dir/NET/esp8266.c.obj
                0x20000bb8                aRxBuffer
 *fill*         0x20000bb9        0x1 
 .bss.pkt_id.0  0x20000bba        0x2 CMakeFiles/Firmware.elf.dir/NET/onenet.c.obj
 .bss.__malloc_current_mallinfo
                0x20000bbc       0x28 c:/progra~2/gnuarm~1/102021~1.10/bin/../lib/gcc/arm-none-eabi/10.3.1/../../../../arm-none-eabi/lib/thumb/v7-m/nofp\libg.a(lib_a-mallocr.o)
                0x20000bbc                __malloc_current_mallinfo
 .bss.__malloc_max_sbrked_mem
                0x20000be4        0x4 c:/progra~2/gnuarm~1/102021~1.10/bin/../lib/gcc/arm-none-eabi/10.3.1/../../../../arm-none-eabi/lib/thumb/v7-m/nofp\libg.a(lib_a-mallocr.o)
                0x20000be4                __malloc_max_sbrked_mem
 .bss.__malloc_max_total_mem
                0x20000be8        0x4 c:/progra~2/gnuarm~1/102021~1.10/bin/../lib/gcc/arm-none-eabi/10.3.1/../../../../arm-none-eabi/lib/thumb/v7-m/nofp\libg.a(lib_a-mallocr.o)
                0x20000be8                __malloc_max_total_mem
 .bss.__malloc_top_pad
                0x20000bec        0x4 c:/progra~2/gnuarm~1/102021~1.10/bin/../lib/gcc/arm-none-eabi/10.3.1/../../../../arm-none-eabi/lib/thumb/v7-m/nofp\libg.a(lib_a-mallocr.o)
                0x20000bec                __malloc_top_pad
 .bss.__lock___atexit_recursive_mutex
                0x20000bf0        0x1 c:/progra~2/gnuarm~1/102021~1.10/bin/../lib/gcc/arm-none-eabi/10.3.1/../../../../arm-none-eabi/lib/thumb/v7-m/nofp\libg.a(lib_a-lock.o)
                0x20000bf0                __lock___atexit_recursive_mutex
 *fill*         0x20000bf1        0x3 
 .bss.__lock___malloc_recursive_mutex
                0x20000bf4        0x1 c:/progra~2/gnuarm~1/102021~1.10/bin/../lib/gcc/arm-none-eabi/10.3.1/../../../../arm-none-eabi/lib/thumb/v7-m/nofp\libg.a(lib_a-lock.o)
                0x20000bf4                __lock___malloc_recursive_mutex
 *fill*         0x20000bf5        0x3 
 .bss.__lock___sfp_recursive_mutex
                0x20000bf8        0x1 c:/progra~2/gnuarm~1/102021~1.10/bin/../lib/gcc/arm-none-eabi/10.3.1/../../../../arm-none-eabi/lib/thumb/v7-m/nofp\libg.a(lib_a-lock.o)
                0x20000bf8                __lock___sfp_recursive_mutex
 *fill*         0x20000bf9        0x3 
 .bss.__lock___sinit_recursive_mutex
                0x20000bfc        0x1 c:/progra~2/gnuarm~1/102021~1.10/bin/../lib/gcc/arm-none-eabi/10.3.1/../../../../arm-none-eabi/lib/thumb/v7-m/nofp\libg.a(lib_a-lock.o)
                0x20000bfc                __lock___sinit_recursive_mutex
 *fill*         0x20000bfd        0x3 
 .bss.errno     0x20000c00        0x4 c:/progra~2/gnuarm~1/102021~1.10/bin/../lib/gcc/arm-none-eabi/10.3.1/../../../../arm-none-eabi/lib/thumb/v7-m/nofp\libg.a(lib_a-reent.o)
                0x20000c00                errno
 *(COMMON)
                0x20000c04                . = ALIGN (0x4)
                0x20000c04                _ebss = .
                0x20000c04                __bss_end__ = _ebss

._user_heap_stack
                0x20000c04      0x604 load address 0x080118e0
                0x20000c08                . = ALIGN (0x8)
 *fill*         0x20000c04        0x4 
                [!provide]                PROVIDE (end = .)
                0x20000c08                PROVIDE (_end = .)
                0x20000e08                . = (. + _Min_Heap_Size)
 *fill*         0x20000c08      0x200 
                0x20001208                . = (. + _Min_Stack_Size)
 *fill*         0x20000e08      0x400 
                0x20001208                . = ALIGN (0x8)

/DISCARD/
 libc.a(*)
 libm.a(*)
 libgcc.a(*)

.ARM.attributes
                0x00000000       0x29
 *(.ARM.attributes)
 .ARM.attributes
                0x00000000       0x1d c:/progra~2/gnuarm~1/102021~1.10/bin/../lib/gcc/arm-none-eabi/10.3.1/thumb/v7-m/nofp/crti.o
 .ARM.attributes
                0x0000001d       0x2d c:/progra~2/gnuarm~1/102021~1.10/bin/../lib/gcc/arm-none-eabi/10.3.1/thumb/v7-m/nofp/crtbegin.o
 .ARM.attributes
                0x0000004a       0x2d CMakeFiles/Firmware.elf.dir/Core/Src/BEEP.c.obj
 .ARM.attributes
                0x00000077       0x2d CMakeFiles/Firmware.elf.dir/Core/Src/Control.c.obj
 .ARM.attributes
                0x000000a4       0x2d CMakeFiles/Firmware.elf.dir/Core/Src/DHT11.c.obj
 .ARM.attributes