Archive member included to satisfy reference by file (symbol)

c:/progra~2/gnuarm~1/102021~1.10/bin/../lib/gcc/arm-none-eabi/10.3.1/thumb/v7-m/nofp\libgcc.a(_arm_muldf3.o)
                              CMakeFiles/Firmware.elf.dir/Core/Src/cJSON.c.obj (__aeabi_dmul)
c:/progra~2/gnuarm~1/102021~1.10/bin/../lib/gcc/arm-none-eabi/10.3.1/thumb/v7-m/nofp\libgcc.a(_arm_mulsf3.o)
                              CMakeFiles/Firmware.elf.dir/Core/Src/OLED.c.obj (__aeabi_fmul)
c:/progra~2/gnuarm~1/102021~1.10/bin/../lib/gcc/arm-none-eabi/10.3.1/thumb/v7-m/nofp\libgcc.a(_arm_addsubdf3.o)
                              CMakeFiles/Firmware.elf.dir/Core/Src/cJSON.c.obj (__aeabi_dsub)
c:/progra~2/gnuarm~1/102021~1.10/bin/../lib/gcc/arm-none-eabi/10.3.1/thumb/v7-m/nofp\libgcc.a(_arm_cmpdf2.o)
                              CMakeFiles/Firmware.elf.dir/Core/Src/cJSON.c.obj (__aeabi_dcmpeq)
c:/progra~2/gnuarm~1/102021~1.10/bin/../lib/gcc/arm-none-eabi/10.3.1/thumb/v7-m/nofp\libgcc.a(_arm_fixdfsi.o)
                              CMakeFiles/Firmware.elf.dir/Core/Src/cJSON.c.obj (__aeabi_d2iz)
c:/progra~2/gnuarm~1/102021~1.10/bin/../lib/gcc/arm-none-eabi/10.3.1/thumb/v7-m/nofp\libgcc.a(_arm_addsubsf3.o)
                              CMakeFiles/Firmware.elf.dir/Core/Src/OLED.c.obj (__aeabi_fsub)
c:/progra~2/gnuarm~1/102021~1.10/bin/../lib/gcc/arm-none-eabi/10.3.1/thumb/v7-m/nofp\libgcc.a(_arm_cmpsf2.o)
                              CMakeFiles/Firmware.elf.dir/Core/Src/OLED.c.obj (__aeabi_fcmplt)
c:/progra~2/gnuarm~1/102021~1.10/bin/../lib/gcc/arm-none-eabi/10.3.1/thumb/v7-m/nofp\libgcc.a(_arm_fixsfsi.o)
                              CMakeFiles/Firmware.elf.dir/Core/Src/OLED.c.obj (__aeabi_f2iz)
c:/progra~2/gnuarm~1/102021~1.10/bin/../lib/gcc/arm-none-eabi/10.3.1/../../../../arm-none-eabi/lib/thumb/v7-m/nofp\libg.a(lib_a-atoi.o)
                              CMakeFiles/Firmware.elf.dir/NET/onenet.c.obj (atoi)
c:/progra~2/gnuarm~1/102021~1.10/bin/../lib/gcc/arm-none-eabi/10.3.1/../../../../arm-none-eabi/lib/thumb/v7-m/nofp\libg.a(lib_a-ctype_.o)
                              CMakeFiles/Firmware.elf.dir/Core/Src/cJSON.c.obj (_ctype_)
c:/progra~2/gnuarm~1/102021~1.10/bin/../lib/gcc/arm-none-eabi/10.3.1/../../../../arm-none-eabi/lib/thumb/v7-m/nofp\libg.a(lib_a-errno.o)
                              CMakeFiles/Firmware.elf.dir/Core/Src/retarget.c.obj (__errno)
c:/progra~2/gnuarm~1/102021~1.10/bin/../lib/gcc/arm-none-eabi/10.3.1/../../../../arm-none-eabi/lib/thumb/v7-m/nofp\libg.a(lib_a-exit.o)
                              c:/progra~2/gnuarm~1/102021~1.10/bin/../lib/gcc/arm-none-eabi/10.3.1/../../../../arm-none-eabi/lib/thumb/v7-m/nofp/crt0.o (exit)
c:/progra~2/gnuarm~1/102021~1.10/bin/../lib/gcc/arm-none-eabi/10.3.1/../../../../arm-none-eabi/lib/thumb/v7-m/nofp\libg.a(lib_a-impure.o)
                              c:/progra~2/gnuarm~1/102021~1.10/bin/../lib/gcc/arm-none-eabi/10.3.1/../../../../arm-none-eabi/lib/thumb/v7-m/nofp\libg.a(lib_a-exit.o) (_global_impure_ptr)
c:/progra~2/gnuarm~1/102021~1.10/bin/../lib/gcc/arm-none-eabi/10.3.1/../../../../arm-none-eabi/lib/thumb/v7-m/nofp\libg.a(lib_a-init.o)
                              c:/progra~2/gnuarm~1/102021~1.10/bin/../lib/gcc/arm-none-eabi/10.3.1/../../../../arm-none-eabi/lib/thumb/v7-m/nofp/crt0.o (__libc_init_array)
c:/progra~2/gnuarm~1/102021~1.10/bin/../lib/gcc/arm-none-eabi/10.3.1/../../../../arm-none-eabi/lib/thumb/v7-m/nofp\libg.a(lib_a-malloc.o)
                              CMakeFiles/Firmware.elf.dir/Core/Src/cJSON.c.obj (malloc)
c:/progra~2/gnuarm~1/102021~1.10/bin/../lib/gcc/arm-none-eabi/10.3.1/../../../../arm-none-eabi/lib/thumb/v7-m/nofp\libg.a(lib_a-mallocr.o)
                              c:/progra~2/gnuarm~1/102021~1.10/bin/../lib/gcc/arm-none-eabi/10.3.1/../../../../arm-none-eabi/lib/thumb/v7-m/nofp\libg.a(lib_a-malloc.o) (_malloc_r)
c:/progra~2/gnuarm~1/102021~1.10/bin/../lib/gcc/arm-none-eabi/10.3.1/../../../../arm-none-eabi/lib/thumb/v7-m/nofp\libg.a(lib_a-memcpy.o)
                              CMakeFiles/Firmware.elf.dir/Core/Src/cJSON.c.obj (memcpy)
c:/progra~2/gnuarm~1/102021~1.10/bin/../lib/gcc/arm-none-eabi/10.3.1/../../../../arm-none-eabi/lib/thumb/v7-m/nofp\libg.a(lib_a-memset.o)
                              c:/progra~2/gnuarm~1/102021~1.10/bin/../lib/gcc/arm-none-eabi/10.3.1/../../../../arm-none-eabi/lib/thumb/v7-m/nofp/crt0.o (memset)
c:/progra~2/gnuarm~1/102021~1.10/bin/../lib/gcc/arm-none-eabi/10.3.1/../../../../arm-none-eabi/lib/thumb/v7-m/nofp\libg.a(lib_a-mlock.o)
                              c:/progra~2/gnuarm~1/102021~1.10/bin/../lib/gcc/arm-none-eabi/10.3.1/../../../../arm-none-eabi/lib/thumb/v7-m/nofp\libg.a(lib_a-mallocr.o) (__malloc_lock)
c:/progra~2/gnuarm~1/102021~1.10/bin/../lib/gcc/arm-none-eabi/10.3.1/../../../../arm-none-eabi/lib/thumb/v7-m/nofp\libg.a(lib_a-printf.o)
                              CMakeFiles/Firmware.elf.dir/NET/onenet.c.obj (printf)
[...]
Memory Configuration

Name             Origin             Length             Attributes
RAM              0x20000000         0x00005000         xrw
FLASH            0x08000000         0x00020000         xr
*default*        0x00000000         0xffffffff

Linker script and memory map

LOAD c:/progra~2/gnuarm~1/102021~1.10/bin/../lib/gcc/arm-none-eabi/10.3.1/thumb/v7-m/nofp/crti.o
LOAD c:/progra~2/gnuarm~1/102021~1.10/bin/../lib/gcc/arm-none-eabi/10.3.1/thumb/v7-m/nofp/crtbegin.o
LOAD c:/progra~2/gnuarm~1/102021~1.10/bin/../lib/gcc/arm-none-eabi/10.3.1/../../../../arm-none-eabi/lib/thumb/v7-m/nofp/crt0.o
LOAD CMakeFiles/Firmware.elf.dir/Core/Src/BEEP.c.obj
LOAD CMakeFiles/Firmware.elf.dir/Core/Src/Control.c.obj
LOAD CMakeFiles/Firmware.elf.dir/Core/Src/DHT11.c.obj
LOAD CMakeFiles/Firmware.elf.dir/Core/Src/Key.c.obj
LOAD CMakeFiles/Firmware.elf.dir/Core/Src/LED.c.obj
LOAD CMakeFiles/Firmware.elf.dir/Core/Src/OLED.c.obj
LOAD CMakeFiles/Firmware.elf.dir/Core/Src/OLED_Font.c.obj
LOAD CMakeFiles/Firmware.elf.dir/Core/Src/Steer.c.obj
LOAD CMakeFiles/Firmware.elf.dir/Core/Src/adc.c.obj
LOAD CMakeFiles/Firmware.elf.dir/Core/Src/cJSON.c.obj
LOAD CMakeFiles/Firmware.elf.dir/Core/Src/gpio.c.obj
LOAD CMakeFiles/Firmware.elf.dir/Core/Src/i2c.c.obj
LOAD CMakeFiles/Firmware.elf.dir/Core/Src/main.c.obj
LOAD CMakeFiles/Firmware.elf.dir/Core/Src/retarget.c.obj
LOAD CMakeFiles/Firmware.elf.dir/Core/Src/stm32f1xx_hal_msp.c.obj
LOAD CMakeFiles/Firmware.elf.dir/Core/Src/stm32f1xx_it.c.obj
LOAD CMakeFiles/Firmware.elf.dir/Core/Src/syscalls.c.obj
LOAD CMakeFiles/Firmware.elf.dir/Core/Src/sysmem.c.obj
LOAD CMakeFiles/Firmware.elf.dir/Core/Src/system_stm32f1xx.c.obj
LOAD CMakeFiles/Firmware.elf.dir/Core/Src/tim.c.obj
LOAD CMakeFiles/Firmware.elf.dir/Core/Src/usart.c.obj
LOAD CMakeFiles/Firmware.elf.dir/Core/Startup/startup_stm32f103cbtx.s.obj
LOAD CMakeFiles/Firmware.elf.dir/Drivers/STM32F1xx_HAL_Driver/Src/stm32f1xx_hal.c.obj
LOAD CMakeFiles/Firmware.elf.dir/Drivers/STM32F1xx_HAL_Driver/Src/stm32f1xx_hal_adc.c.obj
LOAD CMakeFiles/Firmware.elf.dir/Drivers/STM32F1xx_HAL_Driver/Src/stm32f1xx_hal_adc_ex.c.obj
LOAD CMakeFiles/Firmware.elf.dir/Drivers/STM32F1xx_HAL_Driver/Src/stm32f1xx_hal_cortex.c.obj
LOAD CMakeFiles/Firmware.elf.dir/Drivers/STM32F1xx_HAL_Driver/Src/stm32f1xx_hal_dma.c.obj
LOAD CMakeFiles/Firmware.elf.dir/Drivers/STM32F1xx_HAL_Driver/Src/stm32f1xx_hal_exti.c.obj
LOAD CMakeFiles/Firmware.elf.dir/Drivers/STM32F1xx_HAL_Driver/Src/stm32f1xx_hal_flash.c.obj
LOAD CMakeFiles/Firmware.elf.dir/Drivers/STM32F1xx_HAL_Driver/Src/stm32f1xx_hal_flash_ex.c.obj
LOAD CMakeFiles/Firmware.elf.dir/Drivers/STM32F1xx_HAL_Driver/Src/stm32f1xx_hal_gpio.c.obj
LOAD CMakeFiles/Firmware.elf.dir/Drivers/STM32F1xx_HAL_Driver/Src/stm32f1xx_hal_gpio_ex.c.obj
LOAD CMakeFiles/Firmware.elf.dir/Drivers/STM32F1xx_HAL_Driver/Src/stm32f1xx_hal_i2c.c.obj
LOAD CMakeFiles/Firmware.elf.dir/Drivers/STM32F1xx_HAL_Driver/Src/stm32f1xx_hal_pwr.c.obj
LOAD CMakeFiles/Firmware.elf.dir/Drivers/STM32F1xx_HAL_Driver/Src/stm32f1xx_hal_rcc.c.obj
LOAD CMakeFiles/Firmware.elf.dir/Drivers/STM32F1xx_HAL_Driver/Src/stm32f1xx_hal_rcc_ex.c.obj
LOAD CMakeFiles/Firmware.elf.dir/Drivers/STM32F1xx_HAL_Driver/Src/stm32f1xx_hal_tim.c.obj
LOAD CMakeFiles/Firmware.elf.dir/Drivers/STM32F1xx_HAL_Driver/Src/stm32f1xx_hal_tim_ex.c.obj
LOAD CMakeFiles/Firmware.elf.dir/Drivers/STM32F1xx_HAL_Driver/Src/stm32f1xx_hal_uart.c.obj
LOAD CMakeFiles/Firmware.elf.dir/NET/MqttKit.c.obj
LOAD CMakeFiles/Firmware.elf.dir/NET/esp8266.c.obj
LOAD CMakeFiles/Firmware.elf.dir/NET/onenet.c.obj
START GROUP
LOAD c:/progra~2/gnuarm~1/102021~1.10/bin/../lib/gcc/arm-none-eabi/10.3.1/thumb/v7-m/nofp\libgcc.a
LOAD c:/progra~2/gnuarm~1/102021~1.10/bin/../lib/gcc/arm-none-eabi/10.3.1/../../../../arm-none-eabi/lib/thumb/v7-m/nofp\libg.a
LOAD c:/progra~2/gnuarm~1/102021~1.10/bin/../lib/gcc/arm-none-eabi/10.3.1/../../../../arm-none-eabi/lib/thumb/v7-m/nofp\libc.a
END GROUP
LOAD c:/progra~2/gnuarm~1/102021~1.10/bin/../lib/gcc/arm-none-eabi/10.3.1/thumb/v7-m/nofp/crtend.o
LOAD c:/progra~2/gnuarm~1/102021~1.10/bin/../lib/gcc/arm-none-eabi/10.3.1/thumb/v7-m/nofp/crtn.o
                0x20005000                _estack = (ORIGIN (RAM) + LENGTH (RAM))
                0x00000200                _Min_Heap_Size = 0x200
                0x00000400                _Min_Stack_Size = 0x400

.isr_vector     0x08000000      0x10c
                0x08000000                . = ALIGN (0x4)
 *(.isr_vector)
 .isr_vector    0x08000000      0x10c CMakeFiles/Firmware.elf.dir/Core/Startup/startup_stm32f103cbtx.s.obj
                0x08000000                g_pfnVectors
                0x0800010c                . = ALIGN (0x4)

.text           0x08000110     0xf2d4
                0x08000110                . = ALIGN (0x4)
 *(.text)
 .text          0x08000110       0x40 c:/progra~2/gnuarm~1/102021~1.10/bin/../lib/gcc/arm-none-eabi/10.3.1/thumb/v7-m/nofp/crtbegin.o
 .text          0x08000150      0x378 c:/progra~2/gnuarm~1/102021~1.10/bin/../lib/gcc/arm-none-eabi/10.3.1/thumb/v7-m/nofp\libgcc.a(_arm_addsubdf3.o)
                0x08000150                __aeabi_drsub
                0x08000158                __aeabi_dsub
                0x08000158                __subdf3
                0x0800015c                __aeabi_dadd
                0x0800015c                __adddf3
                0x080003d4                __floatunsidf
                0x080003d4                __aeabi_ui2d
                0x080003f4                __floatsidf
                0x080003f4                __aeabi_i2d
                0x08000418                __aeabi_f2d
                0x08000418                __extendsfdf2
                0x0800045c                __floatundidf
                0x0800045c                __aeabi_ul2d
                0x0800046c                __floatdidf
                0x0800046c                __aeabi_l2d
 .text          0x080004c8      0x110 c:/progra~2/gnuarm~1/102021~1.10/bin/../lib/gcc/arm-none-eabi/10.3.1/thumb/v7-m/nofp\libgcc.a(_arm_cmpdf2.o)
                0x080004c8                __gtdf2
                0x080004c8                __gedf2
                0x080004d0                __ltdf2
                0x080004d0                __ledf2
                0x080004d8                __nedf2
                0x080004d8                __eqdf2
                0x080004d8                __cmpdf2
                0x08000554                __aeabi_cdrcmple
                0x08000564                __aeabi_cdcmpeq
                0x08000564                __aeabi_cdcmple
                0x08000574                __aeabi_dcmpeq
                0x08000588                __aeabi_dcmplt
                0x0800059c                __aeabi_dcmple
                0x080005b0                __aeabi_dcmpge
                0x080005c4                __aeabi_dcmpgt
 .text          0x080005d8       0x50 c:/progra~2/gnuarm~1/102021~1.10/bin/../lib/gcc/arm-none-eabi/10.3.1/thumb/v7-m/nofp\libgcc.a(_arm_fixdfsi.o)
                0x080005d8                __aeabi_d2iz
                0x080005d8                __fixdfsi
 .text          0x08000628       0xec c:/progra~2/gnuarm~1/102021~1.10/bin/../lib/gcc/arm-none-eabi/10.3.1/../../../../arm-none-eabi/lib/thumb/v7-m/nofp\libg.a(lib_a-memcpy.o)
                0x08000628                memcpy
 .text          0x08000714      0x424 c:/progra~2/gnuarm~1/102021~1.10/bin/../lib/gcc/arm-none-eabi/10.3.1/thumb/v7-m/nofp\libgcc.a(_arm_muldivdf3.o)
                0x08000714                __aeabi_dmul
                0x08000714                __muldf3
                0x08000968                __divdf3
                0x08000968                __aeabi_ddiv
 .text          0x08000b38       0x2c c:/progra~2/gnuarm~1/102021~1.10/bin/../lib/gcc/arm-none-eabi/10.3.1/thumb/v7-m/nofp\libgcc.a(_arm_unorddf2.o)
                0x08000b38                __unorddf2
                0x08000b38                __aeabi_dcmpun
 .text          0x08000b64       0x30 c:/progra~2/gnuarm~1/102021~1.10/bin/../lib/gcc/arm-none-eabi/10.3.1/thumb/v7-m/nofp\libgcc.a(_aeabi_uldivmod.o)
                0x08000b64                __aeabi_uldivmod
 .text          0x08000b94      0x2d4 c:/progra~2/gnuarm~1/102021~1.10/bin/../lib/gcc/arm-none-eabi/10.3.1/thumb/v7-m/nofp\libgcc.a(_udivmoddi4.o)
                0x08000b94                __udivmoddi4
 .text          0x08000e68        0x4 c:/progra~2/gnuarm~1/102021~1.10/bin/../lib/gcc/arm-none-eabi/10.3.1/thumb/v7-m/nofp\libgcc.a(_dvmd_tls.o)
                0x08000e68                __aeabi_idiv0
                0x08000e68                __aeabi_ldiv0
 *(.text*)
 .text.BEEP_Init
                0x08000e6c       0x14 CMakeFiles/Firmware.elf.dir/Core/Src/BEEP.c.obj
                0x08000e6c                BEEP_Init
 .text.BEEP_On  0x08000e80       0x14 CMakeFiles/Firmware.elf.dir/Core/Src/BEEP.c.obj
                0x08000e80                BEEP_On
 .text.Steer_Angle
                0x08000e94       0x2c CMakeFiles/Firmware.elf.dir/Core/Src/Control.c.obj
                0x08000e94                Steer_Angle
 .text.Steer_Init
                0x08000ec0       0x18 CMakeFiles/Firmware.elf.dir/Core/Src/Control.c.obj
                0x08000ec0                Steer_Init
 .text.ADC_IN_1
                0x08000ed8       0x30 CMakeFiles/Firmware.elf.dir/Core/Src/Control.c.obj
                0x08000ed8                ADC_IN_1
 .text.MQ2_Check
                0x08000f08       0x34 CMakeFiles/Firmware.elf.dir/Core/Src/Control.c.obj
                0x08000f08                MQ2_Check
 .text.Tem_Check
                0x08000f3c       0x34 CMakeFiles/Firmware.elf.dir/Core/Src/Control.c.obj
                0x08000f3c                Tem_Check
 .text.Relay_Cotrol
                0x08000f70       0x48 CMakeFiles/Firmware.elf.dir/Core/Src/Control.c.obj
                0x08000f70                Relay_Cotrol
 .text.Update_System_Status
                0x08000fb8       0x6c CMakeFiles/Firmware.elf.dir/Core/Src/Control.c.obj
                0x08000fb8                Update_System_Status
 .text.OLED_Show
                0x08001024       0xc8 CMakeFiles/Firmware.elf.dir/Core/Src/Control.c.obj
                0x08001024                OLED_Show
 .text.Delay_us
                0x080010ec       0x50 CMakeFiles/Firmware.elf.dir/Core/Src/DHT11.c.obj
                0x080010ec                Delay_us
 .text.DHT11_OUT
                0x0800113c       0x2c CMakeFiles/Firmware.elf.dir/Core/Src/DHT11.c.obj
                0x0800113c                DHT11_OUT
 .text.DHT11_IN
                0x08001168       0x28 CMakeFiles/Firmware.elf.dir/Core/Src/DHT11.c.obj
                0x08001168                DHT11_IN
 .text.DHT11_Strat
                0x08001190       0x30 CMakeFiles/Firmware.elf.dir/Core/Src/DHT11.c.obj
                0x08001190                DHT11_Strat
 .text.DHT11_Check
                0x080011c0       0x58 CMakeFiles/Firmware.elf.dir/Core/Src/DHT11.c.obj
                0x080011c0                DHT11_Check
 .text.DHT11_Read_Bit
                0x08001218       0x54 CMakeFiles/Firmware.elf.dir/Core/Src/DHT11.c.obj
                0x08001218                DHT11_Read_Bit
 .text.DHT11_Read_Byte
                0x0800126c       0x1e CMakeFiles/Firmware.elf.dir/Core/Src/DHT11.c.obj
                0x0800126c                DHT11_Read_Byte
 .text.DHT11_Read_Data
                0x0800128a       0x5c CMakeFiles/Firmware.elf.dir/Core/Src/DHT11.c.obj
                0x0800128a                DHT11_Read_Data
 *fill*         0x080012e6        0x2 
 .text.OLED_WR_CMD
                0x080012e8       0x2c CMakeFiles/Firmware.elf.dir/Core/Src/OLED.c.obj
                0x080012e8                OLED_WR_CMD
 .text.OLED_Init
                0x08001314       0x24 CMakeFiles/Firmware.elf.dir/Core/Src/OLED.c.obj
                0x08001314                OLED_Init
 .text.OLED_WR_DATA
                0x08001338       0x2c CMakeFiles/Firmware.elf.dir/Core/Src/OLED.c.obj
                0x08001338                OLED_WR_DATA
 .text.OLED_Clear
                0x08001364       0x3a CMakeFiles/Firmware.elf.dir/Core/Src/OLED.c.obj
                0x08001364                OLED_Clear
 .text.OLED_Set_Pos
                0x0800139e       0x22 CMakeFiles/Firmware.elf.dir/Core/Src/OLED.c.obj
                0x0800139e                OLED_Set_Pos
 .text.oled_pow
                0x080013c0       0x16 CMakeFiles/Firmware.elf.dir/Core/Src/OLED.c.obj
                0x080013c0                oled_pow
 *fill*         0x080013d6        0x2 
 .text.OLED_ShowChar
                0x080013d8       0xe0 CMakeFiles/Firmware.elf.dir/Core/Src/OLED.c.obj
                0x080013d8                OLED_ShowChar
 .text.OLED_ShowString
                0x080014b8       0x66 CMakeFiles/Firmware.elf.dir/Core/Src/OLED.c.obj
                0x080014b8                OLED_ShowString
 *fill*         0x0800151e        0x2 
 .text.OLED_ShowNum
                0x08001520       0x9c CMakeFiles/Firmware.elf.dir/Core/Src/OLED.c.obj
                0x08001520                OLED_ShowNum
 .text.MX_ADC1_Init
                0x080015bc       0x5c CMakeFiles/Firmware.elf.dir/Core/Src/adc.c.obj
                0x080015bc                MX_ADC1_Init
 .text.HAL_ADC_MspInit
                0x08001618       0x60 CMakeFiles/Firmware.elf.dir/Core/Src/adc.c.obj
                0x08001618                HAL_ADC_MspInit
 .text.cJSON_strcasecmp
                0x08001678       0x5c CMakeFiles/Firmware.elf.dir/Core/Src/cJSON.c.obj
 .text.parse_hex4
                0x080016d4       0xd8 CMakeFiles/Firmware.elf.dir/Core/Src/cJSON.c.obj
 .text.parse_string
                0x080017ac      0x1c8 CMakeFiles/Firmware.elf.dir/Core/Src/cJSON.c.obj
 .text.skip     0x08001974       0x10 CMakeFiles/Firmware.elf.dir/Core/Src/cJSON.c.obj
 .text.cJSON_New_Item
                0x08001984       0x20 CMakeFiles/Firmware.elf.dir/Core/Src/cJSON.c.obj
 .text.parse_number
                0x080019a4      0x1ac CMakeFiles/Firmware.elf.dir/Core/Src/cJSON.c.obj
 .text.parse_value
                0x08001b50       0xa8 CMakeFiles/Firmware.elf.dir/Core/Src/cJSON.c.obj
 .text.parse_array
                0x08001bf8       0x98 CMakeFiles/Firmware.elf.dir/Core/Src/cJSON.c.obj
 .text.parse_object
                0x08001c90       0xf8 CMakeFiles/Firmware.elf.dir/Core/Src/cJSON.c.obj
 .text.cJSON_GetErrorPtr
                0x08001d88        0xc CMakeFiles/Firmware.elf.dir/Core/Src/cJSON.c.obj
                0x08001d88                cJSON_GetErrorPtr
 .text.cJSON_Delete
                0x08001d94       0x54 CMakeFiles/Firmware.elf.dir/Core/Src/cJSON.c.obj
                0x08001d94                cJSON_Delete
 .text.cJSON_ParseWithOpts
                0x08001de8       0x58 CMakeFiles/Firmware.elf.dir/Core/Src/cJSON.c.obj
                0x08001de8                cJSON_ParseWithOpts
 .text.cJSON_Parse
                0x08001e40        0xc CMakeFiles/Firmware.elf.dir/Core/Src/cJSON.c.obj
                0x08001e40                cJSON_Parse
 .text.cJSON_GetObjectItem
                0x08001e4c       0x1c CMakeFiles/Firmware.elf.dir/Core/Src/cJSON.c.obj
                0x08001e4c                cJSON_GetObjectItem
 .text.MX_GPIO_Init
                0x08001e68       0xe8 CMakeFiles/Firmware.elf.dir/Core/Src/gpio.c.obj
                0x08001e68                MX_GPIO_Init
 .text.MX_I2C1_Init
                0x08001f50       0x3c CMakeFiles/Firmware.elf.dir/Core/Src/i2c.c.obj
                0x08001f50                MX_I2C1_Init
 .text.HAL_I2C_MspInit
                0x08001f8c       0x64 CMakeFiles/Firmware.elf.dir/Core/Src/i2c.c.obj
                0x08001f8c                HAL_I2C_MspInit
 .text.HAL_UART_RxCpltCallback
                0x08001ff0       0x44 CMakeFiles/Firmware.elf.dir/Core/Src/main.c.obj
                0x08001ff0                HAL_UART_RxCpltCallback
 .text.Error_Handler
                0x08002034        0x4 CMakeFiles/Firmware.elf.dir/Core/Src/main.c.obj
                0x08002034                Error_Handler
 .text.SystemClock_Config
                0x08002038       0x84 CMakeFiles/Firmware.elf.dir/Core/Src/main.c.obj
                0x08002038                SystemClock_Config
 .text.main     0x080020bc      0x134 CMakeFiles/Firmware.elf.dir/Core/Src/main.c.obj
                0x080020bc                main
 .text.RetargetInit
                0x080021f0       0x20 CMakeFiles/Firmware.elf.dir/Core/Src/retarget.c.obj
                0x080021f0                RetargetInit
 .text._isatty  0x08002210       0x16 CMakeFiles/Firmware.elf.dir/Core/Src/retarget.c.obj
                0x08002210                _isatty
 *fill*         0x08002226        0x2 
 .text._write   0x08002228       0x34 CMakeFiles/Firmware.elf.dir/Core/Src/retarget.c.obj
                0x08002228                _write
 .text._close   0x0800225c       0x18 CMakeFiles/Firmware.elf.dir/Core/Src/retarget.c.obj
                0x0800225c                _close
 .text._lseek   0x08002274       0x10 CMakeFiles/Firmware.elf.dir/Core/Src/retarget.c.obj
                0x08002274                _lseek
 .text._read    0x08002284       0x30 CMakeFiles/Firmware.elf.dir/Core/Src/retarget.c.obj
                0x08002284                _read
 .text._fstat   0x080022b4       0x1a CMakeFiles/Firmware.elf.dir/Core/Src/retarget.c.obj
                0x080022b4                _fstat
 *fill*         0x080022ce        0x2 
 .text.HAL_MspInit
                0x080022d0       0x44 CMakeFiles/Firmware.elf.dir/Core/Src/stm32f1xx_hal_msp.c.obj
                0x080022d0                HAL_MspInit
 .text.NMI_Handler
                0x08002314        0x2 CMakeFiles/Firmware.elf.dir/Core/Src/stm32f1xx_it.c.obj
                0x08002314                NMI_Handler
 .text.HardFault_Handler
                0x08002316        0x2 CMakeFiles/Firmware.elf.dir/Core/Src/stm32f1xx_it.c.obj
                0x08002316                HardFault_Handler
 .text.MemManage_Handler
                0x08002318        0x2 CMakeFiles/Firmware.elf.dir/Core/Src/stm32f1xx_it.c.obj
                0x08002318                MemManage_Handler
 .text.BusFault_Handler
                0x0800231a        0x2 CMakeFiles/Firmware.elf.dir/Core/Src/stm32f1xx_it.c.obj
                0x0800231a                BusFault_Handler
 .text.UsageFault_Handler
                0x0800231c        0x2 CMakeFiles/Firmware.elf.dir/Core/Src/stm32f1xx_it.c.obj
                0x0800231c                UsageFault_Handler
 .text.SVC_Handler
                0x0800231e        0x2 CMakeFiles/Firmware.elf.dir/Core/Src/stm32f1xx_it.c.obj
                0x0800231e                SVC_Handler
 .text.DebugMon_Handler
                0x08002320        0x2 CMakeFiles/Firmware.elf.dir/Core/Src/stm32f1xx_it.c.obj
                0x08002320                DebugMon_Handler
 .text.PendSV_Handler
                0x08002322        0x2 CMakeFiles/Firmware.elf.dir/Core/Src/stm32f1xx_it.c.obj
                0x08002322                PendSV_Handler
 .text.SysTick_Handler
                0x08002324        0x8 CMakeFiles/Firmware.elf.dir/Core/Src/stm32f1xx_it.c.obj
                0x08002324                SysTick_Handler
 .text.USART2_IRQHandler
                0x0800232c       0x10 CMakeFiles/Firmware.elf.dir/Core/Src/stm32f1xx_it.c.obj
                0x0800232c                USART2_IRQHandler
 .text._getpid  0x0800233c        0x4 CMakeFiles/Firmware.elf.dir/Core/Src/syscalls.c.obj
                0x0800233c                _getpid
 .text._kill    0x08002340       0x10 CMakeFiles/Firmware.elf.dir/Core/Src/syscalls.c.obj
                0x08002340                _kill
 .text._exit    0x08002350        0xc CMakeFiles/Firmware.elf.dir/Core/Src/syscalls.c.obj
                0x08002350                _exit
 .text._sbrk    0x0800235c       0x48 CMakeFiles/Firmware.elf.dir/Core/Src/sysmem.c.obj
                0x0800235c                _sbrk
 .text.SystemInit
                0x080023a4        0x2 CMakeFiles/Firmware.elf.dir/Core/Src/system_stm32f1xx.c.obj
                0x080023a4                SystemInit
 .text.HAL_TIM_PWM_MspInit
                0x080023a6       0x26 CMakeFiles/Firmware.elf.dir/Core/Src/tim.c.obj
                0x080023a6                HAL_TIM_PWM_MspInit
 .text.HAL_TIM_MspPostInit
                0x080023cc       0x64 CMakeFiles/Firmware.elf.dir/Core/Src/tim.c.obj
                0x080023cc                HAL_TIM_MspPostInit
 .text.MX_TIM2_Init
                0x08002430       0x80 CMakeFiles/Firmware.elf.dir/Core/Src/tim.c.obj
                0x08002430                MX_TIM2_Init
 .text.MX_USART1_UART_Init
                0x080024b0       0x34 CMakeFiles/Firmware.elf.dir/Core/Src/usart.c.obj
                0x080024b0                MX_USART1_UART_Init
 .text.MX_USART2_UART_Init
                0x080024e4       0x50 CMakeFiles/Firmware.elf.dir/Core/Src/usart.c.obj
                0x080024e4                MX_USART2_UART_Init
 .text.HAL_UART_MspInit
                0x08002534       0xe4 CMakeFiles/Firmware.elf.dir/Core/Src/usart.c.obj
                0x08002534                HAL_UART_MspInit
 .text.Usart_SendString
                0x08002618       0x34 CMakeFiles/Firmware.elf.dir/Core/Src/usart.c.obj
                0x08002618                Usart_SendString
 .text.Reset_Handler
                0x0800264c       0x48 CMakeFiles/Firmware.elf.dir/Core/Startup/startup_stm32f103cbtx.s.obj
                0x0800264c                Reset_Handler
 .text.Default_Handler
                0x08002694        0x2 CMakeFiles/Firmware.elf.dir/Core/Startup/startup_stm32f103cbtx.s.obj
                0x08002694                RTC_Alarm_IRQHandler
                0x08002694                EXTI2_IRQHandler
                0x08002694                TIM1_CC_IRQHandler
                0x08002694                PVD_IRQHandler
                0x08002694                EXTI3_IRQHandler
                0x08002694                EXTI0_IRQHandler
                0x08002694                I2C2_EV_IRQHandler
                0x08002694                ADC1_2_IRQHandler
                0x08002694                SPI1_IRQHandler
                0x08002694                TAMPER_IRQHandler
                0x08002694                DMA1_Channel4_IRQHandler
                0x08002694                USART3_IRQHandler
                0x08002694                RTC_IRQHandler
                0x08002694                DMA1_Channel7_IRQHandler
                0x08002694                CAN1_RX1_IRQHandler
                0x08002694                TIM4_IRQHandler
                0x08002694                I2C1_EV_IRQHandler
                0x08002694                DMA1_Channel6_IRQHandler
                0x08002694                TIM3_IRQHandler
                0x08002694                RCC_IRQHandler
                0x08002694                TIM1_TRG_COM_IRQHandler
                0x08002694                DMA1_Channel1_IRQHandler
                0x08002694                Default_Handler
                0x08002694                EXTI15_10_IRQHandler
                0x08002694                EXTI9_5_IRQHandler
                0x08002694                SPI2_IRQHandler
                0x08002694                DMA1_Channel5_IRQHandler
                0x08002694                EXTI4_IRQHandler
                0x08002694                USB_LP_CAN1_RX0_IRQHandler
                0x08002694                USB_HP_CAN1_TX_IRQHandler
                0x08002694                DMA1_Channel3_IRQHandler
                0x08002694                TIM1_UP_IRQHandler
                0x08002694                WWDG_IRQHandler
                0x08002694                TIM2_IRQHandler
                0x08002694                TIM1_BRK_IRQHandler
                0x08002694                EXTI1_IRQHandler
                0x08002694                I2C2_ER_IRQHandler
                0x08002694                DMA1_Channel2_IRQHandler
                0x08002694                CAN1_SCE_IRQHandler
                0x08002694                FLASH_IRQHandler
                0x08002694                USART1_IRQHandler
                0x08002694                I2C1_ER_IRQHandler
                0x08002694                USBWakeUp_IRQHandler
 *fill*         0x08002696        0x2 
 .text.HAL_InitTick
                0x08002698       0x4c CMakeFiles/Firmware.elf.dir/Drivers/STM32F1xx_HAL_Driver/Src/stm32f1xx_hal.c.obj
                0x08002698                HAL_InitTick
 .text.HAL_Init
                0x080026e4       0x24 CMakeFiles/Firmware.elf.dir/Drivers/STM32F1xx_HAL_Driver/Src/stm32f1xx_hal.c.obj
                0x080026e4                HAL_Init
 .text.HAL_IncTick
                0x08002708       0x18 CMakeFiles/Firmware.elf.dir/Drivers/STM32F1xx_HAL_Driver/Src/stm32f1xx_hal.c.obj
                0x08002708                HAL_IncTick
 .text.HAL_GetTick
                0x08002720        0xc CMakeFiles/Firmware.elf.dir/Drivers/STM32F1xx_HAL_Driver/Src/stm32f1xx_hal.c.obj
                0x08002720                HAL_GetTick
 .text.HAL_Delay
                0x0800272c       0x28 CMakeFiles/Firmware.elf.dir/Drivers/STM32F1xx_HAL_Driver/Src/stm32f1xx_hal.c.obj
                0x0800272c                HAL_Delay
 .text.HAL_ADC_PollForConversion
                0x08002754      0x184 CMakeFiles/Firmware.elf.dir/Drivers/STM32F1xx_HAL_Driver/Src/stm32f1xx_hal_adc.c.obj
                0x08002754                HAL_ADC_PollForConversion
 .text.HAL_ADC_GetValue
                0x080028d8        0x6 CMakeFiles/Firmware.elf.dir/Drivers/STM32F1xx_HAL_Driver/Src/stm32f1xx_hal_adc.c.obj
                0x080028d8                HAL_ADC_GetValue
 *fill*         0x080028de        0x2 
 .text.HAL_ADC_ConfigChannel
                0x080028e0      0x144 CMakeFiles/Firmware.elf.dir/Drivers/STM32F1xx_HAL_Driver/Src/stm32f1xx_hal_adc.c.obj
                0x080028e0                HAL_ADC_ConfigChannel
 .text.HAL_ADC_GetState
                0x08002a24        0x4 CMakeFiles/Firmware.elf.dir/Drivers/STM32F1xx_HAL_Driver/Src/stm32f1xx_hal_adc.c.obj
                0x08002a24                HAL_ADC_GetState
 .text.ADC_Enable
                0x08002a28       0x88 CMakeFiles/Firmware.elf.dir/Drivers/STM32F1xx_HAL_Driver/Src/stm32f1xx_hal_adc.c.obj
                0x08002a28                ADC_Enable
 .text.HAL_ADC_Start
                0x08002ab0       0xe8 CMakeFiles/Firmware.elf.dir/Drivers/STM32F1xx_HAL_Driver/Src/stm32f1xx_hal_adc.c.obj
                0x08002ab0                HAL_ADC_Start
 .text.ADC_ConversionStop_Disable
                0x08002b98       0x56 CMakeFiles/Firmware.elf.dir/Drivers/STM32F1xx_HAL_Driver/Src/stm32f1xx_hal_adc.c.obj
                0x08002b98                ADC_ConversionStop_Disable
 *fill*         0x08002bee        0x2 
 .text.HAL_ADC_Init
                0x08002bf0      0x108 CMakeFiles/Firmware.elf.dir/Drivers/STM32F1xx_HAL_Driver/Src/stm32f1xx_hal_adc.c.obj
                0x08002bf0                HAL_ADC_Init
 .text.HAL_ADCEx_Calibration_Start
                0x08002cf8      0x100 CMakeFiles/Firmware.elf.dir/Drivers/STM32F1xx_HAL_Driver/Src/stm32f1xx_hal_adc_ex.c.obj
                0x08002cf8                HAL_ADCEx_Calibration_Start
 .text.HAL_NVIC_SetPriorityGrouping
                0x08002df8       0x24 CMakeFiles/Firmware.elf.dir/Drivers/STM32F1xx_HAL_Driver/Src/stm32f1xx_hal_cortex.c.obj
                0x08002df8                HAL_NVIC_SetPriorityGrouping
 .text.HAL_NVIC_SetPriority
                0x08002e1c       0x70 CMakeFiles/Firmware.elf.dir/Drivers/STM32F1xx_HAL_Driver/Src/stm32f1xx_hal_cortex.c.obj
                0x08002e1c                HAL_NVIC_SetPriority
 .text.HAL_NVIC_EnableIRQ
                0x08002e8c       0x1c CMakeFiles/Firmware.elf.dir/Drivers/STM32F1xx_HAL_Driver/Src/stm32f1xx_hal_cortex.c.obj
                0x08002e8c                HAL_NVIC_EnableIRQ
 .text.HAL_SYSTICK_Config
                0x08002ea8       0x28 CMakeFiles/Firmware.elf.dir/Drivers/STM32F1xx_HAL_Driver/Src/stm32f1xx_hal_cortex.c.obj
                0x08002ea8                HAL_SYSTICK_Config
 .text.HAL_DMA_Abort
                0x08002ed0       0x46 CMakeFiles/Firmware.elf.dir/Drivers/STM32F1xx_HAL_Driver/Src/stm32f1xx_hal_dma.c.obj
                0x08002ed0                HAL_DMA_Abort
 *fill*         0x08002f16        0x2 
 .text.HAL_DMA_Abort_IT
                0x08002f18       0x98 CMakeFiles/Firmware.elf.dir/Drivers/STM32F1xx_HAL_Driver/Src/stm32f1xx_hal_dma.c.obj
                0x08002f18                HAL_DMA_Abort_IT
 .text.HAL_GPIO_Init
                0x08002fb0      0x224 CMakeFiles/Firmware.elf.dir/Drivers/STM32F1xx_HAL_Driver/Src/stm32f1xx_hal_gpio.c.obj
                0x08002fb0                HAL_GPIO_Init
 .text.HAL_GPIO_ReadPin
                0x080031d4        0xe CMakeFiles/Firmware.elf.dir/Drivers/STM32F1xx_HAL_Driver/Src/stm32f1xx_hal_gpio.c.obj
                0x080031d4                HAL_GPIO_ReadPin
 .text.HAL_GPIO_WritePin
                0x080031e2        0xc CMakeFiles/Firmware.elf.dir/Drivers/STM32F1xx_HAL_Driver/Src/stm32f1xx_hal_gpio.c.obj
                0x080031e2                HAL_GPIO_WritePin
 .text.HAL_GPIO_TogglePin
                0x080031ee       0x12 CMakeFiles/Firmware.elf.dir/Drivers/STM32F1xx_HAL_Driver/Src/stm32f1xx_hal_gpio.c.obj
                0x080031ee                HAL_GPIO_TogglePin
 .text.I2C_IsAcknowledgeFailed
                0x08003200       0x32 CMakeFiles/Firmware.elf.dir/Drivers/STM32F1xx_HAL_Driver/Src/stm32f1xx_hal_i2c.c.obj
 .text.I2C_WaitOnFlagUntilTimeout
                0x08003232       0xaa CMakeFiles/Firmware.elf.dir/Drivers/STM32F1xx_HAL_Driver/Src/stm32f1xx_hal_i2c.c.obj
 .text.I2C_WaitOnMasterAddressFlagUntilTimeout
                0x080032dc       0xd6 CMakeFiles/Firmware.elf.dir/Drivers/STM32F1xx_HAL_Driver/Src/stm32f1xx_hal_i2c.c.obj
 .text.I2C_WaitOnTXEFlagUntilTimeout
                0x080033b2       0x5e CMakeFiles/Firmware.elf.dir/Drivers/STM32F1xx_HAL_Driver/Src/stm32f1xx_hal_i2c.c.obj
 .text.I2C_RequestMemoryWrite
                0x08003410       0xd8 CMakeFiles/Firmware.elf.dir/Drivers/STM32F1xx_HAL_Driver/Src/stm32f1xx_hal_i2c.c.obj
 .text.I2C_WaitOnBTFFlagUntilTimeout
                0x080034e8       0x5e CMakeFiles/Firmware.elf.dir/Drivers/STM32F1xx_HAL_Driver/Src/stm32f1xx_hal_i2c.c.obj
 *fill*         0x08003546        0x2 
 .text.HAL_I2C_Init
                0x08003548      0x1bc CMakeFiles/Firmware.elf.dir/Drivers/STM32F1xx_HAL_Driver/Src/stm32f1xx_hal_i2c.c.obj
                0x08003548                HAL_I2C_Init
 .text.HAL_I2C_Mem_Write
                0x08003704      0x164 CMakeFiles/Firmware.elf.dir/Drivers/STM32F1xx_HAL_Driver/Src/stm32f1xx_hal_i2c.c.obj
                0x08003704                HAL_I2C_Mem_Write
 .text.RCC_Delay
                0x08003868       0x2c CMakeFiles/Firmware.elf.dir/Drivers/STM32F1xx_HAL_Driver/Src/stm32f1xx_hal_rcc.c.obj
 .text.HAL_RCC_OscConfig
                0x08003894      0x410 CMakeFiles/Firmware.elf.dir/Drivers/STM32F1xx_HAL_Driver/Src/stm32f1xx_hal_rcc.c.obj
                0x08003894                HAL_RCC_OscConfig
 .text.HAL_RCC_GetSysClockFreq
                0x08003ca4       0x54 CMakeFiles/Firmware.elf.dir/Drivers/STM32F1xx_HAL_Driver/Src/stm32f1xx_hal_rcc.c.obj
                0x08003ca4                HAL_RCC_GetSysClockFreq
 .text.HAL_RCC_ClockConfig
                0x08003cf8      0x16c CMakeFiles/Firmware.elf.dir/Drivers/STM32F1xx_HAL_Driver/Src/stm32f1xx_hal_rcc.c.obj
                0x08003cf8                HAL_RCC_ClockConfig
 .text.HAL_RCC_GetHCLKFreq
                0x08003e64        0xc CMakeFiles/Firmware.elf.dir/Drivers/STM32F1xx_HAL_Driver/Src/stm32f1xx_hal_rcc.c.obj
                0x08003e64                HAL_RCC_GetHCLKFreq
 .text.HAL_RCC_GetPCLK1Freq
                0x08003e70       0x20 CMakeFiles/Firmware.elf.dir/Drivers/STM32F1xx_HAL_Driver/Src/stm32f1xx_hal_rcc.c.obj
                0x08003e70                HAL_RCC_GetPCLK1Freq
 .text.HAL_RCC_GetPCLK2Freq
                0x08003e90       0x20 CMakeFiles/Firmware.elf.dir/Drivers/STM32F1xx_HAL_Driver/Src/stm32f1xx_hal_rcc.c.obj
                0x08003e90                HAL_RCC_GetPCLK2Freq
 .text.HAL_RCCEx_PeriphCLKConfig
                0x08003eb0      0x118 CMakeFiles/Firmware.elf.dir/Drivers/STM32F1xx_HAL_Driver/Src/stm32f1xx_hal_rcc_ex.c.obj
                0x08003eb0                HAL_RCCEx_PeriphCLKConfig
 .text.HAL_RCCEx_GetPeriphCLKFreq
                0x08003fc8       0xd8 CMakeFiles/Firmware.elf.dir/Drivers/STM32F1xx_HAL_Driver/Src/stm32f1xx_hal_rcc_ex.c.obj
                0x08003fc8                HAL_RCCEx_GetPeriphCLKFreq
 .text.TIM_OC1_SetConfig
                0x080040a0       0x5c CMakeFiles/Firmware.elf.dir/Drivers/STM32F1xx_HAL_Driver/Src/stm32f1xx_hal_tim.c.obj
 .text.TIM_OC3_SetConfig
                0x080040fc       0x64 CMakeFiles/Firmware.elf.dir/Drivers/STM32F1xx_HAL_Driver/Src/stm32f1xx_hal_tim.c.obj
 .text.TIM_OC4_SetConfig
                0x08004160       0x48 CMakeFiles/Firmware.elf.dir/Drivers/STM32F1xx_HAL_Driver/Src/stm32f1xx_hal_tim.c.obj
 .text.TIM_Base_SetConfig
                0x080041a8       0x74 CMakeFiles/Firmware.elf.dir/Drivers/STM32F1xx_HAL_Driver/Src/stm32f1xx_hal_tim.c.obj
                0x080041a8                TIM_Base_SetConfig
 .text.HAL_TIM_PWM_Init
                0x0800421c       0x58 CMakeFiles/Firmware.elf.dir/Drivers/STM32F1xx_HAL_Driver/Src/stm32f1xx_hal_tim.c.obj
                0x0800421c                HAL_TIM_PWM_Init
 .text.TIM_OC2_SetConfig
                0x08004274       0x64 CMakeFiles/Firmware.elf.dir/Drivers/STM32F1xx_HAL_Driver/Src/stm32f1xx_hal_tim.c.obj
                0x08004274                TIM_OC2_SetConfig
 .text.HAL_TIM_PWM_ConfigChannel
                0x080042d8       0xdc CMakeFiles/Firmware.elf.dir/Drivers/STM32F1xx_HAL_Driver/Src/stm32f1xx_hal_tim.c.obj
                0x080042d8                HAL_TIM_PWM_ConfigChannel
 .text.TIM_CCxChannelCmd
                0x080043b4       0x1e CMakeFiles/Firmware.elf.dir/Drivers/STM32F1xx_HAL_Driver/Src/stm32f1xx_hal_tim.c.obj
                0x080043b4                TIM_CCxChannelCmd
 *fill*         0x080043d2        0x2 
 .text.HAL_TIM_PWM_Start
                0x080043d4       0xdc CMakeFiles/Firmware.elf.dir/Drivers/STM32F1xx_HAL_Driver/Src/stm32f1xx_hal_tim.c.obj
                0x080043d4                HAL_TIM_PWM_Start
 .text.HAL_TIMEx_MasterConfigSynchronization
                0x080044b0       0x6c CMakeFiles/Firmware.elf.dir/Drivers/STM32F1xx_HAL_Driver/Src/stm32f1xx_hal_tim_ex.c.obj
                0x080044b0                HAL_TIMEx_MasterConfigSynchronization
 .text.UART_EndRxTransfer
                0x0800451c       0x5c CMakeFiles/Firmware.elf.dir/Drivers/STM32F1xx_HAL_Driver/Src/stm32f1xx_hal_uart.c.obj
 .text.UART_Transmit_IT
                0x08004578       0x60 CMakeFiles/Firmware.elf.dir/Drivers/STM32F1xx_HAL_Driver/Src/stm32f1xx_hal_uart.c.obj
 .text.UART_SetConfig
                0x080045d8       0x94 CMakeFiles/Firmware.elf.dir/Drivers/STM32F1xx_HAL_Driver/Src/stm32f1xx_hal_uart.c.obj
 .text.UART_WaitOnFlagUntilTimeout
                0x0800466c       0x88 CMakeFiles/Firmware.elf.dir/Drivers/STM32F1xx_HAL_Driver/Src/stm32f1xx_hal_uart.c.obj
 .text.HAL_UART_Init
                0x080046f4       0x60 CMakeFiles/Firmware.elf.dir/Drivers/STM32F1xx_HAL_Driver/Src/stm32f1xx_hal_uart.c.obj
                0x080046f4                HAL_UART_Init
 .text.HAL_UART_Transmit
                0x08004754       0xbe CMakeFiles/Firmware.elf.dir/Drivers/STM32F1xx_HAL_Driver/Src/stm32f1xx_hal_uart.c.obj
                0x08004754                HAL_UART_Transmit
 .text.HAL_UART_Receive
                0x08004812       0xca CMakeFiles/Firmware.elf.dir/Drivers/STM32F1xx_HAL_Driver/Src/stm32f1xx_hal_uart.c.obj
                0x08004812                HAL_UART_Receive
 .text.HAL_UART_TxCpltCallback
                0x080048dc        0x2 CMakeFiles/Firmware.elf.dir/Drivers/STM32F1xx_HAL_Driver/Src/stm32f1xx_hal_uart.c.obj
                0x080048dc                HAL_UART_TxCpltCallback
 .text.UART_EndTransmit_IT
                0x080048de       0x1a CMakeFiles/Firmware.elf.dir/Drivers/STM32F1xx_HAL_Driver/Src/stm32f1xx_hal_uart.c.obj
 .text.HAL_UART_ErrorCallback
                0x080048f8        0x2 CMakeFiles/Firmware.elf.dir/Drivers/STM32F1xx_HAL_Driver/Src/stm32f1xx_hal_uart.c.obj
                0x080048f8                HAL_UART_ErrorCallback
 .text.UART_DMAAbortOnError
                0x080048fa       0x10 CMakeFiles/Firmware.elf.dir/Drivers/STM32F1xx_HAL_Driver/Src/stm32f1xx_hal_uart.c.obj
 .text.HAL_UARTEx_RxEventCallback
                0x0800490a        0x2 CMakeFiles/Firmware.elf.dir/Drivers/STM32F1xx_HAL_Driver/Src/stm32f1xx_hal_uart.c.obj
                0x0800490a                HAL_UARTEx_RxEventCallback
 .text.UART_Receive_IT
                0x0800490c       0xe6 CMakeFiles/Firmware.elf.dir/Drivers/STM32F1xx_HAL_Driver/Src/stm32f1xx_hal_uart.c.obj
 *fill*         0x080049f2        0x2 
 .text.HAL_UART_IRQHandler
                0x080049f4      0x288 CMakeFiles/Firmware.elf.dir/Drivers/STM32F1xx_HAL_Driver/Src/stm32f1xx_hal_uart.c.obj
                0x080049f4                HAL_UART_IRQHandler
 .text.UART_Start_Receive_IT
                0x08004c7c       0x36 CMakeFiles/Firmware.elf.dir/Drivers/STM32F1xx_HAL_Driver/Src/stm32f1xx_hal_uart.c.obj
                0x08004c7c                UART_Start_Receive_IT
 .text.HAL_UART_Receive_IT
                0x08004cb2       0x26 CMakeFiles/Firmware.elf.dir/Drivers/STM32F1xx_HAL_Driver/Src/stm32f1xx_hal_uart.c.obj
                0x08004cb2                HAL_UART_Receive_IT
 .text.MQTT_NewBuffer
                0x08004cd8       0x56 CMakeFiles/Firmware.elf.dir/NET/MqttKit.c.obj
                0x08004cd8                MQTT_NewBuffer
 .text.MQTT_DeleteBuffer
                0x08004d2e       0x1e CMakeFiles/Firmware.elf.dir/NET/MqttKit.c.obj
                0x08004d2e                MQTT_DeleteBuffer
 .text.MQTT_DumpLength
                0x08004d4c       0x24 CMakeFiles/Firmware.elf.dir/NET/MqttKit.c.obj
                0x08004d4c                MQTT_DumpLength
 .text.MQTT_ReadLength
                0x08004d70       0x4a CMakeFiles/Firmware.elf.dir/NET/MqttKit.c.obj
                0x08004d70                MQTT_ReadLength
 *fill*         0x08004dba        0x2 
 .text.MQTT_UnPacketRecv
                0x08004dbc       0x68 CMakeFiles/Firmware.elf.dir/NET/MqttKit.c.obj
                0x08004dbc                MQTT_UnPacketRecv
 .text.MQTT_PacketConnect
                0x08004e24      0x2b0 CMakeFiles/Firmware.elf.dir/NET/MqttKit.c.obj
                0x08004e24                MQTT_PacketConnect
 .text.MQTT_UnPacketConnectAck
                0x080050d4       0x18 CMakeFiles/Firmware.elf.dir/NET/MqttKit.c.obj
                0x080050d4                MQTT_UnPacketConnectAck
 .text.MQTT_UnPacketCmd
                0x080050ec       0xae CMakeFiles/Firmware.elf.dir/NET/MqttKit.c.obj
                0x080050ec                MQTT_UnPacketCmd
 .text.MQTT_PacketSubscribe
                0x0800519a       0xee CMakeFiles/Firmware.elf.dir/NET/MqttKit.c.obj
                0x0800519a                MQTT_PacketSubscribe
 .text.MQTT_UnPacketSubscribe
                0x08005288       0x26 CMakeFiles/Firmware.elf.dir/NET/MqttKit.c.obj
                0x08005288                MQTT_UnPacketSubscribe
 .text.MQTT_UnPacketUnSubscribe
                0x080052ae       0x16 CMakeFiles/Firmware.elf.dir/NET/MqttKit.c.obj
                0x080052ae                MQTT_UnPacketUnSubscribe
 .text.MQTT_PacketPublish
                0x080052c4      0x1fe CMakeFiles/Firmware.elf.dir/NET/MqttKit.c.obj
                0x080052c4                MQTT_PacketPublish
 *fill*         0x080054c2        0x2 
 .text.MQTT_UnPacketPublish
                0x080054c4      0x1b0 CMakeFiles/Firmware.elf.dir/NET/MqttKit.c.obj
                0x080054c4                MQTT_UnPacketPublish
 .text.MQTT_UnPacketPublishAck
                0x08005674       0x20 CMakeFiles/Firmware.elf.dir/NET/MqttKit.c.obj
                0x08005674                MQTT_UnPacketPublishAck
 .text.MQTT_UnPacketPublishRec
                0x08005694       0x20 CMakeFiles/Firmware.elf.dir/NET/MqttKit.c.obj
                0x08005694                MQTT_UnPacketPublishRec
 .text.MQTT_PacketPublishRel
                0x080056b4       0x46 CMakeFiles/Firmware.elf.dir/NET/MqttKit.c.obj
                0x080056b4                MQTT_PacketPublishRel
 .text.MQTT_UnPacketPublishRel
                0x080056fa       0x26 CMakeFiles/Firmware.elf.dir/NET/MqttKit.c.obj
                0x080056fa                MQTT_UnPacketPublishRel
 .text.MQTT_PacketPublishComp
                0x08005720       0x46 CMakeFiles/Firmware.elf.dir/NET/MqttKit.c.obj
                0x08005720                MQTT_PacketPublishComp
 .text.MQTT_UnPacketPublishComp
                0x08005766       0x20 CMakeFiles/Firmware.elf.dir/NET/MqttKit.c.obj
                0x08005766                MQTT_UnPacketPublishComp
 *fill*         0x08005786        0x2 
 .text.ESP01S_Clear
                0x08005788       0x1c CMakeFiles/Firmware.elf.dir/NET/esp8266.c.obj
                0x08005788                ESP01S_Clear
 .text.ESP01S_WaitRecive
                0x080057a4       0x2c CMakeFiles/Firmware.elf.dir/NET/esp8266.c.obj
                0x080057a4                ESP01S_WaitRecive
 .text.ESP01S_SendCmd
                0x080057d0       0x74 CMakeFiles/Firmware.elf.dir/NET/esp8266.c.obj
                0x080057d0                ESP01S_SendCmd
 .text.ESP01S_SendData
                0x08005844       0x68 CMakeFiles/Firmware.elf.dir/NET/esp8266.c.obj
                0x08005844                ESP01S_SendData
 .text.ESP01S_GetIPD
                0x080058ac       0x40 CMakeFiles/Firmware.elf.dir/NET/esp8266.c.obj
                0x080058ac                ESP01S_GetIPD
 .text.ESP01S_Init
                0x080058ec      0x100 CMakeFiles/Firmware.elf.dir/NET/esp8266.c.obj
                0x080058ec                ESP01S_Init
 .text.OneNet_DevLink
                0x080059ec      0x108 CMakeFiles/Firmware.elf.dir/NET/onenet.c.obj
                0x080059ec                OneNet_DevLink
 .text.OneNet_Subscribe
                0x08005af4       0x54 CMakeFiles/Firmware.elf.dir/NET/onenet.c.obj
                0x08005af4                OneNet_Subscribe
 .text.OneNet_Publish
                0x08005b48       0x58 CMakeFiles/Firmware.elf.dir/NET/onenet.c.obj
                0x08005b48                OneNet_Publish
 .text.OneNet_RevPro
                0x08005ba0      0x29c CMakeFiles/Firmware.elf.dir/NET/onenet.c.obj
                0x08005ba0                OneNet_RevPro
 .text.atoi     0x08005e3c        0x8 c:/progra~2/gnuarm~1/102021~1.10/bin/../lib/gcc/arm-none-eabi/10.3.1/../../../../arm-none-eabi/lib/thumb/v7-m/nofp\libg.a(lib_a-atoi.o)
                0x08005e3c                atoi
 .text.__errno  0x08005e44        0xc c:/progra~2/gnuarm~1/102021~1.10/bin/../lib/gcc/arm-none-eabi/10.3.1/../../../../arm-none-eabi/lib/thumb/v7-m/nofp\libg.a(lib_a-errno.o)
                0x08005e44                __errno
 .text.__libc_init_array
                0x08005e50       0x48 c:/progra~2/gnuarm~1/102021~1.10/bin/../lib/gcc/arm-none-eabi/10.3.1/../../../../arm-none-eabi/lib/thumb/v7-m/nofp\libg.a(lib_a-init.o)
                0x08005e50                __libc_init_array
 .text.malloc   0x08005e98       0x10 c:/progra~2/gnuarm~1/102021~1.10/bin/../lib/gcc/arm-none-eabi/10.3.1/../../../../arm-none-eabi/lib/thumb/v7-m/nofp\libg.a(lib_a-malloc.o)
                0x08005e98                malloc
 .text.free     0x08005ea8       0x10 c:/progra~2/gnuarm~1/102021~1.10/bin/../lib/gcc/arm-none-eabi/10.3.1/../../../../arm-none-eabi/lib/thumb/v7-m/nofp\libg.a(lib_a-malloc.o)
                0x08005ea8                free
 .text._malloc_r
                0x08005eb8      0x558 c:/progra~2/gnuarm~1/102021~1.10/bin/../lib/gcc/arm-none-eabi/10.3.1/../../../../arm-none-eabi/lib/thumb/v7-m/nofp\libg.a(lib_a-mallocr.o)
                0x08005eb8                _malloc_r
 .text.memset   0x08006410       0xa4 c:/progra~2/gnuarm~1/102021~1.10/bin/../lib/gcc/arm-none-eabi/10.3.1/../../../../arm-none-eabi/lib/thumb/v7-m/nofp\libg.a(lib_a-memset.o)
                0x08006410                memset
 .text.__malloc_lock
                0x080064b4        0xc c:/progra~2/gnuarm~1/102021~1.10/bin/../lib/gcc/arm-none-eabi/10.3.1/../../../../arm-none-eabi/lib/thumb/v7-m/nofp\libg.a(lib_a-mlock.o)
                0x080064b4                __malloc_lock
 .text.__malloc_unlock
                0x080064c0        0xc c:/progra~2/gnuarm~1/102021~1.10/bin/../lib/gcc/arm-none-eabi/10.3.1/../../../../arm-none-eabi/lib/thumb/v7-m/nofp\libg.a(lib_a-mlock.o)
                0x080064c0                __malloc_unlock
 .text.printf   0x080064cc       0x28 c:/progra~2/gnuarm~1/102021~1.10/bin/../lib/gcc/arm-none-eabi/10.3.1/../../../../arm-none-eabi/lib/thumb/v7-m/nofp\libg.a(lib_a-printf.o)
                0x080064cc                printf
 .text._puts_r  0x080064f4       0x9c c:/progra~2/gnuarm~1/102021~1.10/bin/../lib/gcc/arm-none-eabi/10.3.1/../../../../arm-none-eabi/lib/thumb/v7-m/nofp\libg.a(lib_a-puts.o)
                0x080064f4                _puts_r
 .text.puts     0x08006590       0x10 c:/progra~2/gnuarm~1/102021~1.10/bin/../lib/gcc/arm-none-eabi/10.3.1/../../../../arm-none-eabi/lib/thumb/v7-m/nofp\libg.a(lib_a-puts.o)
                0x08006590                puts
 .text._sbrk_r  0x080065a0       0x24 c:/progra~2/gnuarm~1/102021~1.10/bin/../lib/gcc/arm-none-eabi/10.3.1/../../../../arm-none-eabi/lib/thumb/v7-m/nofp\libg.a(lib_a-sbrkr.o)
                0x080065a0                _sbrk_r
 .text.setvbuf  0x080065c4      0x1b0 c:/progra~2/gnuarm~1/102021~1.10/bin/../lib/gcc/arm-none-eabi/10.3.1/../../../../arm-none-eabi/lib/thumb/v7-m/nofp\libg.a(lib_a-setvbuf.o)
                0x080065c4                setvbuf
 .text.sprintf  0x08006774       0x44 c:/progra~2/gnuarm~1/102021~1.10/bin/../lib/gcc/arm-none-eabi/10.3.1/../../../../arm-none-eabi/lib/thumb/v7-m/nofp\libg.a(lib_a-sprintf.o)
                0x08006774                sprintf
 .text.strchr   0x080067b8       0xcc c:/progra~2/gnuarm~1/102021~1.10/bin/../lib/gcc/arm-none-eabi/10.3.1/../../../../arm-none-eabi/lib/thumb/v7-m/nofp\libg.a(lib_a-strchr.o)
                0x080067b8                strchr
 .text.strlen   0x08006884       0x5c c:/progra~2/gnuarm~1/102021~1.10/bin/../lib/gcc/arm-none-eabi/10.3.1/../../../../arm-none-eabi/lib/thumb/v7-m/nofp\libg.a(lib_a-strlen-stub.o)
                0x08006884                strlen
 .text.strncat  0x080068e0       0x5c c:/progra~2/gnuarm~1/102021~1.10/bin/../lib/gcc/arm-none-eabi/10.3.1/../../../../arm-none-eabi/lib/thumb/v7-m/nofp\libg.a(lib_a-strncat.o)
                0x080068e0                strncat
 .text.strncmp  0x0800693c       0x7c c:/progra~2/gnuarm~1/102021~1.10/bin/../lib/gcc/arm-none-eabi/10.3.1/../../../../arm-none-eabi/lib/thumb/v7-m/nofp\libg.a(lib_a-strncmp.o)
                0x0800693c                strncmp
 .text.two_way_long_needle
                0x080069b8      0x2b8 c:/progra~2/gnuarm~1/102021~1.10/bin/../lib/gcc/arm-none-eabi/10.3.1/../../../../arm-none-eabi/lib/thumb/v7-m/nofp\libg.a(lib_a-strstr.o)
 .text.strstr   0x08006c70      0x168 c:/progra~2/gnuarm~1/102021~1.10/bin/../lib/gcc/arm-none-eabi/10.3.1/../../../../arm-none-eabi/lib/thumb/v7-m/nofp\libg.a(lib_a-strstr.o)
                0x08006c70                strstr
 .text._strtol_l.part.0
                0x08006dd8      0x120 c:/progra~2/gnuarm~1/102021~1.10/bin/../lib/gcc/arm-none-eabi/10.3.1/../../../../arm-none-eabi/lib/thumb/v7-m/nofp\libg.a(lib_a-strtol.o)
 .text.strtol   0x08006ef8       0x2c c:/progra~2/gnuarm~1/102021~1.10/bin/../lib/gcc/arm-none-eabi/10.3.1/../../../../arm-none-eabi/lib/thumb/v7-m/nofp\libg.a(lib_a-strtol.o)
                0x08006ef8                strtol
 .text._svfprintf_r
                0x08006f24     0x1aa4 c:/progra~2/gnuarm~1/102021~1.10/bin/../lib/gcc/arm-none-eabi/10.3.1/../../../../arm-none-eabi/lib/thumb/v7-m/nofp\libg.a(lib_a-svfprintf.o)
                0x08006f24                _svfprintf_r
 .text._vfprintf_r
                0x080089c8     0x1b58 c:/progra~2/gnuarm~1/102021~1.10/bin/../lib/gcc/arm-none-eabi/10.3.1/../../../../arm-none-eabi/lib/thumb/v7-m/nofp\libg.a(lib_a-vfprintf.o)
                0x080089c8                _vfprintf_r
 .text.__sbprintf
                0x0800a520       0x84 c:/progra~2/gnuarm~1/102021~1.10/bin/../lib/gcc/arm-none-eabi/10.3.1/../../../../arm-none-eabi/lib/thumb/v7-m/nofp\libg.a(lib_a-vfprintf.o)
 .text.__swsetup_r
                0x0800a5a4       0xd4 c:/progra~2/gnuarm~1/102021~1.10/bin/../lib/gcc/arm-none-eabi/10.3.1/../../../../arm-none-eabi/lib/thumb/v7-m/nofp\libg.a(lib_a-wsetup.o)
                0x0800a5a4                __swsetup_r
 .text.startup.register_fini
                0x0800a678       0x14 c:/progra~2/gnuarm~1/102021~1.10/bin/../lib/gcc/arm-none-eabi/10.3.1/../../../../arm-none-eabi/lib/thumb/v7-m/nofp\libg.a(lib_a-__call_atexit.o)
 .text.atexit   0x0800a68c        0xc c:/progra~2/gnuarm~1/102021~1.10/bin/../lib/gcc/arm-none-eabi/10.3.1/../../../../arm-none-eabi/lib/thumb/v7-m/nofp\libg.a(lib_a-atexit.o)
                0x0800a68c                atexit
 .text.quorem   0x0800a698      0x12c c:/progra~2/gnuarm~1/102021~1.10/bin/../lib/gcc/arm-none-eabi/10.3.1/../../../../arm-none-eabi/lib/thumb/v7-m/nofp\libg.a(lib_a-dtoa.o)
 *fill*         0x0800a7c4        0x4 
 .text._dtoa_r  0x0800a7c8      0xecc c:/progra~2/gnuarm~1/102021~1.10/bin/../lib/gcc/arm-none-eabi/10.3.1/../../../../arm-none-eabi/lib/thumb/v7-m/nofp\libg.a(lib_a-dtoa.o)
                0x0800a7c8                _dtoa_r
 .text.__sflush_r
                0x0800b694      0x124 c:/progra~2/gnuarm~1/102021~1.10/bin/../lib/gcc/arm-none-eabi/10.3.1/../../../../arm-none-eabi/lib/thumb/v7-m/nofp\libg.a(lib_a-fflush.o)
                0x0800b694                __sflush_r
 .text._fflush_r
                0x0800b7b8       0x5c c:/progra~2/gnuarm~1/102021~1.10/bin/../lib/gcc/arm-none-eabi/10.3.1/../../../../arm-none-eabi/lib/thumb/v7-m/nofp\libg.a(lib_a-fflush.o)
                0x0800b7b8                _fflush_r
 .text._cleanup_r
                0x0800b814        0xc c:/progra~2/gnuarm~1/102021~1.10/bin/../lib/gcc/arm-none-eabi/10.3.1/../../../../arm-none-eabi/lib/thumb/v7-m/nofp\libg.a(lib_a-findfp.o)
                0x0800b814                _cleanup_r
 .text.__sinit  0x0800b820      0x10c c:/progra~2/gnuarm~1/102021~1.10/bin/../lib/gcc/arm-none-eabi/10.3.1/../../../../arm-none-eabi/lib/thumb/v7-m/nofp\libg.a(lib_a-findfp.o)
                0x0800b820                __sinit
 .text.__sfp_lock_acquire
                0x0800b92c        0xc c:/progra~2/gnuarm~1/102021~1.10/bin/../lib/gcc/arm-none-eabi/10.3.1/../../../../arm-none-eabi/lib/thumb/v7-m/nofp\libg.a(lib_a-findfp.o)
                0x0800b92c                __sfp_lock_acquire
 .text.__sfp_lock_release
                0x0800b938        0xc c:/progra~2/gnuarm~1/102021~1.10/bin/../lib/gcc/arm-none-eabi/10.3.1/../../../../arm-none-eabi/lib/thumb/v7-m/nofp\libg.a(lib_a-findfp.o)
                0x0800b938                __sfp_lock_release
 .text.__libc_fini_array
                0x0800b944       0x2c c:/progra~2/gnuarm~1/102021~1.10/bin/../lib/gcc/arm-none-eabi/10.3.1/../../../../arm-none-eabi/lib/thumb/v7-m/nofp\libg.a(lib_a-fini.o)
                0x0800b944                __libc_fini_array
 .text._malloc_trim_r
                0x0800b970       0xa0 c:/progra~2/gnuarm~1/102021~1.10/bin/../lib/gcc/arm-none-eabi/10.3.1/../../../../arm-none-eabi/lib/thumb/v7-m/nofp\libg.a(lib_a-freer.o)
                0x0800b970                _malloc_trim_r
 .text._free_r  0x0800ba10      0x200 c:/progra~2/gnuarm~1/102021~1.10/bin/../lib/gcc/arm-none-eabi/10.3.1/../../../../arm-none-eabi/lib/thumb/v7-m/nofp\libg.a(lib_a-freer.o)
                0x0800ba10                _free_r
 .text.__sfvwrite_r
                0x0800bc10      0x2f0 c:/progra~2/gnuarm~1/102021~1.10/bin/../lib/gcc/arm-none-eabi/10.3.1/../../../../arm-none-eabi/lib/thumb/v7-m/nofp\libg.a(lib_a-fvwrite.o)
                0x0800bc10                __sfvwrite_r
 .text._fwalk_reent
                0x0800bf00       0x48 c:/progra~2/gnuarm~1/102021~1.10/bin/../lib/gcc/arm-none-eabi/10.3.1/../../../../arm-none-eabi/lib/thumb/v7-m/nofp\libg.a(lib_a-fwalk.o)
                0x0800bf00                _fwalk_reent
 .text._localeconv_r
                0x0800bf48        0x8 c:/progra~2/gnuarm~1/102021~1.10/bin/../lib/gcc/arm-none-eabi/10.3.1/../../../../arm-none-eabi/lib/thumb/v7-m/nofp\libg.a(lib_a-localeconv.o)
                0x0800bf48                _localeconv_r
 .text.__retarget_lock_init_recursive
                0x0800bf50        0x4 c:/progra~2/gnuarm~1/102021~1.10/bin/../lib/gcc/arm-none-eabi/10.3.1/../../../../arm-none-eabi/lib/thumb/v7-m/nofp\libg.a(lib_a-lock.o)
                0x0800bf50                __retarget_lock_init_recursive
 .text.__retarget_lock_close_recursive
                0x0800bf54        0x4 c:/progra~2/gnuarm~1/102021~1.10/bin/../lib/gcc/arm-none-eabi/10.3.1/../../../../arm-none-eabi/lib/thumb/v7-m/nofp\libg.a(lib_a-lock.o)
                0x0800bf54                __retarget_lock_close_recursive
 .text.__retarget_lock_acquire_recursive
                0x0800bf58        0x4 c:/progra~2/gnuarm~1/102021~1.10/bin/../lib/gcc/arm-none-eabi/10.3.1/../../../../arm-none-eabi/lib/thumb/v7-m/nofp\libg.a(lib_a-lock.o)
                0x0800bf58                __retarget_lock_acquire_recursive
 .text.__retarget_lock_release_recursive
                0x0800bf5c        0x4 c:/progra~2/gnuarm~1/102021~1.10/bin/../lib/gcc/arm-none-eabi/10.3.1/../../../../arm-none-eabi/lib/thumb/v7-m/nofp\libg.a(lib_a-lock.o)
                0x0800bf5c                __retarget_lock_release_recursive
 .text.__smakebuf_r
                0x0800bf60       0xe0 c:/progra~2/gnuarm~1/102021~1.10/bin/../lib/gcc/arm-none-eabi/10.3.1/../../../../arm-none-eabi/lib/thumb/v7-m/nofp\libg.a(lib_a-makebuf.o)
                0x0800bf60                __smakebuf_r
 .text.__swhatbuf_r
                0x0800c040       0x60 c:/progra~2/gnuarm~1/102021~1.10/bin/../lib/gcc/arm-none-eabi/10.3.1/../../../../arm-none-eabi/lib/thumb/v7-m/nofp\libg.a(lib_a-makebuf.o)
                0x0800c040                __swhatbuf_r
 .text.memchr   0x0800c0a0       0x90 c:/progra~2/gnuarm~1/102021~1.10/bin/../lib/gcc/arm-none-eabi/10.3.1/../../../../arm-none-eabi/lib/thumb/v7-m/nofp\libg.a(lib_a-memchr-stub.o)
                0x0800c0a0                memchr
 .text.memcmp   0x0800c130       0x68 c:/progra~2/gnuarm~1/102021~1.10/bin/../lib/gcc/arm-none-eabi/10.3.1/../../../../arm-none-eabi/lib/thumb/v7-m/nofp\libg.a(lib_a-memcmp.o)
                0x0800c130                memcmp
 .text.memmove  0x0800c198       0xf8 c:/progra~2/gnuarm~1/102021~1.10/bin/../lib/gcc/arm-none-eabi/10.3.1/../../../../arm-none-eabi/lib/thumb/v7-m/nofp\libg.a(lib_a-memmove.o)
                0x0800c198                memmove
 .text._Balloc  0x0800c290       0x4c c:/progra~2/gnuarm~1/102021~1.10/bin/../lib/gcc/arm-none-eabi/10.3.1/../../../../arm-none-eabi/lib/thumb/v7-m/nofp\libg.a(lib_a-mprec.o)
                0x0800c290                _Balloc
 .text._Bfree   0x0800c2dc       0x14 c:/progra~2/gnuarm~1/102021~1.10/bin/../lib/gcc/arm-none-eabi/10.3.1/../../../../arm-none-eabi/lib/thumb/v7-m/nofp\libg.a(lib_a-mprec.o)
                0x0800c2dc                _Bfree
 .text.__multadd
                0x0800c2f0       0xa4 c:/progra~2/gnuarm~1/102021~1.10/bin/../lib/gcc/arm-none-eabi/10.3.1/../../../../arm-none-eabi/lib/thumb/v7-m/nofp\libg.a(lib_a-mprec.o)
                0x0800c2f0                __multadd
 .text.__hi0bits
                0x0800c394       0x40 c:/progra~2/gnuarm~1/102021~1.10/bin/../lib/gcc/arm-none-eabi/10.3.1/../../../../arm-none-eabi/lib/thumb/v7-m/nofp\libg.a(lib_a-mprec.o)
                0x0800c394                __hi0bits
 .text.__lo0bits
                0x0800c3d4       0x58 c:/progra~2/gnuarm~1/102021~1.10/bin/../lib/gcc/arm-none-eabi/10.3.1/../../../../arm-none-eabi/lib/thumb/v7-m/nofp\libg.a(lib_a-mprec.o)
                0x0800c3d4                __lo0bits
 .text.__i2b    0x0800c42c       0x5c c:/progra~2/gnuarm~1/102021~1.10/bin/../lib/gcc/arm-none-eabi/10.3.1/../../../../arm-none-eabi/lib/thumb/v7-m/nofp\libg.a(lib_a-mprec.o)
                0x0800c42c                __i2b
 .text.__multiply
                0x0800c488      0x15c c:/progra~2/gnuarm~1/102021~1.10/bin/../lib/gcc/arm-none-eabi/10.3.1/../../../../arm-none-eabi/lib/thumb/v7-m/nofp\libg.a(lib_a-mprec.o)
                0x0800c488                __multiply
 .text.__pow5mult
                0x0800c5e4       0xb8 c:/progra~2/gnuarm~1/102021~1.10/bin/../lib/gcc/arm-none-eabi/10.3.1/../../../../arm-none-eabi/lib/thumb/v7-m/nofp\libg.a(lib_a-mprec.o)
                0x0800c5e4                __pow5mult
 .text.__lshift
                0x0800c69c       0xec c:/progra~2/gnuarm~1/102021~1.10/bin/../lib/gcc/arm-none-eabi/10.3.1/../../../../arm-none-eabi/lib/thumb/v7-m/nofp\libg.a(lib_a-mprec.o)
                0x0800c69c                __lshift
 .text.__mcmp   0x0800c788       0x40 c:/progra~2/gnuarm~1/102021~1.10/bin/../lib/gcc/arm-none-eabi/10.3.1/../../../../arm-none-eabi/lib/thumb/v7-m/nofp\libg.a(lib_a-mprec.o)
                0x0800c788                __mcmp
 .text.__mdiff  0x0800c7c8      0x14c c:/progra~2/gnuarm~1/102021~1.10/bin/../lib/gcc/arm-none-eabi/10.3.1/../../../../arm-none-eabi/lib/thumb/v7-m/nofp\libg.a(lib_a-mprec.o)
                0x0800c7c8                __mdiff
 .text.__d2b    0x0800c914       0xc4 c:/progra~2/gnuarm~1/102021~1.10/bin/../lib/gcc/arm-none-eabi/10.3.1/../../../../arm-none-eabi/lib/thumb/v7-m/nofp\libg.a(lib_a-mprec.o)
                0x0800c914                __d2b
 .text._realloc_r
                0x0800c9d8      0x3dc c:/progra~2/gnuarm~1/102021~1.10/bin/../lib/gcc/arm-none-eabi/10.3.1/../../../../arm-none-eabi/lib/thumb/v7-m/nofp\libg.a(lib_a-reallocr.o)
                0x0800c9d8                _realloc_r
 .text.frexp    0x0800cdb4       0x70 c:/progra~2/gnuarm~1/102021~1.10/bin/../lib/gcc/arm-none-eabi/10.3.1/../../../../arm-none-eabi/lib/thumb/v7-m/nofp\libg.a(lib_a-s_frexp.o)
                0x0800cdb4                frexp
 .text.__sread  0x0800ce24       0x24 c:/progra~2/gnuarm~1/102021~1.10/bin/../lib/gcc/arm-none-eabi/10.3.1/../../../../arm-none-eabi/lib/thumb/v7-m/nofp\libg.a(lib_a-stdio.o)
                0x0800ce24                __sread
 .text.__swrite
                0x0800ce48       0x40 c:/progra~2/gnuarm~1/102021~1.10/bin/../lib/gcc/arm-none-eabi/10.3.1/../../../../arm-none-eabi/lib/thumb/v7-m/nofp\libg.a(lib_a-stdio.o)
                0x0800ce48                __swrite
 .text.__sseek  0x0800ce88       0x20 c:/progra~2/gnuarm~1/102021~1.10/bin/../lib/gcc/arm-none-eabi/10.3.1/../../../../arm-none-eabi/lib/thumb/v7-m/nofp\libg.a(lib_a-stdio.o)
                0x0800ce88                __sseek
 .text.__sclose
                0x0800cea8        0x8 c:/progra~2/gnuarm~1/102021~1.10/bin/../lib/gcc/arm-none-eabi/10.3.1/../../../../arm-none-eabi/lib/thumb/v7-m/nofp\libg.a(lib_a-stdio.o)
                0x0800cea8                __sclose
 .text.strncpy  0x0800ceb0       0x68 c:/progra~2/gnuarm~1/102021~1.10/bin/../lib/gcc/arm-none-eabi/10.3.1/../../../../arm-none-eabi/lib/thumb/v7-m/nofp\libg.a(lib_a-strncpy.o)
                0x0800ceb0                strncpy
 .text.strnlen  0x0800cf18       0x24 c:/progra~2/gnuarm~1/102021~1.10/bin/../lib/gcc/arm-none-eabi/10.3.1/../../../../arm-none-eabi/lib/thumb/v7-m/nofp\libg.a(lib_a-strnlen.o)
                0x0800cf18                strnlen
 .text.__ssprint_r
                0x0800cf3c       0xfc c:/progra~2/gnuarm~1/102021~1.10/bin/../lib/gcc/arm-none-eabi/10.3.1/../../../../arm-none-eabi/lib/thumb/v7-m/nofp\libg.a(lib_a-svfiprintf.o)
                0x0800cf3c                __ssprint_r
 .text.__sprint_r.part.0
                0x0800d038       0x78 c:/progra~2/gnuarm~1/102021~1.10/bin/../lib/gcc/arm-none-eabi/10.3.1/../../../../arm-none-eabi/lib/thumb/v7-m/nofp\libg.a(lib_a-vfiprintf.o)
 .text.__sprint_r
                0x0800d0b0       0x14 c:/progra~2/gnuarm~1/102021~1.10/bin/../lib/gcc/arm-none-eabi/10.3.1/../../../../arm-none-eabi/lib/thumb/v7-m/nofp\libg.a(lib_a-vfiprintf.o)
                0x0800d0b0                __sprint_r
 .text._vfiprintf_r
                0x0800d0c4      0xd98 c:/progra~2/gnuarm~1/102021~1.10/bin/../lib/gcc/arm-none-eabi/10.3.1/../../../../arm-none-eabi/lib/thumb/v7-m/nofp\libg.a(lib_a-vfiprintf.o)
                0x0800d0c4                _vfiprintf_r
 .text.__sbprintf
                0x0800de5c       0x84 c:/progra~2/gnuarm~1/102021~1.10/bin/../lib/gcc/arm-none-eabi/10.3.1/../../../../arm-none-eabi/lib/thumb/v7-m/nofp\libg.a(lib_a-vfiprintf.o)
 .text._write_r
                0x0800dee0       0x2c c:/progra~2/gnuarm~1/102021~1.10/bin/../lib/gcc/arm-none-eabi/10.3.1/../../../../arm-none-eabi/lib/thumb/v7-m/nofp\libg.a(lib_a-writer.o)
                0x0800dee0                _write_r
 .text.__register_exitproc
                0x0800df0c       0x8c c:/progra~2/gnuarm~1/102021~1.10/bin/../lib/gcc/arm-none-eabi/10.3.1/../../../../arm-none-eabi/lib/thumb/v7-m/nofp\libg.a(lib_a-__atexit.o)
                0x0800df0c                __register_exitproc
 .text.__assert_func
                0x0800df98       0x40 c:/progra~2/gnuarm~1/102021~1.10/bin/../lib/gcc/arm-none-eabi/10.3.1/../../../../arm-none-eabi/lib/thumb/v7-m/nofp\libg.a(lib_a-assert.o)
                0x0800df98                __assert_func
 .text._calloc_r
                0x0800dfd8       0x78 c:/progra~2/gnuarm~1/102021~1.10/bin/../lib/gcc/arm-none-eabi/10.3.1/../../../../arm-none-eabi/lib/thumb/v7-m/nofp\libg.a(lib_a-callocr.o)
                0x0800dfd8                _calloc_r
 .text._close_r
                0x0800e050       0x24 c:/progra~2/gnuarm~1/102021~1.10/bin/../lib/gcc/arm-none-eabi/10.3.1/../../../../arm-none-eabi/lib/thumb/v7-m/nofp\libg.a(lib_a-closer.o)
                0x0800e050                _close_r
 .text._fclose_r
                0x0800e074       0xcc c:/progra~2/gnuarm~1/102021~1.10/bin/../lib/gcc/arm-none-eabi/10.3.1/../../../../arm-none-eabi/lib/thumb/v7-m/nofp\libg.a(lib_a-fclose.o)
                0x0800e074                _fclose_r
 .text.fiprintf
                0x0800e140       0x28 c:/progra~2/gnuarm~1/102021~1.10/bin/../lib/gcc/arm-none-eabi/10.3.1/../../../../arm-none-eabi/lib/thumb/v7-m/nofp\libg.a(lib_a-fiprintf.o)
                0x0800e140                fiprintf
 .text.__fputwc
                0x0800e168       0xa0 c:/progra~2/gnuarm~1/102021~1.10/bin/../lib/gcc/arm-none-eabi/10.3.1/../../../../arm-none-eabi/lib/thumb/v7-m/nofp\libg.a(lib_a-fputwc.o)
                0x0800e168                __fputwc
 .text._fputwc_r
                0x0800e208       0x68 c:/progra~2/gnuarm~1/102021~1.10/bin/../lib/gcc/arm-none-eabi/10.3.1/../../../../arm-none-eabi/lib/thumb/v7-m/nofp\libg.a(lib_a-fputwc.o)
                0x0800e208                _fputwc_r
 .text._fstat_r
                0x0800e270       0x28 c:/progra~2/gnuarm~1/102021~1.10/bin/../lib/gcc/arm-none-eabi/10.3.1/../../../../arm-none-eabi/lib/thumb/v7-m/nofp\libg.a(lib_a-fstatr.o)
                0x0800e270                _fstat_r
 .text._isatty_r
                0x0800e298       0x24 c:/progra~2/gnuarm~1/102021~1.10/bin/../lib/gcc/arm-none-eabi/10.3.1/../../../../arm-none-eabi/lib/thumb/v7-m/nofp\libg.a(lib_a-isattyr.o)
                0x0800e298                _isatty_r
 .text.__locale_mb_cur_max
                0x0800e2bc        0xc c:/progra~2/gnuarm~1/102021~1.10/bin/../lib/gcc/arm-none-eabi/10.3.1/../../../../arm-none-eabi/lib/thumb/v7-m/nofp\libg.a(lib_a-locale.o)
                0x0800e2bc                __locale_mb_cur_max
 .text._lseek_r
                0x0800e2c8       0x2c c:/progra~2/gnuarm~1/102021~1.10/bin/../lib/gcc/arm-none-eabi/10.3.1/../../../../arm-none-eabi/lib/thumb/v7-m/nofp\libg.a(lib_a-lseekr.o)
                0x0800e2c8                _lseek_r
 .text.__ascii_mbtowc
                0x0800e2f4       0x2c c:/progra~2/gnuarm~1/102021~1.10/bin/../lib/gcc/arm-none-eabi/10.3.1/../../../../arm-none-eabi/lib/thumb/v7-m/nofp\libg.a(lib_a-mbtowc_r.o)
                0x0800e2f4                __ascii_mbtowc
 .text._read_r  0x0800e320       0x2c c:/progra~2/gnuarm~1/102021~1.10/bin/../lib/gcc/arm-none-eabi/10.3.1/../../../../arm-none-eabi/lib/thumb/v7-m/nofp\libg.a(lib_a-readr.o)
                0x0800e320                _read_r
 .text.__swbuf_r
                0x0800e34c       0xb0 c:/progra~2/gnuarm~1/102021~1.10/bin/../lib/gcc/arm-none-eabi/10.3.1/../../../../arm-none-eabi/lib/thumb/v7-m/nofp\libg.a(lib_a-wbuf.o)
                0x0800e34c                __swbuf_r
 .text._wcrtomb_r
                0x0800e3fc       0x3c c:/progra~2/gnuarm~1/102021~1.10/bin/../lib/gcc/arm-none-eabi/10.3.1/../../../../arm-none-eabi/lib/thumb/v7-m/nofp\libg.a(lib_a-wcrtomb.o)
                0x0800e3fc                _wcrtomb_r
 .text.__ascii_wctomb
                0x0800e438       0x1c c:/progra~2/gnuarm~1/102021~1.10/bin/../lib/gcc/arm-none-eabi/10.3.1/../../../../arm-none-eabi/lib/thumb/v7-m/nofp\libg.a(lib_a-wctomb_r.o)
                0x0800e438                __ascii_wctomb
 .text.abort    0x0800e454       0x10 c:/progra~2/gnuarm~1/102021~1.10/bin/../lib/gcc/arm-none-eabi/10.3.1/../../../../arm-none-eabi/lib/thumb/v7-m/nofp\libg.a(lib_a-abort.o)
                0x0800e454                abort
 .text.raise    0x0800e464       0x5c c:/progra~2/gnuarm~1/102021~1.10/bin/../lib/gcc/arm-none-eabi/10.3.1/../../../../arm-none-eabi/lib/thumb/v7-m/nofp\libg.a(lib_a-signal.o)
                0x0800e464                raise
 .text._kill_r  0x0800e4c0       0x28 c:/progra~2/gnuarm~1/102021~1.10/bin/../lib/gcc/arm-none-eabi/10.3.1/../../../../arm-none-eabi/lib/thumb/v7-m/nofp\libg.a(lib_a-signalr.o)
                0x0800e4c0                _kill_r
 .text._getpid_r
                0x0800e4e8        0x4 c:/progra~2/gnuarm~1/102021~1.10/bin/../lib/gcc/arm-none-eabi/10.3.1/../../../../arm-none-eabi/lib/thumb/v7-m/nofp\libg.a(lib_a-signalr.o)
                0x0800e4e8                _getpid_r
 .text.pow      0x0800e4ec       0xdc c:/progra~2/gnuarm~1/102021~1.10/bin/../lib/gcc/arm-none-eabi/10.3.1/../../../../arm-none-eabi/lib/thumb/v7-m/nofp\libm.a(lib_a-w_pow.o)
                0x0800e4ec                pow
 .text.__ieee754_pow
                0x0800e5c8      0xb08 c:/progra~2/gnuarm~1/102021~1.10/bin/../lib/gcc/arm-none-eabi/10.3.1/../../../../arm-none-eabi/lib/thumb/v7-m/nofp\libm.a(lib_a-e_pow.o)
                0x0800e5c8                __ieee754_pow
 .text.__ieee754_sqrt
                0x0800f0d0      0x18c c:/progra~2/gnuarm~1/102021~1.10/bin/../lib/gcc/arm-none-eabi/10.3.1/../../../../arm-none-eabi/lib/thumb/v7-m/nofp\libm.a(lib_a-e_sqrt.o)
                0x0800f0d0                __ieee754_sqrt
 .text.with_errno
                0x0800f25c       0x18 c:/progra~2/gnuarm~1/102021~1.10/bin/../lib/gcc/arm-none-eabi/10.3.1/../../../../arm-none-eabi/lib/thumb/v7-m/nofp\libm.a(lib_a-math_err.o)
 .text.xflow    0x0800f274       0x30 c:/progra~2/gnuarm~1/102021~1.10/bin/../lib/gcc/arm-none-eabi/10.3.1/../../../../arm-none-eabi/lib/thumb/v7-m/nofp\libm.a(lib_a-math_err.o)
 .text.__math_uflow
                0x0800f2a4        0xc c:/progra~2/gnuarm~1/102021~1.10/bin/../lib/gcc/arm-none-eabi/10.3.1/../../../../arm-none-eabi/lib/thumb/v7-m/nofp\libm.a(lib_a-math_err.o)
                0x0800f2a4                __math_uflow
 .text.__math_oflow
                0x0800f2b0        0xc c:/progra~2/gnuarm~1/102021~1.10/bin/../lib/gcc/arm-none-eabi/10.3.1/../../../../arm-none-eabi/lib/thumb/v7-m/nofp\libm.a(lib_a-math_err.o)
                0x0800f2b0                __math_oflow
 .text.fabs     0x0800f2bc        0x8 c:/progra~2/gnuarm~1/102021~1.10/bin/../lib/gcc/arm-none-eabi/10.3.1/../../../../arm-none-eabi/lib/thumb/v7-m/nofp\libm.a(lib_a-s_fabs.o)
                0x0800f2bc                fabs
 .text.finite   0x0800f2c4        0xc c:/progra~2/gnuarm~1/102021~1.10/bin/../lib/gcc/arm-none-eabi/10.3.1/../../../../arm-none-eabi/lib/thumb/v7-m/nofp\libm.a(lib_a-s_finite.o)
                0x0800f2c4                finite
 .text.scalbn   0x0800f2d0       0xfc c:/progra~2/gnuarm~1/102021~1.10/bin/../lib/gcc/arm-none-eabi/10.3.1/../../../../arm-none-eabi/lib/thumb/v7-m/nofp\libm.a(lib_a-s_scalbn.o)
                0x0800f2d0                scalbn
 *(.glue_7)
 .glue_7        0x0800f3cc        0x0 linker stubs
 *(.glue_7t)
 .glue_7t       0x0800f3cc        0x0 linker stubs
 *(.eh_frame)
 .eh_frame      0x0800f3cc        0x0 c:/progra~2/gnuarm~1/102021~1.10/bin/../lib/gcc/arm-none-eabi/10.3.1/thumb/v7-m/nofp/crtbegin.o
 *(.init)
 .init          0x0800f3cc        0x4 c:/progra~2/gnuarm~1/102021~1.10/bin/../lib/gcc/arm-none-eabi/10.3.1/thumb/v7-m/nofp/crti.o
                0x0800f3cc                _init
 .init          0x0800f3d0        0x8 c:/progra~2/gnuarm~1/102021~1.10/bin/../lib/gcc/arm-none-eabi/10.3.1/thumb/v7-m/nofp/crtn.o
 *(.fini)
 .fini          0x0800f3d8        0x4 c:/progra~2/gnuarm~1/102021~1.10/bin/../lib/gcc/arm-none-eabi/10.3.1/thumb/v7-m/nofp/crti.o
                0x0800f3d8                _fini
 .fini          0x0800f3dc        0x8 c:/progra~2/gnuarm~1/102021~1.10/bin/../lib/gcc/arm-none-eabi/10.3.1/thumb/v7-m/nofp/crtn.o
                0x0800f3e4                . = ALIGN (0x4)
                0x0800f3e4                _etext = .

.vfp11_veneer   0x0800f3e4        0x0
 .vfp11_veneer  0x0800f3e4        0x0 linker stubs

.v4_bx          0x0800f3e4        0x0
 .v4_bx         0x0800f3e4        0x0 linker stubs

.iplt           0x0800f3e4        0x0
 .iplt          0x0800f3e4        0x0 c:/progra~2/gnuarm~1/102021~1.10/bin/../lib/gcc/arm-none-eabi/10.3.1/thumb/v7-m/nofp/crtbegin.o

.rodata         0x0800f3e8     0x115c
                0x0800f3e8                . = ALIGN (0x4)
 *(.rodata)
 *(.rodata*)
 .rodata.OLED_Show.str1.4
                0x0800f3e8       0x5d CMakeFiles/Firmware.elf.dir/Core/Src/Control.c.obj
 *fill*         0x0800f445        0x3 
 .rodata.F6x8   0x0800f448      0x228 CMakeFiles/Firmware.elf.dir/Core/Src/OLED_Font.c.obj
                0x0800f448                F6x8
 .rodata.F8X16  0x0800f670      0x5e0 CMakeFiles/Firmware.elf.dir/Core/Src/OLED_Font.c.obj
                0x0800f670                F8X16
 .rodata.parse_value.str1.4
                0x0800fc50       0x15 CMakeFiles/Firmware.elf.dir/Core/Src/cJSON.c.obj
 *fill*         0x0800fc65        0x3 
 .rodata.firstByteMark
                0x0800fc68        0x7 CMakeFiles/Firmware.elf.dir/Core/Src/cJSON.c.obj
 *fill*         0x0800fc6f        0x1 
 .rodata.main.str1.4
                0x0800fc70       0x54 CMakeFiles/Firmware.elf.dir/Core/Src/main.c.obj
 .rodata.AHBPrescTable
                0x0800fcc4       0x10 CMakeFiles/Firmware.elf.dir/Core/Src/system_stm32f1xx.c.obj
                0x0800fcc4                AHBPrescTable
 .rodata.APBPrescTable
                0x0800fcd4        0x8 CMakeFiles/Firmware.elf.dir/Core/Src/system_stm32f1xx.c.obj
                0x0800fcd4                APBPrescTable
 .rodata.aPLLMULFactorTable.1
                0x0800fcdc       0x10 CMakeFiles/Firmware.elf.dir/Drivers/STM32F1xx_HAL_Driver/Src/stm32f1xx_hal_rcc.c.obj
 .rodata.aPredivFactorTable.0
                0x0800fcec        0x2 CMakeFiles/Firmware.elf.dir/Drivers/STM32F1xx_HAL_Driver/Src/stm32f1xx_hal_rcc.c.obj
 *fill*         0x0800fcee        0x2 
 .rodata.aPLLMULFactorTable.1
                0x0800fcf0       0x10 CMakeFiles/Firmware.elf.dir/Drivers/STM32F1xx_HAL_Driver/Src/stm32f1xx_hal_rcc_ex.c.obj
 .rodata.aPredivFactorTable.0
                0x0800fd00        0x2 CMakeFiles/Firmware.elf.dir/Drivers/STM32F1xx_HAL_Driver/Src/stm32f1xx_hal_rcc_ex.c.obj
 *fill*         0x0800fd02        0x2 
 .rodata.MQTT_UnPacketRecv.str1.4
                0x0800fd04        0x6 CMakeFiles/Firmware.elf.dir/NET/MqttKit.c.obj
 .rodata.MQTT_PacketConnect.str1.4
                0x0800fd0a        0x6 CMakeFiles/Firmware.elf.dir/NET/MqttKit.c.obj
                                  0x1 (size before relaxing)
 *fill*         0x0800fd0a        0x2 
 .rodata.ESP01S_SendData.str1.4
                0x0800fd0c       0x12 CMakeFiles/Firmware.elf.dir/NET/esp8266.c.obj
 *fill*         0x0800fd1e        0x2 
 .rodata.ESP01S_GetIPD.str1.4
                0x0800fd20        0x5 CMakeFiles/Firmware.elf.dir/NET/esp8266.c.obj
 *fill*         0x0800fd25        0x3 
 .rodata.ESP01S_Init.str1.4
                0x0800fd28       0xff CMakeFiles/Firmware.elf.dir/NET/esp8266.c.obj
                                0x103 (size before relaxing)
 *fill*         0x0800fe27        0x1 
 .rodata.OneNet_DevLink.str1.4
                0x0800fe28      0x13d CMakeFiles/Firmware.elf.dir/NET/onenet.c.obj
 *fill*         0x0800ff65        0x3 
 .rodata.OneNet_Subscribe.str1.4
                0x0800ff68       0x16 CMakeFiles/Firmware.elf.dir/NET/onenet.c.obj
 *fill*         0x0800ff7e        0x2 
 .rodata.OneNet_Publish.str1.4
                0x0800ff80       0x1d CMakeFiles/Firmware.elf.dir/NET/onenet.c.obj
 *fill*         0x0800ff9d        0x3 
 .rodata.OneNet_RevPro.str1.4
                0x0800ffa0      0x184 CMakeFiles/Firmware.elf.dir/NET/onenet.c.obj
 .rodata._ctype_
                0x08010124      0x101 c:/progra~2/gnuarm~1/102021~1.10/bin/../lib/gcc/arm-none-eabi/10.3.1/../../../../arm-none-eabi/lib/thumb/v7-m/nofp\libg.a(lib_a-ctype_.o)
                0x08010124                _ctype_
 *fill*         0x08010225        0x3 
 .rodata._global_impure_ptr
                0x08010228        0x4 c:/progra~2/gnuarm~1/102021~1.10/bin/../lib/gcc/arm-none-eabi/10.3.1/../../../../arm-none-eabi/lib/thumb/v7-m/nofp\libg.a(lib_a-impure.o)
                0x08010228                _global_impure_ptr
 .rodata._puts_r.str1.4
                0x0801022c      0x184 c:/progra~2/gnuarm~1/102021~1.10/bin/../lib/gcc/arm-none-eabi/10.3.1/../../../../arm-none-eabi/lib/thumb/v7-m/nofp\libg.a(lib_a-puts.o)
                                  0x2 (size before relaxing)
 .rodata._svfprintf_r.str1.4
                0x0801022c       0x42 c:/progra~2/gnuarm~1/102021~1.10/bin/../lib/gcc/arm-none-eabi/10.3.1/../../../../arm-none-eabi/lib/thumb/v7-m/nofp\libg.a(lib_a-svfprintf.o)
 *fill*         0x0801026e        0x2 
 .rodata.blanks.1
                0x08010270       0x10 c:/progra~2/gnuarm~1/102021~1.10/bin/../lib/gcc/arm-none-eabi/10.3.1/../../../../arm-none-eabi/lib/thumb/v7-m/nofp\libg.a(lib_a-svfprintf.o)
 .rodata.zeroes.0
                0x08010280       0x10 c:/progra~2/gnuarm~1/102021~1.10/bin/../lib/gcc/arm-none-eabi/10.3.1/../../../../arm-none-eabi/lib/thumb/v7-m/nofp\libg.a(lib_a-svfprintf.o)
 .rodata._vfprintf_r.str1.4
                0x08010290       0x42 c:/progra~2/gnuarm~1/102021~1.10/bin/../lib/gcc/arm-none-eabi/10.3.1/../../../../arm-none-eabi/lib/thumb/v7-m/nofp\libg.a(lib_a-vfprintf.o)
 .rodata.blanks.1
                0x08010290       0x10 c:/progra~2/gnuarm~1/102021~1.10/bin/../lib/gcc/arm-none-eabi/10.3.1/../../../../arm-none-eabi/lib/thumb/v7-m/nofp\libg.a(lib_a-vfprintf.o)
 .rodata.zeroes.0
                0x080102a0       0x10 c:/progra~2/gnuarm~1/102021~1.10/bin/../lib/gcc/arm-none-eabi/10.3.1/../../../../arm-none-eabi/lib/thumb/v7-m/nofp\libg.a(lib_a-vfprintf.o)
 .rodata._dtoa_r.str1.4
                0x080102b0       0xa2 c:/progra~2/gnuarm~1/102021~1.10/bin/../lib/gcc/arm-none-eabi/10.3.1/../../../../arm-none-eabi/lib/thumb/v7-m/nofp\libg.a(lib_a-dtoa.o)
                                 0xa6 (size before relaxing)
 *fill*         0x08010352        0x2 
 .rodata.__multadd.str1.4
                0x08010354       0x7f c:/progra~2/gnuarm~1/102021~1.10/bin/../lib/gcc/arm-none-eabi/10.3.1/../../../../arm-none-eabi/lib/thumb/v7-m/nofp\libg.a(lib_a-mprec.o)
                                 0x93 (size before relaxing)
 *fill*         0x080103d3        0x5 
 .rodata.__mprec_bigtens
                0x080103d8       0x28 c:/progra~2/gnuarm~1/102021~1.10/bin/../lib/gcc/arm-none-eabi/10.3.1/../../../../arm-none-eabi/lib/thumb/v7-m/nofp\libg.a(lib_a-mprec.o)
                0x080103d8                __mprec_bigtens
 .rodata.__mprec_tens
                0x08010400       0xc8 c:/progra~2/gnuarm~1/102021~1.10/bin/../lib/gcc/arm-none-eabi/10.3.1/../../../../arm-none-eabi/lib/thumb/v7-m/nofp\libg.a(lib_a-mprec.o)
                0x08010400                __mprec_tens
 .rodata.p05.0  0x080104c8        0xc c:/progra~2/gnuarm~1/102021~1.10/bin/../lib/gcc/arm-none-eabi/10.3.1/../../../../arm-none-eabi/lib/thumb/v7-m/nofp\libg.a(lib_a-mprec.o)
 .rodata._vfiprintf_r.str1.4
                0x080104d4       0x2f c:/progra~2/gnuarm~1/102021~1.10/bin/../lib/gcc/arm-none-eabi/10.3.1/../../../../arm-none-eabi/lib/thumb/v7-m/nofp\libg.a(lib_a-vfiprintf.o)
 .rodata.blanks.1
                0x080104d4       0x10 c:/progra~2/gnuarm~1/102021~1.10/bin/../lib/gcc/arm-none-eabi/10.3.1/../../../../arm-none-eabi/lib/thumb/v7-m/nofp\libg.a(lib_a-vfiprintf.o)
 .rodata.zeroes.0
                0x080104e4       0x10 c:/progra~2/gnuarm~1/102021~1.10/bin/../lib/gcc/arm-none-eabi/10.3.1/../../../../arm-none-eabi/lib/thumb/v7-m/nofp\libg.a(lib_a-vfiprintf.o)
 .rodata.__assert_func.str1.4
                0x080104f4       0x3f c:/progra~2/gnuarm~1/102021~1.10/bin/../lib/gcc/arm-none-eabi/10.3.1/../../../../arm-none-eabi/lib/thumb/v7-m/nofp\libg.a(lib_a-assert.o)
                                 0x43 (size before relaxing)
 *fill*         0x08010533        0x1 
 .rodata._setlocale_r.str1.4
                0x08010534        0xa c:/progra~2/gnuarm~1/102021~1.10/bin/../lib/gcc/arm-none-eabi/10.3.1/../../../../arm-none-eabi/lib/thumb/v7-m/nofp\libg.a(lib_a-locale.o)
                                  0xd (size before relaxing)
 *fill*         0x0801053e        0x2 
 .rodata.str1.4
                0x08010540        0x2 c:/progra~2/gnuarm~1/102021~1.10/bin/../lib/gcc/arm-none-eabi/10.3.1/../../../../arm-none-eabi/lib/thumb/v7-m/nofp\libg.a(lib_a-locale.o)
                0x08010544                . = ALIGN (0x4)
 *fill*         0x08010542        0x2 

.ARM.extab      0x08010544        0x0
                0x08010544                . = ALIGN (0x4)
 *(.ARM.extab* .gnu.linkonce.armextab.*)
                0x08010544                . = ALIGN (0x4)

.ARM            0x08010544        0x8
                0x08010544                . = ALIGN (0x4)
                0x08010544                __exidx_start = .
 *(.ARM.exidx*)
 .ARM.exidx     0x08010544        0x8 c:/progra~2/gnuarm~1/102021~1.10/bin/../lib/gcc/arm-none-eabi/10.3.1/thumb/v7-m/nofp\libgcc.a(_udivmoddi4.o)
                0x0801054c                __exidx_end = .
                0x0801054c                . = ALIGN (0x4)

.rel.dyn        0x0801054c        0x0
 .rel.iplt      0x0801054c        0x0 c:/progra~2/gnuarm~1/102021~1.10/bin/../lib/gcc/arm-none-eabi/10.3.1/thumb/v7-m/nofp/crtbegin.o

.preinit_array  0x0801054c        0x0
                0x0801054c                . = ALIGN (0x4)
                0x0801054c                PROVIDE (__preinit_array_start = .)
 *(.preinit_array*)
                0x0801054c                PROVIDE (__preinit_array_end = .)
                0x0801054c                . = ALIGN (0x4)

.init_array     0x0801054c        0x8
                0x0801054c                . = ALIGN (0x4)
                0x0801054c                PROVIDE (__init_array_start = .)
 *(SORT_BY_NAME(.init_array.*))
 .init_array.00000
                0x0801054c        0x4 c:/progra~2/gnuarm~1/102021~1.10/bin/../lib/gcc/arm-none-eabi/10.3.1/../../../../arm-none-eabi/lib/thumb/v7-m/nofp\libg.a(lib_a-__call_atexit.o)
 *(.init_array*)
 .init_array    0x08010550        0x4 c:/progra~2/gnuarm~1/102021~1.10/bin/../lib/gcc/arm-none-eabi/10.3.1/thumb/v7-m/nofp/crtbegin.o
                0x08010554                PROVIDE (__init_array_end = .)
                0x08010554                . = ALIGN (0x4)

.fini_array     0x08010554        0x4
                0x08010554                . = ALIGN (0x4)
                0x08010554                PROVIDE (__fini_array_start = .)
 *(SORT_BY_NAME(.fini_array.*))
 *(.fini_array*)
 .fini_array    0x08010554        0x4 c:/progra~2/gnuarm~1/102021~1.10/bin/../lib/gcc/arm-none-eabi/10.3.1/thumb/v7-m/nofp/crtbegin.o
                0x08010558                PROVIDE (__fini_array_end = .)
                0x08010558                . = ALIGN (0x4)
                0x08010558                _sidata = LOADADDR (.data)

.data           0x20000000      0x9e0 load address 0x08010558
                0x20000000                . = ALIGN (0x4)
                0x20000000                _sdata = .
 *(.data)
 *(.data*)
 .data.MQ2_threshold
                0x20000000        0x1 CMakeFiles/Firmware.elf.dir/Core/Src/Control.c.obj
                0x20000000                MQ2_threshold
 .data.Mode_Flag
                0x20000001        0x1 CMakeFiles/Firmware.elf.dir/Core/Src/Control.c.obj
                0x20000001                Mode_Flag
 .data.temperature_threshold
                0x20000002        0x1 CMakeFiles/Firmware.elf.dir/Core/Src/Control.c.obj
                0x20000002                temperature_threshold
 .data.humidity
                0x20000003        0x1 CMakeFiles/Firmware.elf.dir/Core/Src/DHT11.c.obj
                0x20000003                humidity
 .data.temperature
                0x20000004        0x1 CMakeFiles/Firmware.elf.dir/Core/Src/DHT11.c.obj
                0x20000004                temperature
 *fill*         0x20000005        0x3 
 .data.CMD_Data
                0x20000008       0x17 CMakeFiles/Firmware.elf.dir/Core/Src/OLED.c.obj
                0x20000008                CMD_Data
 *fill*         0x2000001f        0x1 
 .data.cJSON_free
                0x20000020        0x4 CMakeFiles/Firmware.elf.dir/Core/Src/cJSON.c.obj
 .data.cJSON_malloc
                0x20000024        0x4 CMakeFiles/Firmware.elf.dir/Core/Src/cJSON.c.obj
 .data.SystemCoreClock
                0x20000028        0x4 CMakeFiles/Firmware.elf.dir/Core/Src/system_stm32f1xx.c.obj
                0x20000028                SystemCoreClock
 .data.uwTickFreq
                0x2000002c        0x1 CMakeFiles/Firmware.elf.dir/Drivers/STM32F1xx_HAL_Driver/Src/stm32f1xx_hal.c.obj
                0x2000002c                uwTickFreq
 *fill*         0x2000002d        0x3 
 .data.uwTickPrio
                0x20000030        0x4 CMakeFiles/Firmware.elf.dir/Drivers/STM32F1xx_HAL_Driver/Src/stm32f1xx_hal.c.obj
                0x20000030                uwTickPrio
 .data._impure_ptr
                0x20000034        0x4 c:/progra~2/gnuarm~1/102021~1.10/bin/../lib/gcc/arm-none-eabi/10.3.1/../../../../arm-none-eabi/lib/thumb/v7-m/nofp\libg.a(lib_a-impure.o)
                0x20000034                _impure_ptr
 .data.impure_data
                0x20000038      0x428 c:/progra~2/gnuarm~1/102021~1.10/bin/../lib/gcc/arm-none-eabi/10.3.1/../../../../arm-none-eabi/lib/thumb/v7-m/nofp\libg.a(lib_a-impure.o)
 .data.__malloc_av_
                0x20000460      0x408 c:/progra~2/gnuarm~1/102021~1.10/bin/../lib/gcc/arm-none-eabi/10.3.1/../../../../arm-none-eabi/lib/thumb/v7-m/nofp\libg.a(lib_a-mallocr.o)
                0x20000460                __malloc_av_
 .data.__malloc_sbrk_base
                0x20000868        0x4 c:/progra~2/gnuarm~1/102021~1.10/bin/../lib/gcc/arm-none-eabi/10.3.1/../../../../arm-none-eabi/lib/thumb/v7-m/nofp\libg.a(lib_a-mallocr.o)
                0x20000868                __malloc_sbrk_base
 .data.__malloc_trim_threshold
                0x2000086c        0x4 c:/progra~2/gnuarm~1/102021~1.10/bin/../lib/gcc/arm-none-eabi/10.3.1/../../../../arm-none-eabi/lib/thumb/v7-m/nofp\libg.a(lib_a-mallocr.o)
                0x2000086c                __malloc_trim_threshold
 .data.__atexit_recursive_mutex
                0x20000870        0x4 c:/progra~2/gnuarm~1/102021~1.10/bin/../lib/gcc/arm-none-eabi/10.3.1/../../../../arm-none-eabi/lib/thumb/v7-m/nofp\libg.a(lib_a-__call_atexit.o)
                0x20000870                __atexit_recursive_mutex
 .data.__global_locale
                0x20000874      0x16c c:/progra~2/gnuarm~1/102021~1.10/bin/../lib/gcc/arm-none-eabi/10.3.1/../../../../arm-none-eabi/lib/thumb/v7-m/nofp\libg.a(lib_a-locale.o)
                0x20000874                __global_locale
 *(.RamFunc)
 *(.RamFunc*)
                0x200009e0                . = ALIGN (0x4)
                0x200009e0                _edata = .

.igot.plt       0x200009e0        0x0 load address 0x08010f38
 .igot.plt      0x200009e0        0x0 c:/progra~2/gnuarm~1/102021~1.10/bin/../lib/gcc/arm-none-eabi/10.3.1/thumb/v7-m/nofp/crtbegin.o
                0x200009e0                . = ALIGN (0x4)

.bss            0x200009e0      0x220 load address 0x08010f38
                0x200009e0                _sbss = .
                0x200009e0                __bss_start__ = _sbss
 *(.bss)
 .bss           0x200009e0       0x1c c:/progra~2/gnuarm~1/102021~1.10/bin/../lib/gcc/arm-none-eabi/10.3.1/thumb/v7-m/nofp/crtbegin.o
 *(.bss*)
 .bss.ADC_MQ2   0x200009fc        0x2 CMakeFiles/Firmware.elf.dir/Core/Src/Control.c.obj
                0x200009fc                ADC_MQ2
 .bss.Flash_Flag
                0x200009fe        0x1 CMakeFiles/Firmware.elf.dir/Core/Src/Control.c.obj
                0x200009fe                Flash_Flag
 .bss.MQ2_Flag  0x200009ff        0x1 CMakeFiles/Firmware.elf.dir/Core/Src/Control.c.obj
                0x200009ff                MQ2_Flag
 .bss.Relay_Flag
                0x20000a00        0x1 CMakeFiles/Firmware.elf.dir/Core/Src/Control.c.obj
                0x20000a00                Relay_Flag
 .bss.Steer_Flag
                0x20000a01        0x1 CMakeFiles/Firmware.elf.dir/Core/Src/Control.c.obj
                0x20000a01                Steer_Flag
 .bss.Tem_Flag  0x20000a02        0x1 CMakeFiles/Firmware.elf.dir/Core/Src/Control.c.obj
                0x20000a02                Tem_Flag
 *fill*         0x20000a03        0x1 
 .bss.hadc1     0x20000a04       0x30 CMakeFiles/Firmware.elf.dir/Core/Src/adc.c.obj
                0x20000a04                hadc1
 .bss.ep        0x20000a34        0x4 CMakeFiles/Firmware.elf.dir/Core/Src/cJSON.c.obj
 .bss.hi2c1     0x20000a38       0x54 CMakeFiles/Firmware.elf.dir/Core/Src/i2c.c.obj
                0x20000a38                hi2c1
 .bss.gHuart    0x20000a8c        0x4 CMakeFiles/Firmware.elf.dir/Core/Src/retarget.c.obj
                0x20000a8c                gHuart
 .bss.__sbrk_heap_end
                0x20000a90        0x4 CMakeFiles/Firmware.elf.dir/Core/Src/sysmem.c.obj
 .bss.htim2     0x20000a94       0x48 CMakeFiles/Firmware.elf.dir/Core/Src/tim.c.obj
                0x20000a94                htim2
 .bss.huart1    0x20000adc       0x48 CMakeFiles/Firmware.elf.dir/Core/Src/usart.c.obj
                0x20000adc                huart1
 .bss.huart2    0x20000b24       0x48 CMakeFiles/Firmware.elf.dir/Core/Src/usart.c.obj
                0x20000b24                huart2
 .bss.uwTick    0x20000b6c        0x4 CMakeFiles/Firmware.elf.dir/Drivers/STM32F1xx_HAL_Driver/Src/stm32f1xx_hal.c.obj
                0x20000b6c                uwTick
 .bss.ESP01S_buf
                0x20000b70       0x40 CMakeFiles/Firmware.elf.dir/NET/esp8266.c.obj
                0x20000b70                ESP01S_buf
 .bss.ESP01S_cnt
                0x20000bb0        0x2 CMakeFiles/Firmware.elf.dir/NET/esp8266.c.obj
                0x20000bb0                ESP01S_cnt
 .bss.ESP01S_cntPre
                0x20000bb2        0x2 CMakeFiles/Firmware.elf.dir/NET/esp8266.c.obj
                0x20000bb2                ESP01S_cntPre
 .bss.aRxBuffer
                0x20000bb4        0x1 CMakeFiles/Firmware.elf.dir/NET/esp8266.c.obj
                0x20000bb4                aRxBuffer
 *fill*         0x20000bb5        0x1 
 .bss.pkt_id.0  0x20000bb6        0x2 CMakeFiles/Firmware.elf.dir/NET/onenet.c.obj
 .bss.__malloc_current_mallinfo
                0x20000bb8       0x28 c:/progra~2/gnuarm~1/102021~1.10/bin/../lib/gcc/arm-none-eabi/10.3.1/../../../../arm-none-eabi/lib/thumb/v7-m/nofp\libg.a(lib_a-mallocr.o)
                0x20000bb8                __malloc_current_mallinfo
 .bss.__malloc_max_sbrked_mem
                0x20000be0        0x4 c:/progra~2/gnuarm~1/102021~1.10/bin/../lib/gcc/arm-none-eabi/10.3.1/../../../../arm-none-eabi/lib/thumb/v7-m/nofp\libg.a(lib_a-mallocr.o)
                0x20000be0                __malloc_max_sbrked_mem
 .bss.__malloc_max_total_mem
                0x20000be4        0x4 c:/progra~2/gnuarm~1/102021~1.10/bin/../lib/gcc/arm-none-eabi/10.3.1/../../../../arm-none-eabi/lib/thumb/v7-m/nofp\libg.a(lib_a-mallocr.o)
                0x20000be4                __malloc_max_total_mem
 .bss.__malloc_top_pad
                0x20000be8        0x4 c:/progra~2/gnuarm~1/102021~1.10/bin/../lib/gcc/arm-none-eabi/10.3.1/../../../../arm-none-eabi/lib/thumb/v7-m/nofp\libg.a(lib_a-mallocr.o)
                0x20000be8                __malloc_top_pad
 .bss.__lock___atexit_recursive_mutex
                0x20000bec        0x1 c:/progra~2/gnuarm~1/102021~1.10/bin/../lib/gcc/arm-none-eabi/10.3.1/../../../../arm-none-eabi/lib/thumb/v7-m/nofp\libg.a(lib_a-lock.o)
                0x20000bec                __lock___atexit_recursive_mutex
 *fill*         0x20000bed        0x3 
 .bss.__lock___malloc_recursive_mutex
                0x20000bf0        0x1 c:/progra~2/gnuarm~1/102021~1.10/bin/../lib/gcc/arm-none-eabi/10.3.1/../../../../arm-none-eabi/lib/thumb/v7-m/nofp\libg.a(lib_a-lock.o)
                0x20000bf0                __lock___malloc_recursive_mutex
 *fill*         0x20000bf1        0x3 
 .bss.__lock___sfp_recursive_mutex
                0x20000bf4        0x1 c:/progra~2/gnuarm~1/102021~1.10/bin/../lib/gcc/arm-none-eabi/10.3.1/../../../../arm-none-eabi/lib/thumb/v7-m/nofp\libg.a(lib_a-lock.o)
                0x20000bf4                __lock___sfp_recursive_mutex
 *fill*         0x20000bf5        0x3 
 .bss.__lock___sinit_recursive_mutex
                0x20000bf8        0x1 c:/progra~2/gnuarm~1/102021~1.10/bin/../lib/gcc/arm-none-eabi/10.3.1/../../../../arm-none-eabi/lib/thumb/v7-m/nofp\libg.a(lib_a-lock.o)
                0x20000bf8                __lock___sinit_recursive_mutex
 *fill*         0x20000bf9        0x3 
 .bss.errno     0x20000bfc        0x4 c:/progra~2/gnuarm~1/102021~1.10/bin/../lib/gcc/arm-none-eabi/10.3.1/../../../../arm-none-eabi/lib/thumb/v7-m/nofp\libg.a(lib_a-reent.o)
                0x20000bfc                errno
 *(COMMON)
                0x20000c00                . = ALIGN (0x4)
                0x20000c00                _ebss = .
                0x20000c00                __bss_end__ = _ebss

._user_heap_stack
                0x20000c00      0x600 load address 0x08010f38
                0x20000c00                . = ALIGN (0x8)
                [!provide]                PROVIDE (end = .)
                0x20000c00                PROVIDE (_end = .)
                0x20000e00                . = (. + _Min_Heap_Size)
 *fill*         0x20000c00      0x200 
                0x20001200                . = (. + _Min_Stack_Size)
 *fill*         0x20000e00      0x400 
                0x20001200                . = ALIGN (0x8)

/DISCARD/
 libc.a(*)
 libm.a(*)
 libgcc.a(*)

.ARM.attributes
                0x00000000       0x29
 *(.ARM.attributes)
 .ARM.attributes
                0x00000000       0x1d c:/progra~2/gnuarm~1/102021~1.10/bin/../lib/gcc/arm-none-eabi/10.3.1/thumb/v7-m/nofp/crti.o
 .ARM.attributes
                0x0000001d       0x2d c:/progra~2/gnuarm~1/102021~1.10/bin/../lib/gcc/arm-none-eabi/10.3.1/thumb/v7-m/nofp/crtbegin.o
 .ARM.attributes
                0x0000004a       0x2d CMakeFiles/Firmware.elf.dir/Core/Src/BEEP.c.obj
 .ARM.attributes
                0x00000077       0x2d CMakeFiles/Firmware.elf.dir/Core/Src/Control.c.obj
 .ARM.attributes
                0x000000a4       0x2d CMakeFiles/Firmware.elf.dir/Core/Src/DHT11.c.obj
 .ARM.attributes
                0x000000d1       0x2d CMakeFiles/Firmware.elf.dir/Core/Src/OLED.c.obj
 .ARM.attributes
                0x000000fe       0x2d CMakeFiles/Firmware.elf.dir/Core/Src/OLED_Font.c.obj
 .ARM.attributes
                0x0000012b       0x2d CMakeFiles/Firmware.elf.dir/Core/Src/adc.c.obj
 .ARM.attributes
                0x00000158       0x2d CMakeFiles/Firmware.elf.dir/Core/Src/cJSON.c.obj
 .ARM.attributes
                0x00000185       0x2d CMakeFiles/Firmware.elf.dir/Core/Src/gpio.c.obj
 .ARM.attributes
                0x000001b2       0x2d CMakeFiles/Firmware.elf.dir/Core/Src/i2c.c.obj
 .ARM.attributes
                0x000001df       0x2d CMakeFiles/Firmware.elf.dir/Core/Src/main.c.obj
 .ARM.attributes
                0x0000020c       0x2d CMakeFiles/Firmware.elf.dir/Core/Src/retarget.c.obj
 .ARM.attributes
                0x00000239       0x2d CMakeFiles/Firmware.elf.dir/Core/Src/stm32f1xx_hal_msp.c.obj
 .ARM.attributes
                0x00000266       0x2d CMakeFiles/Firmware.elf.dir/Core/Src/stm32f1xx_it.c.obj
 .ARM.attributes
                0x00000293       0x2d CMakeFiles/Firmware.elf.dir/Core/Src/syscalls.c.obj
 .ARM.attributes
                0x000002c0       0x2d CMakeFiles/Firmware.elf.dir/Core/Src/sysmem.c.obj
 .ARM.attributes
                0x000002ed       0x2d CMakeFiles/Firmware.elf.dir/Core/Src/system_stm32f1xx.c.obj
 .ARM.attributes
                0x0000031a       0x2d CMakeFiles/Firmware.elf.dir/Core/Src/tim.c.obj
 .ARM.attributes
                0x00000347       0x2d CMakeFiles/Firmware.elf.dir/Core/Src/usart.c.obj
 .ARM.attributes
                0x00000374       0x21 CMakeFiles/Firmware.elf.dir/Core/Startup/startup_stm32f103cbtx.s.obj
 .ARM.attributes
                0x00000395       0x2d CMakeFiles/Firmware.elf.dir/Drivers/STM32F1xx_HAL_Driver/Src/stm32f1xx_hal.c.obj
 .ARM.attributes
                0x000003c2       0x2d CMakeFiles/Firmware.elf.dir/Drivers/STM32F1xx_HAL_Driver/Src/stm32f1xx_hal_adc.c.obj
 .ARM.attributes
                0x000003ef       0x2d CMakeFiles/Firmware.elf.dir/Drivers/STM32F1xx_HAL_Driver/Src/stm32f1xx_hal_adc_ex.c.obj
 .ARM.attributes
                0x0000041c       0x2d CMakeFiles/Firmware.elf.dir/Drivers/STM32F1xx_HAL_Driver/Src/stm32f1xx_hal_cortex.c.obj
 .ARM.attributes
                0x00000449       0x2d CMakeFiles/Firmware.elf.dir/Drivers/STM32F1xx_HAL_Driver/Src/stm32f1xx_hal_dma.c.obj
 .ARM.attributes
                0x00000476       0x2d CMakeFiles/Firmware.elf.dir/Drivers/STM32F1xx_HAL_Driver/Src/stm32f1xx_hal_gpio.c.obj
 .ARM.attributes
                0x000004a3       0x2d CMakeFiles/Firmware.elf.dir/Drivers/STM32F1xx_HAL_Driver/Src/stm32f1xx_hal_i2c.c.obj
 .ARM.attributes
                0x000004d0       0x2d CMakeFiles/Firmware.elf.dir/Drivers/STM32F1xx_HAL_Driver/Src/stm32f1xx_hal_rcc.c.obj
 .ARM.attributes
                0x000004fd       0x2d CMakeFiles/Firmware.elf.dir/Drivers/STM32F1xx_HAL_Driver/Src/stm32f1xx_hal_rcc_ex.c.obj